Archive member included to satisfy reference by file (symbol)

/Applications/STM32CubeIDE.app/Contents/Eclipse/plugins/com.st.stm32cube.ide.mcu.externaltools.gnu-tools-for-stm32.12.3.rel1.macos64_1.0.200.202406191456/tools/bin/../lib/gcc/arm-none-eabi/12.3.1/../../../../arm-none-eabi/lib/thumb/v7e-m+fp/hard/libc_nano.a(libc_a-exit.o)
                              /Applications/STM32CubeIDE.app/Contents/Eclipse/plugins/com.st.stm32cube.ide.mcu.externaltools.gnu-tools-for-stm32.12.3.rel1.macos64_1.0.200.202406191456/tools/bin/../lib/gcc/arm-none-eabi/12.3.1/../../../../arm-none-eabi/lib/thumb/v7e-m+fp/hard/crt0.o (exit)
/Applications/STM32CubeIDE.app/Contents/Eclipse/plugins/com.st.stm32cube.ide.mcu.externaltools.gnu-tools-for-stm32.12.3.rel1.macos64_1.0.200.202406191456/tools/bin/../lib/gcc/arm-none-eabi/12.3.1/../../../../arm-none-eabi/lib/thumb/v7e-m+fp/hard/libc_nano.a(libc_a-malloc.o)
                              ./Middlewares/ST/STM32_USB_Host_Library/Class/CDC/Src/usbh_cdc.o (malloc)
/Applications/STM32CubeIDE.app/Contents/Eclipse/plugins/com.st.stm32cube.ide.mcu.externaltools.gnu-tools-for-stm32.12.3.rel1.macos64_1.0.200.202406191456/tools/bin/../lib/gcc/arm-none-eabi/12.3.1/../../../../arm-none-eabi/lib/thumb/v7e-m+fp/hard/libc_nano.a(libc_a-mallocr.o)
                              /Applications/STM32CubeIDE.app/Contents/Eclipse/plugins/com.st.stm32cube.ide.mcu.externaltools.gnu-tools-for-stm32.12.3.rel1.macos64_1.0.200.202406191456/tools/bin/../lib/gcc/arm-none-eabi/12.3.1/../../../../arm-none-eabi/lib/thumb/v7e-m+fp/hard/libc_nano.a(libc_a-malloc.o) (_malloc_r)
/Applications/STM32CubeIDE.app/Contents/Eclipse/plugins/com.st.stm32cube.ide.mcu.externaltools.gnu-tools-for-stm32.12.3.rel1.macos64_1.0.200.202406191456/tools/bin/../lib/gcc/arm-none-eabi/12.3.1/../../../../arm-none-eabi/lib/thumb/v7e-m+fp/hard/libc_nano.a(libc_a-mlock.o)
                              /Applications/STM32CubeIDE.app/Contents/Eclipse/plugins/com.st.stm32cube.ide.mcu.externaltools.gnu-tools-for-stm32.12.3.rel1.macos64_1.0.200.202406191456/tools/bin/../lib/gcc/arm-none-eabi/12.3.1/../../../../arm-none-eabi/lib/thumb/v7e-m+fp/hard/libc_nano.a(libc_a-mallocr.o) (__malloc_lock)
/Applications/STM32CubeIDE.app/Contents/Eclipse/plugins/com.st.stm32cube.ide.mcu.externaltools.gnu-tools-for-stm32.12.3.rel1.macos64_1.0.200.202406191456/tools/bin/../lib/gcc/arm-none-eabi/12.3.1/../../../../arm-none-eabi/lib/thumb/v7e-m+fp/hard/libc_nano.a(libc_a-findfp.o)
                              /Applications/STM32CubeIDE.app/Contents/Eclipse/plugins/com.st.stm32cube.ide.mcu.externaltools.gnu-tools-for-stm32.12.3.rel1.macos64_1.0.200.202406191456/tools/bin/../lib/gcc/arm-none-eabi/12.3.1/../../../../arm-none-eabi/lib/thumb/v7e-m+fp/hard/libc_nano.a(libc_a-exit.o) (__stdio_exit_handler)
/Applications/STM32CubeIDE.app/Contents/Eclipse/plugins/com.st.stm32cube.ide.mcu.externaltools.gnu-tools-for-stm32.12.3.rel1.macos64_1.0.200.202406191456/tools/bin/../lib/gcc/arm-none-eabi/12.3.1/../../../../arm-none-eabi/lib/thumb/v7e-m+fp/hard/libc_nano.a(libc_a-fwalk.o)
                              /Applications/STM32CubeIDE.app/Contents/Eclipse/plugins/com.st.stm32cube.ide.mcu.externaltools.gnu-tools-for-stm32.12.3.rel1.macos64_1.0.200.202406191456/tools/bin/../lib/gcc/arm-none-eabi/12.3.1/../../../../arm-none-eabi/lib/thumb/v7e-m+fp/hard/libc_nano.a(libc_a-findfp.o) (_fwalk_sglue)
/Applications/STM32CubeIDE.app/Contents/Eclipse/plugins/com.st.stm32cube.ide.mcu.externaltools.gnu-tools-for-stm32.12.3.rel1.macos64_1.0.200.202406191456/tools/bin/../lib/gcc/arm-none-eabi/12.3.1/../../../../arm-none-eabi/lib/thumb/v7e-m+fp/hard/libc_nano.a(libc_a-memset.o)
                              /Applications/STM32CubeIDE.app/Contents/Eclipse/plugins/com.st.stm32cube.ide.mcu.externaltools.gnu-tools-for-stm32.12.3.rel1.macos64_1.0.200.202406191456/tools/bin/../lib/gcc/arm-none-eabi/12.3.1/../../../../arm-none-eabi/lib/thumb/v7e-m+fp/hard/crt0.o (memset)
/Applications/STM32CubeIDE.app/Contents/Eclipse/plugins/com.st.stm32cube.ide.mcu.externaltools.gnu-tools-for-stm32.12.3.rel1.macos64_1.0.200.202406191456/tools/bin/../lib/gcc/arm-none-eabi/12.3.1/../../../../arm-none-eabi/lib/thumb/v7e-m+fp/hard/libc_nano.a(libc_a-impure.o)
                              /Applications/STM32CubeIDE.app/Contents/Eclipse/plugins/com.st.stm32cube.ide.mcu.externaltools.gnu-tools-for-stm32.12.3.rel1.macos64_1.0.200.202406191456/tools/bin/../lib/gcc/arm-none-eabi/12.3.1/../../../../arm-none-eabi/lib/thumb/v7e-m+fp/hard/libc_nano.a(libc_a-malloc.o) (_impure_ptr)
/Applications/STM32CubeIDE.app/Contents/Eclipse/plugins/com.st.stm32cube.ide.mcu.externaltools.gnu-tools-for-stm32.12.3.rel1.macos64_1.0.200.202406191456/tools/bin/../lib/gcc/arm-none-eabi/12.3.1/../../../../arm-none-eabi/lib/thumb/v7e-m+fp/hard/libc_nano.a(libc_a-sbrkr.o)
[...]
Memory Configuration

Name             Origin             Length             Attributes
CCMRAM           0x10000000         0x00010000         xrw
RAM              0x20000000         0x00020000         xrw
FLASH            0x08000000         0x00100000         xr
*default*        0x00000000         0xffffffff

Linker script and memory map

LOAD /Applications/STM32CubeIDE.app/Contents/Eclipse/plugins/com.st.stm32cube.ide.mcu.externaltools.gnu-tools-for-stm32.12.3.rel1.macos64_1.0.200.202406191456/tools/bin/../lib/gcc/arm-none-eabi/12.3.1/thumb/v7e-m+fp/hard/crti.o
LOAD /Applications/STM32CubeIDE.app/Contents/Eclipse/plugins/com.st.stm32cube.ide.mcu.externaltools.gnu-tools-for-stm32.12.3.rel1.macos64_1.0.200.202406191456/tools/bin/../lib/gcc/arm-none-eabi/12.3.1/thumb/v7e-m+fp/hard/crtbegin.o
LOAD /Applications/STM32CubeIDE.app/Contents/Eclipse/plugins/com.st.stm32cube.ide.mcu.externaltools.gnu-tools-for-stm32.12.3.rel1.macos64_1.0.200.202406191456/tools/bin/../lib/gcc/arm-none-eabi/12.3.1/../../../../arm-none-eabi/lib/thumb/v7e-m+fp/hard/crt0.o
LOAD ./Core/Src/ICM20948.o
LOAD ./Core/Src/controller.o
LOAD ./Core/Src/main.o
LOAD ./Core/Src/stm32f4xx_hal_msp.o
LOAD ./Core/Src/stm32f4xx_it.o
LOAD ./Core/Src/syscalls.o
LOAD ./Core/Src/sysmem.o
LOAD ./Core/Src/system_stm32f4xx.o
LOAD ./Core/Startup/startup_stm32f407vgtx.o
LOAD ./Drivers/STM32F4xx_HAL_Driver/Src/stm32f4xx_hal.o
LOAD ./Drivers/STM32F4xx_HAL_Driver/Src/stm32f4xx_hal_cortex.o
LOAD ./Drivers/STM32F4xx_HAL_Driver/Src/stm32f4xx_hal_dma.o
LOAD ./Drivers/STM32F4xx_HAL_Driver/Src/stm32f4xx_hal_dma_ex.o
LOAD ./Drivers/STM32F4xx_HAL_Driver/Src/stm32f4xx_hal_exti.o
LOAD ./Drivers/STM32F4xx_HAL_Driver/Src/stm32f4xx_hal_flash.o
LOAD ./Drivers/STM32F4xx_HAL_Driver/Src/stm32f4xx_hal_flash_ex.o
LOAD ./Drivers/STM32F4xx_HAL_Driver/Src/stm32f4xx_hal_flash_ramfunc.o
LOAD ./Drivers/STM32F4xx_HAL_Driver/Src/stm32f4xx_hal_gpio.o
LOAD ./Drivers/STM32F4xx_HAL_Driver/Src/stm32f4xx_hal_hcd.o
LOAD ./Drivers/STM32F4xx_HAL_Driver/Src/stm32f4xx_hal_i2c.o
LOAD ./Drivers/STM32F4xx_HAL_Driver/Src/stm32f4xx_hal_i2c_ex.o
LOAD ./Drivers/STM32F4xx_HAL_Driver/Src/stm32f4xx_hal_i2s.o
LOAD ./Drivers/STM32F4xx_HAL_Driver/Src/stm32f4xx_hal_i2s_ex.o
LOAD ./Drivers/STM32F4xx_HAL_Driver/Src/stm32f4xx_hal_pwr.o
LOAD ./Drivers/STM32F4xx_HAL_Driver/Src/stm32f4xx_hal_pwr_ex.o
LOAD ./Drivers/STM32F4xx_HAL_Driver/Src/stm32f4xx_hal_rcc.o
LOAD ./Drivers/STM32F4xx_HAL_Driver/Src/stm32f4xx_hal_rcc_ex.o
LOAD ./Drivers/STM32F4xx_HAL_Driver/Src/stm32f4xx_hal_spi.o
LOAD ./Drivers/STM32F4xx_HAL_Driver/Src/stm32f4xx_hal_tim.o
LOAD ./Drivers/STM32F4xx_HAL_Driver/Src/stm32f4xx_hal_tim_ex.o
LOAD ./Drivers/STM32F4xx_HAL_Driver/Src/stm32f4xx_ll_usb.o
LOAD ./Middlewares/ST/STM32_USB_Host_Library/Class/CDC/Src/usbh_cdc.o
LOAD ./Middlewares/ST/STM32_USB_Host_Library/Core/Src/usbh_core.o
LOAD ./Middlewares/ST/STM32_USB_Host_Library/Core/Src/usbh_ctlreq.o
LOAD ./Middlewares/ST/STM32_USB_Host_Library/Core/Src/usbh_ioreq.o
LOAD ./Middlewares/ST/STM32_USB_Host_Library/Core/Src/usbh_pipes.o
LOAD ./USB_HOST/App/usb_host.o
LOAD ./USB_HOST/Target/usbh_conf.o
LOAD ./USB_HOST/Target/usbh_platform.o
START GROUP
LOAD /Applications/STM32CubeIDE.app/Contents/Eclipse/plugins/com.st.stm32cube.ide.mcu.externaltools.gnu-tools-for-stm32.12.3.rel1.macos64_1.0.200.202406191456/tools/bin/../lib/gcc/arm-none-eabi/12.3.1/../../../../arm-none-eabi/lib/thumb/v7e-m+fp/hard/libc_nano.a
LOAD /Applications/STM32CubeIDE.app/Contents/Eclipse/plugins/com.st.stm32cube.ide.mcu.externaltools.gnu-tools-for-stm32.12.3.rel1.macos64_1.0.200.202406191456/tools/bin/../lib/gcc/arm-none-eabi/12.3.1/../../../../arm-none-eabi/lib/thumb/v7e-m+fp/hard/libm.a
END GROUP
START GROUP
LOAD /Applications/STM32CubeIDE.app/Contents/Eclipse/plugins/com.st.stm32cube.ide.mcu.externaltools.gnu-tools-for-stm32.12.3.rel1.macos64_1.0.200.202406191456/tools/bin/../lib/gcc/arm-none-eabi/12.3.1/thumb/v7e-m+fp/hard/libgcc.a
LOAD /Applications/STM32CubeIDE.app/Contents/Eclipse/plugins/com.st.stm32cube.ide.mcu.externaltools.gnu-tools-for-stm32.12.3.rel1.macos64_1.0.200.202406191456/tools/bin/../lib/gcc/arm-none-eabi/12.3.1/../../../../arm-none-eabi/lib/thumb/v7e-m+fp/hard/libc_nano.a
END GROUP
START GROUP
LOAD /Applications/STM32CubeIDE.app/Contents/Eclipse/plugins/com.st.stm32cube.ide.mcu.externaltools.gnu-tools-for-stm32.12.3.rel1.macos64_1.0.200.202406191456/tools/bin/../lib/gcc/arm-none-eabi/12.3.1/thumb/v7e-m+fp/hard/libgcc.a
LOAD /Applications/STM32CubeIDE.app/Contents/Eclipse/plugins/com.st.stm32cube.ide.mcu.externaltools.gnu-tools-for-stm32.12.3.rel1.macos64_1.0.200.202406191456/tools/bin/../lib/gcc/arm-none-eabi/12.3.1/../../../../arm-none-eabi/lib/thumb/v7e-m+fp/hard/libc_nano.a
LOAD /Applications/STM32CubeIDE.app/Contents/Eclipse/plugins/com.st.stm32cube.ide.mcu.externaltools.gnu-tools-for-stm32.12.3.rel1.macos64_1.0.200.202406191456/tools/bin/../lib/gcc/arm-none-eabi/12.3.1/../../../../arm-none-eabi/lib/thumb/v7e-m+fp/hard/libnosys.a
END GROUP
START GROUP
LOAD /Applications/STM32CubeIDE.app/Contents/Eclipse/plugins/com.st.stm32cube.ide.mcu.externaltools.gnu-tools-for-stm32.12.3.rel1.macos64_1.0.200.202406191456/tools/bin/../lib/gcc/arm-none-eabi/12.3.1/thumb/v7e-m+fp/hard/libgcc.a
LOAD /Applications/STM32CubeIDE.app/Contents/Eclipse/plugins/com.st.stm32cube.ide.mcu.externaltools.gnu-tools-for-stm32.12.3.rel1.macos64_1.0.200.202406191456/tools/bin/../lib/gcc/arm-none-eabi/12.3.1/../../../../arm-none-eabi/lib/thumb/v7e-m+fp/hard/libc_nano.a
LOAD /Applications/STM32CubeIDE.app/Contents/Eclipse/plugins/com.st.stm32cube.ide.mcu.externaltools.gnu-tools-for-stm32.12.3.rel1.macos64_1.0.200.202406191456/tools/bin/../lib/gcc/arm-none-eabi/12.3.1/../../../../arm-none-eabi/lib/thumb/v7e-m+fp/hard/libnosys.a
END GROUP
LOAD /Applications/STM32CubeIDE.app/Contents/Eclipse/plugins/com.st.stm32cube.ide.mcu.externaltools.gnu-tools-for-stm32.12.3.rel1.macos64_1.0.200.202406191456/tools/bin/../lib/gcc/arm-none-eabi/12.3.1/thumb/v7e-m+fp/hard/crtend.o
LOAD /Applications/STM32CubeIDE.app/Contents/Eclipse/plugins/com.st.stm32cube.ide.mcu.externaltools.gnu-tools-for-stm32.12.3.rel1.macos64_1.0.200.202406191456/tools/bin/../lib/gcc/arm-none-eabi/12.3.1/thumb/v7e-m+fp/hard/crtn.o
                0x20020000                        _estack = (ORIGIN (RAM) + LENGTH (RAM))
                0x00000200                        _Min_Heap_Size = 0x200
                0x00000400                        _Min_Stack_Size = 0x400

.isr_vector     0x08000000      0x188
                0x08000000                        . = ALIGN (0x4)
 *(.isr_vector)
 .isr_vector    0x08000000      0x188 ./Core/Startup/startup_stm32f407vgtx.o
                0x08000000                g_pfnVectors
                0x08000188                        . = ALIGN (0x4)

.text           0x08000188     0xa464
                0x08000188                        . = ALIGN (0x4)
 *(.text)
 .text          0x08000188       0x40 /Applications/STM32CubeIDE.app/Contents/Eclipse/plugins/com.st.stm32cube.ide.mcu.externaltools.gnu-tools-for-stm32.12.3.rel1.macos64_1.0.200.202406191456/tools/bin/../lib/gcc/arm-none-eabi/12.3.1/thumb/v7e-m+fp/hard/crtbegin.o
 .text          0x080001c8       0x30 /Applications/STM32CubeIDE.app/Contents/Eclipse/plugins/com.st.stm32cube.ide.mcu.externaltools.gnu-tools-for-stm32.12.3.rel1.macos64_1.0.200.202406191456/tools/bin/../lib/gcc/arm-none-eabi/12.3.1/thumb/v7e-m+fp/hard/libgcc.a(_aeabi_uldivmod.o)
                0x080001c8                __aeabi_uldivmod
 .text          0x080001f8      0x2bc /Applications/STM32CubeIDE.app/Contents/Eclipse/plugins/com.st.stm32cube.ide.mcu.externaltools.gnu-tools-for-stm32.12.3.rel1.macos64_1.0.200.202406191456/tools/bin/../lib/gcc/arm-none-eabi/12.3.1/thumb/v7e-m+fp/hard/libgcc.a(_udivmoddi4.o)
                0x080001f8                __udivmoddi4
 .text          0x080004b4        0x4 /Applications/STM32CubeIDE.app/Contents/Eclipse/plugins/com.st.stm32cube.ide.mcu.externaltools.gnu-tools-for-stm32.12.3.rel1.macos64_1.0.200.202406191456/tools/bin/../lib/gcc/arm-none-eabi/12.3.1/thumb/v7e-m+fp/hard/libgcc.a(_dvmd_tls.o)
                0x080004b4                __aeabi_ldiv0
                0x080004b4                __aeabi_idiv0
 *(.text*)
 .text.icm20948_init
                0x080004b8       0x94 ./Core/Src/ICM20948.o
                0x080004b8                icm20948_init
 .text.icm20948_gyro_read
                0x0800054c       0x82 ./Core/Src/ICM20948.o
                0x0800054c                icm20948_gyro_read
 *fill*         0x080005ce        0x2 
 .text.icm20948_accel_read
                0x080005d0       0x90 ./Core/Src/ICM20948.o
                0x080005d0                icm20948_accel_read
 .text.icm20948_gyro_read_dps
                0x08000660       0x60 ./Core/Src/ICM20948.o
                0x08000660                icm20948_gyro_read_dps
 .text.icm20948_accel_read_g
                0x080006c0       0x60 ./Core/Src/ICM20948.o
                0x080006c0                icm20948_accel_read_g
 .text.icm20948_who_am_i
                0x08000720       0x40 ./Core/Src/ICM20948.o
                0x08000720                icm20948_who_am_i
 .text.icm20948_device_reset
                0x08000760       0x3c ./Core/Src/ICM20948.o
                0x08000760                icm20948_device_reset
 .text.icm20948_wakeup
                0x0800079c       0x62 ./Core/Src/ICM20948.o
                0x0800079c                icm20948_wakeup
 .text.icm20948_spi_slave_enable
                0x080007fe       0x62 ./Core/Src/ICM20948.o
                0x080007fe                icm20948_spi_slave_enable
 .text.icm20948_clock_source
                0x08000860       0x8a ./Core/Src/ICM20948.o
                0x08000860                icm20948_clock_source
 .text.icm20948_odr_align_enable
                0x080008ea       0x62 ./Core/Src/ICM20948.o
                0x080008ea                icm20948_odr_align_enable
 .text.icm20948_gyro_low_pass_filter
                0x0800094c       0x86 ./Core/Src/ICM20948.o
                0x0800094c                icm20948_gyro_low_pass_filter
 .text.icm20948_accel_low_pass_filter
                0x080009d2       0x86 ./Core/Src/ICM20948.o
                0x080009d2                icm20948_accel_low_pass_filter
 .text.icm20948_gyro_sample_rate_divider
                0x08000a58       0x34 ./Core/Src/ICM20948.o
                0x08000a58                icm20948_gyro_sample_rate_divider
 .text.icm20948_accel_sample_rate_divider
                0x08000a8c       0x72 ./Core/Src/ICM20948.o
                0x08000a8c                icm20948_accel_sample_rate_divider
 *fill*         0x08000afe        0x2 
 .text.icm20948_gyro_calibration
                0x08000b00      0x154 ./Core/Src/ICM20948.o
                0x08000b00                icm20948_gyro_calibration
 .text.icm20948_accel_calibration
                0x08000c54      0x284 ./Core/Src/ICM20948.o
                0x08000c54                icm20948_accel_calibration
 .text.icm20948_gyro_full_scale_select
                0x08000ed8       0xc8 ./Core/Src/ICM20948.o
                0x08000ed8                icm20948_gyro_full_scale_select
 .text.icm20948_accel_full_scale_select
                0x08000fa0       0xc0 ./Core/Src/ICM20948.o
                0x08000fa0                icm20948_accel_full_scale_select
 .text.check_System_Status_Action
                0x08001060       0xd4 ./Core/Src/controller.o
                0x08001060                check_System_Status_Action
 .text.system_Init
                0x08001134       0x60 ./Core/Src/controller.o
                0x08001134                system_Init
 .text.system_Controller
                0x08001194       0x58 ./Core/Src/controller.o
                0x08001194                system_Controller
 .text.main     0x080011ec       0x4c ./Core/Src/main.o
                0x080011ec                main
 .text.SystemClock_Config
                0x08001238       0xd4 ./Core/Src/main.o
                0x08001238                SystemClock_Config
 .text.MX_I2C1_Init
                0x0800130c       0x5c ./Core/Src/main.o
 .text.MX_I2S3_Init
                0x08001368       0x60 ./Core/Src/main.o
 .text.MX_SPI1_Init
                0x080013c8       0x6c ./Core/Src/main.o
 .text.MX_GPIO_Init
                0x08001434      0x1fc ./Core/Src/main.o
 .text.Error_Handler
                0x08001630        0xc ./Core/Src/main.o
                0x08001630                Error_Handler
 .text.HAL_MspInit
                0x0800163c       0x50 ./Core/Src/stm32f4xx_hal_msp.o
                0x0800163c                HAL_MspInit
 .text.HAL_I2C_MspInit
                0x0800168c       0x90 ./Core/Src/stm32f4xx_hal_msp.o
                0x0800168c                HAL_I2C_MspInit
 .text.HAL_I2S_MspInit
                0x0800171c      0x100 ./Core/Src/stm32f4xx_hal_msp.o
                0x0800171c                HAL_I2S_MspInit
 .text.HAL_SPI_MspInit
                0x0800181c       0x90 ./Core/Src/stm32f4xx_hal_msp.o
                0x0800181c                HAL_SPI_MspInit
 .text.NMI_Handler
                0x080018ac        0x8 ./Core/Src/stm32f4xx_it.o
                0x080018ac                NMI_Handler
 .text.HardFault_Handler
                0x080018b4        0x8 ./Core/Src/stm32f4xx_it.o
                0x080018b4                HardFault_Handler
 .text.MemManage_Handler
                0x080018bc        0x8 ./Core/Src/stm32f4xx_it.o
                0x080018bc                MemManage_Handler
 .text.BusFault_Handler
                0x080018c4        0x8 ./Core/Src/stm32f4xx_it.o
                0x080018c4                BusFault_Handler
 .text.UsageFault_Handler
                0x080018cc        0x8 ./Core/Src/stm32f4xx_it.o
                0x080018cc                UsageFault_Handler
 .text.SVC_Handler
                0x080018d4        0xe ./Core/Src/stm32f4xx_it.o
                0x080018d4                SVC_Handler
 .text.DebugMon_Handler
                0x080018e2        0xe ./Core/Src/stm32f4xx_it.o
                0x080018e2                DebugMon_Handler
 .text.PendSV_Handler
                0x080018f0        0xe ./Core/Src/stm32f4xx_it.o
                0x080018f0                PendSV_Handler
 .text.SysTick_Handler
                0x080018fe        0xc ./Core/Src/stm32f4xx_it.o
                0x080018fe                SysTick_Handler
 *fill*         0x0800190a        0x2 
 .text.OTG_FS_IRQHandler
                0x0800190c       0x14 ./Core/Src/stm32f4xx_it.o
                0x0800190c                OTG_FS_IRQHandler
 .text._sbrk    0x08001920       0x6c ./Core/Src/sysmem.o
                0x08001920                _sbrk
 .text.SystemInit
                0x0800198c       0x24 ./Core/Src/system_stm32f4xx.o
                0x0800198c                SystemInit
 .text.Reset_Handler
                0x080019b0       0x50 ./Core/Startup/startup_stm32f407vgtx.o
                0x080019b0                Reset_Handler
 .text.Default_Handler
                0x08001a00        0x2 ./Core/Startup/startup_stm32f407vgtx.o
                0x08001a00                DMA1_Stream3_IRQHandler
                0x08001a00                HASH_RNG_IRQHandler
                0x08001a00                EXTI2_IRQHandler
                0x08001a00                TIM8_CC_IRQHandler
                0x08001a00                TIM1_CC_IRQHandler
                0x08001a00                DMA2_Stream5_IRQHandler
                0x08001a00                DMA1_Stream5_IRQHandler
                0x08001a00                PVD_IRQHandler
                0x08001a00                SDIO_IRQHandler
                0x08001a00                TAMP_STAMP_IRQHandler
                0x08001a00                CAN2_RX1_IRQHandler
                0x08001a00                EXTI3_IRQHandler
                0x08001a00                TIM8_TRG_COM_TIM14_IRQHandler
                0x08001a00                TIM1_UP_TIM10_IRQHandler
                0x08001a00                TIM8_UP_TIM13_IRQHandler
                0x08001a00                I2C3_ER_IRQHandler
                0x08001a00                EXTI0_IRQHandler
                0x08001a00                I2C2_EV_IRQHandler
                0x08001a00                DMA1_Stream2_IRQHandler
                0x08001a00                CAN1_RX0_IRQHandler
                0x08001a00                FPU_IRQHandler
                0x08001a00                OTG_HS_WKUP_IRQHandler
                0x08001a00                CAN2_SCE_IRQHandler
                0x08001a00                DMA2_Stream2_IRQHandler
                0x08001a00                SPI1_IRQHandler
                0x08001a00                TIM6_DAC_IRQHandler
                0x08001a00                TIM1_BRK_TIM9_IRQHandler
                0x08001a00                DCMI_IRQHandler
                0x08001a00                CAN2_RX0_IRQHandler
                0x08001a00                DMA2_Stream3_IRQHandler
                0x08001a00                USART6_IRQHandler
                0x08001a00                USART3_IRQHandler
                0x08001a00                CAN1_RX1_IRQHandler
                0x08001a00                UART5_IRQHandler
                0x08001a00                DMA2_Stream0_IRQHandler
                0x08001a00                TIM4_IRQHandler
                0x08001a00                I2C1_EV_IRQHandler
                0x08001a00                DMA1_Stream6_IRQHandler
                0x08001a00                DMA1_Stream1_IRQHandler
                0x08001a00                UART4_IRQHandler
                0x08001a00                TIM3_IRQHandler
                0x08001a00                RCC_IRQHandler
                0x08001a00                TIM8_BRK_TIM12_IRQHandler
                0x08001a00                Default_Handler
                0x08001a00                EXTI15_10_IRQHandler
                0x08001a00                ADC_IRQHandler
                0x08001a00                DMA1_Stream7_IRQHandler
                0x08001a00                TIM7_IRQHandler
                0x08001a00                CAN2_TX_IRQHandler
                0x08001a00                TIM5_IRQHandler
                0x08001a00                DMA2_Stream7_IRQHandler
                0x08001a00                I2C3_EV_IRQHandler
                0x08001a00                EXTI9_5_IRQHandler
                0x08001a00                RTC_WKUP_IRQHandler
                0x08001a00                ETH_WKUP_IRQHandler
                0x08001a00                SPI2_IRQHandler
                0x08001a00                OTG_HS_EP1_IN_IRQHandler
                0x08001a00                DMA1_Stream0_IRQHandler
                0x08001a00                CAN1_TX_IRQHandler
                0x08001a00                EXTI4_IRQHandler
                0x08001a00                FSMC_IRQHandler
                0x08001a00                ETH_IRQHandler
                0x08001a00                OTG_HS_EP1_OUT_IRQHandler
                0x08001a00                WWDG_IRQHandler
                0x08001a00                TIM2_IRQHandler
                0x08001a00                OTG_FS_WKUP_IRQHandler
                0x08001a00                TIM1_TRG_COM_TIM11_IRQHandler
                0x08001a00                OTG_HS_IRQHandler
                0x08001a00                EXTI1_IRQHandler
                0x08001a00                USART2_IRQHandler
                0x08001a00                I2C2_ER_IRQHandler
                0x08001a00                DMA2_Stream1_IRQHandler
                0x08001a00                CAN1_SCE_IRQHandler
                0x08001a00                FLASH_IRQHandler
                0x08001a00                DMA2_Stream4_IRQHandler
                0x08001a00                USART1_IRQHandler
                0x08001a00                SPI3_IRQHandler
                0x08001a00                DMA1_Stream4_IRQHandler
                0x08001a00                I2C1_ER_IRQHandler
                0x08001a00                DMA2_Stream6_IRQHandler
                0x08001a00                RTC_Alarm_IRQHandler
 *fill*         0x08001a02        0x2 
 .text.HAL_Init
                0x08001a04       0x44 ./Drivers/STM32F4xx_HAL_Driver/Src/stm32f4xx_hal.o
                0x08001a04                HAL_Init
 .text.HAL_InitTick
                0x08001a48       0x60 ./Drivers/STM32F4xx_HAL_Driver/Src/stm32f4xx_hal.o
                0x08001a48                HAL_InitTick
 .text.HAL_IncTick
                0x08001aa8       0x28 ./Drivers/STM32F4xx_HAL_Driver/Src/stm32f4xx_hal.o
                0x08001aa8                HAL_IncTick
 .text.HAL_GetTick
                0x08001ad0       0x18 ./Drivers/STM32F4xx_HAL_Driver/Src/stm32f4xx_hal.o
                0x08001ad0                HAL_GetTick
 .text.HAL_Delay
                0x08001ae8       0x48 ./Drivers/STM32F4xx_HAL_Driver/Src/stm32f4xx_hal.o
                0x08001ae8                HAL_Delay
 .text.__NVIC_SetPriorityGrouping
                0x08001b30       0x48 ./Drivers/STM32F4xx_HAL_Driver/Src/stm32f4xx_hal_cortex.o
 .text.__NVIC_GetPriorityGrouping
                0x08001b78       0x1c ./Drivers/STM32F4xx_HAL_Driver/Src/stm32f4xx_hal_cortex.o
 .text.__NVIC_EnableIRQ
                0x08001b94       0x3c ./Drivers/STM32F4xx_HAL_Driver/Src/stm32f4xx_hal_cortex.o
 .text.__NVIC_SetPriority
                0x08001bd0       0x54 ./Drivers/STM32F4xx_HAL_Driver/Src/stm32f4xx_hal_cortex.o
 .text.NVIC_EncodePriority
                0x08001c24       0x66 ./Drivers/STM32F4xx_HAL_Driver/Src/stm32f4xx_hal_cortex.o
 *fill*         0x08001c8a        0x2 
 .text.SysTick_Config
                0x08001c8c       0x44 ./Drivers/STM32F4xx_HAL_Driver/Src/stm32f4xx_hal_cortex.o
 .text.HAL_NVIC_SetPriorityGrouping
                0x08001cd0       0x16 ./Drivers/STM32F4xx_HAL_Driver/Src/stm32f4xx_hal_cortex.o
                0x08001cd0                HAL_NVIC_SetPriorityGrouping
 .text.HAL_NVIC_SetPriority
                0x08001ce6       0x38 ./Drivers/STM32F4xx_HAL_Driver/Src/stm32f4xx_hal_cortex.o
                0x08001ce6                HAL_NVIC_SetPriority
 .text.HAL_NVIC_EnableIRQ
                0x08001d1e       0x1c ./Drivers/STM32F4xx_HAL_Driver/Src/stm32f4xx_hal_cortex.o
                0x08001d1e                HAL_NVIC_EnableIRQ
 .text.HAL_SYSTICK_Config
                0x08001d3a       0x18 ./Drivers/STM32F4xx_HAL_Driver/Src/stm32f4xx_hal_cortex.o
                0x08001d3a                HAL_SYSTICK_Config
 *fill*         0x08001d52        0x2 
 .text.HAL_GPIO_Init
                0x08001d54      0x338 ./Drivers/STM32F4xx_HAL_Driver/Src/stm32f4xx_hal_gpio.o
                0x08001d54                HAL_GPIO_Init
 .text.HAL_GPIO_WritePin
                0x0800208c       0x32 ./Drivers/STM32F4xx_HAL_Driver/Src/stm32f4xx_hal_gpio.o
                0x0800208c                HAL_GPIO_WritePin
 .text.HAL_HCD_Init
                0x080020be       0xce ./Drivers/STM32F4xx_HAL_Driver/Src/stm32f4xx_hal_hcd.o
                0x080020be                HAL_HCD_Init
 .text.HAL_HCD_HC_Init
                0x0800218c      0x170 ./Drivers/STM32F4xx_HAL_Driver/Src/stm32f4xx_hal_hcd.o
                0x0800218c                HAL_HCD_HC_Init
 .text.HAL_HCD_HC_Halt
                0x080022fc       0x46 ./Drivers/STM32F4xx_HAL_Driver/Src/stm32f4xx_hal_hcd.o
                0x080022fc                HAL_HCD_HC_Halt
 *fill*         0x08002342        0x2 
 .text.HAL_HCD_HC_SubmitRequest
                0x08002344      0x33c ./Drivers/STM32F4xx_HAL_Driver/Src/stm32f4xx_hal_hcd.o
                0x08002344                HAL_HCD_HC_SubmitRequest
 .text.HAL_HCD_IRQHandler
                0x08002680      0x220 ./Drivers/STM32F4xx_HAL_Driver/Src/stm32f4xx_hal_hcd.o
                0x08002680                HAL_HCD_IRQHandler
 .text.HAL_HCD_Start
                0x080028a0       0x46 ./Drivers/STM32F4xx_HAL_Driver/Src/stm32f4xx_hal_hcd.o
                0x080028a0                HAL_HCD_Start
 .text.HAL_HCD_Stop
                0x080028e6       0x3a ./Drivers/STM32F4xx_HAL_Driver/Src/stm32f4xx_hal_hcd.o
                0x080028e6                HAL_HCD_Stop
 .text.HAL_HCD_ResetPort
                0x08002920       0x1c ./Drivers/STM32F4xx_HAL_Driver/Src/stm32f4xx_hal_hcd.o
                0x08002920                HAL_HCD_ResetPort
 .text.HAL_HCD_HC_GetURBState
                0x0800293c       0x2a ./Drivers/STM32F4xx_HAL_Driver/Src/stm32f4xx_hal_hcd.o
                0x0800293c                HAL_HCD_HC_GetURBState
 .text.HAL_HCD_HC_GetXferCount
                0x08002966       0x2a ./Drivers/STM32F4xx_HAL_Driver/Src/stm32f4xx_hal_hcd.o
                0x08002966                HAL_HCD_HC_GetXferCount
 .text.HAL_HCD_GetCurrentFrame
                0x08002990       0x1c ./Drivers/STM32F4xx_HAL_Driver/Src/stm32f4xx_hal_hcd.o
                0x08002990                HAL_HCD_GetCurrentFrame
 .text.HAL_HCD_GetCurrentSpeed
                0x080029ac       0x1c ./Drivers/STM32F4xx_HAL_Driver/Src/stm32f4xx_hal_hcd.o
                0x080029ac                HAL_HCD_GetCurrentSpeed
 .text.HAL_HCD_HC_ClearHubInfo
                0x080029c8       0x6a ./Drivers/STM32F4xx_HAL_Driver/Src/stm32f4xx_hal_hcd.o
                0x080029c8                HAL_HCD_HC_ClearHubInfo
 .text.HCD_HC_IN_IRQHandler
                0x08002a32      0xcd2 ./Drivers/STM32F4xx_HAL_Driver/Src/stm32f4xx_hal_hcd.o
 .text.HCD_HC_OUT_IRQHandler
                0x08003704      0x97e ./Drivers/STM32F4xx_HAL_Driver/Src/stm32f4xx_hal_hcd.o
 .text.HCD_RXQLVL_IRQHandler
                0x08004082      0x1be ./Drivers/STM32F4xx_HAL_Driver/Src/stm32f4xx_hal_hcd.o
 .text.HCD_Port_IRQHandler
                0x08004240       0xe6 ./Drivers/STM32F4xx_HAL_Driver/Src/stm32f4xx_hal_hcd.o
 *fill*         0x08004326        0x2 
 .text.HAL_I2C_Init
                0x08004328      0x288 ./Drivers/STM32F4xx_HAL_Driver/Src/stm32f4xx_hal_i2c.o
                0x08004328                HAL_I2C_Init
 .text.HAL_I2C_Mem_Write
                0x080045b0      0x1f4 ./Drivers/STM32F4xx_HAL_Driver/Src/stm32f4xx_hal_i2c.o
                0x080045b0                HAL_I2C_Mem_Write
 .text.HAL_I2C_Mem_Read
                0x080047a4      0x464 ./Drivers/STM32F4xx_HAL_Driver/Src/stm32f4xx_hal_i2c.o
                0x080047a4                HAL_I2C_Mem_Read
 .text.I2C_RequestMemoryWrite
                0x08004c08      0x12c ./Drivers/STM32F4xx_HAL_Driver/Src/stm32f4xx_hal_i2c.o
 .text.I2C_RequestMemoryRead
                0x08004d34      0x1d0 ./Drivers/STM32F4xx_HAL_Driver/Src/stm32f4xx_hal_i2c.o
 .text.I2C_WaitOnFlagUntilTimeout
                0x08004f04       0xf4 ./Drivers/STM32F4xx_HAL_Driver/Src/stm32f4xx_hal_i2c.o
 .text.I2C_WaitOnMasterAddressFlagUntilTimeout
                0x08004ff8      0x140 ./Drivers/STM32F4xx_HAL_Driver/Src/stm32f4xx_hal_i2c.o
 .text.I2C_WaitOnTXEFlagUntilTimeout
                0x08005138       0x90 ./Drivers/STM32F4xx_HAL_Driver/Src/stm32f4xx_hal_i2c.o
 .text.I2C_WaitOnBTFFlagUntilTimeout
                0x080051c8       0x90 ./Drivers/STM32F4xx_HAL_Driver/Src/stm32f4xx_hal_i2c.o
 .text.I2C_WaitOnRXNEFlagUntilTimeout
                0x08005258       0xba ./Drivers/STM32F4xx_HAL_Driver/Src/stm32f4xx_hal_i2c.o
 .text.I2C_IsAcknowledgeFailed
                0x08005312       0x5e ./Drivers/STM32F4xx_HAL_Driver/Src/stm32f4xx_hal_i2c.o
 .text.HAL_I2S_Init
                0x08005370      0x280 ./Drivers/STM32F4xx_HAL_Driver/Src/stm32f4xx_hal_i2s.o
                0x08005370                HAL_I2S_Init
 .text.HAL_I2S_TxCpltCallback
                0x080055f0       0x14 ./Drivers/STM32F4xx_HAL_Driver/Src/stm32f4xx_hal_i2s.o
                0x080055f0                HAL_I2S_TxCpltCallback
 .text.HAL_I2S_RxCpltCallback
                0x08005604       0x14 ./Drivers/STM32F4xx_HAL_Driver/Src/stm32f4xx_hal_i2s.o
                0x08005604                HAL_I2S_RxCpltCallback
 .text.HAL_I2S_ErrorCallback
                0x08005618       0x14 ./Drivers/STM32F4xx_HAL_Driver/Src/stm32f4xx_hal_i2s.o
                0x08005618                HAL_I2S_ErrorCallback
 .text.I2S_Transmit_IT
                0x0800562c       0x5c ./Drivers/STM32F4xx_HAL_Driver/Src/stm32f4xx_hal_i2s.o
 .text.I2S_Receive_IT
                0x08005688       0x5e ./Drivers/STM32F4xx_HAL_Driver/Src/stm32f4xx_hal_i2s.o
 .text.I2S_IRQHandler
                0x080056e6      0x114 ./Drivers/STM32F4xx_HAL_Driver/Src/stm32f4xx_hal_i2s.o
 *fill*         0x080057fa        0x2 
 .text.HAL_I2SEx_FullDuplex_IRQHandler
                0x080057fc      0x2a8 ./Drivers/STM32F4xx_HAL_Driver/Src/stm32f4xx_hal_i2s_ex.o
                0x080057fc                HAL_I2SEx_FullDuplex_IRQHandler
 .text.HAL_I2SEx_TxRxCpltCallback
                0x08005aa4       0x14 ./Drivers/STM32F4xx_HAL_Driver/Src/stm32f4xx_hal_i2s_ex.o
                0x08005aa4                HAL_I2SEx_TxRxCpltCallback
 .text.I2SEx_TxISR_I2S
                0x08005ab8       0x62 ./Drivers/STM32F4xx_HAL_Driver/Src/stm32f4xx_hal_i2s_ex.o
 *fill*         0x08005b1a        0x2 
 .text.I2SEx_TxISR_I2SExt
                0x08005b1c       0x98 ./Drivers/STM32F4xx_HAL_Driver/Src/stm32f4xx_hal_i2s_ex.o
 .text.I2SEx_RxISR_I2S
                0x08005bb4       0x64 ./Drivers/STM32F4xx_HAL_Driver/Src/stm32f4xx_hal_i2s_ex.o
 .text.I2SEx_RxISR_I2SExt
                0x08005c18       0x98 ./Drivers/STM32F4xx_HAL_Driver/Src/stm32f4xx_hal_i2s_ex.o
 .text.HAL_RCC_OscConfig
                0x08005cb0      0x4f0 ./Drivers/STM32F4xx_HAL_Driver/Src/stm32f4xx_hal_rcc.o
                0x08005cb0                HAL_RCC_OscConfig
 .text.HAL_RCC_ClockConfig
                0x080061a0      0x1cc ./Drivers/STM32F4xx_HAL_Driver/Src/stm32f4xx_hal_rcc.o
                0x080061a0                HAL_RCC_ClockConfig
 .text.HAL_RCC_GetSysClockFreq
                0x0800636c      0x20c ./Drivers/STM32F4xx_HAL_Driver/Src/stm32f4xx_hal_rcc.o
                0x0800636c                HAL_RCC_GetSysClockFreq
 .text.HAL_RCC_GetHCLKFreq
                0x08006578       0x18 ./Drivers/STM32F4xx_HAL_Driver/Src/stm32f4xx_hal_rcc.o
                0x08006578                HAL_RCC_GetHCLKFreq
 .text.HAL_RCC_GetPCLK1Freq
                0x08006590       0x28 ./Drivers/STM32F4xx_HAL_Driver/Src/stm32f4xx_hal_rcc.o
                0x08006590                HAL_RCC_GetPCLK1Freq
 .text.HAL_RCCEx_PeriphCLKConfig
                0x080065b8      0x1c4 ./Drivers/STM32F4xx_HAL_Driver/Src/stm32f4xx_hal_rcc_ex.o
                0x080065b8                HAL_RCCEx_PeriphCLKConfig
 .text.HAL_RCCEx_GetPeriphCLKFreq
                0x0800677c       0xc0 ./Drivers/STM32F4xx_HAL_Driver/Src/stm32f4xx_hal_rcc_ex.o
                0x0800677c                HAL_RCCEx_GetPeriphCLKFreq
 .text.HAL_SPI_Init
                0x0800683c      0x112 ./Drivers/STM32F4xx_HAL_Driver/Src/stm32f4xx_hal_spi.o
                0x0800683c                HAL_SPI_Init
 .text.USB_CoreInit
                0x0800694e       0xc8 ./Drivers/STM32F4xx_HAL_Driver/Src/stm32f4xx_ll_usb.o
                0x0800694e                USB_CoreInit
 .text.USB_EnableGlobalInt
                0x08006a16       0x22 ./Drivers/STM32F4xx_HAL_Driver/Src/stm32f4xx_ll_usb.o
                0x08006a16                USB_EnableGlobalInt
 .text.USB_DisableGlobalInt
                0x08006a38       0x22 ./Drivers/STM32F4xx_HAL_Driver/Src/stm32f4xx_ll_usb.o
                0x08006a38                USB_DisableGlobalInt
 .text.USB_SetCurrentMode
                0x08006a5a       0x98 ./Drivers/STM32F4xx_HAL_Driver/Src/stm32f4xx_ll_usb.o
                0x08006a5a                USB_SetCurrentMode
 .text.USB_FlushTxFifo
                0x08006af2       0x64 ./Drivers/STM32F4xx_HAL_Driver/Src/stm32f4xx_ll_usb.o
                0x08006af2                USB_FlushTxFifo
 .text.USB_FlushRxFifo
                0x08006b56       0x5c ./Drivers/STM32F4xx_HAL_Driver/Src/stm32f4xx_ll_usb.o
                0x08006b56                USB_FlushRxFifo
 .text.USB_WritePacket
                0x08006bb2       0x7c ./Drivers/STM32F4xx_HAL_Driver/Src/stm32f4xx_ll_usb.o
                0x08006bb2                USB_WritePacket
 .text.USB_ReadPacket
                0x08006c2e       0xb0 ./Drivers/STM32F4xx_HAL_Driver/Src/stm32f4xx_ll_usb.o
                0x08006c2e                USB_ReadPacket
 .text.USB_ReadInterrupts
                0x08006cde       0x26 ./Drivers/STM32F4xx_HAL_Driver/Src/stm32f4xx_ll_usb.o
                0x08006cde                USB_ReadInterrupts
 .text.USB_ReadChInterrupts
                0x08006d04       0x42 ./Drivers/STM32F4xx_HAL_Driver/Src/stm32f4xx_ll_usb.o
                0x08006d04                USB_ReadChInterrupts
 .text.USB_GetMode
                0x08006d46       0x1c ./Drivers/STM32F4xx_HAL_Driver/Src/stm32f4xx_ll_usb.o
                0x08006d46                USB_GetMode
 .text.USB_CoreReset
                0x08006d62       0x62 ./Drivers/STM32F4xx_HAL_Driver/Src/stm32f4xx_ll_usb.o
 .text.USB_HostInit
                0x08006dc4      0x188 ./Drivers/STM32F4xx_HAL_Driver/Src/stm32f4xx_ll_usb.o
                0x08006dc4                USB_HostInit
 .text.USB_InitFSLSPClkSel
                0x08006f4c       0x7a ./Drivers/STM32F4xx_HAL_Driver/Src/stm32f4xx_ll_usb.o
                0x08006f4c                USB_InitFSLSPClkSel
 .text.USB_ResetPort
                0x08006fc6       0x54 ./Drivers/STM32F4xx_HAL_Driver/Src/stm32f4xx_ll_usb.o
                0x08006fc6                USB_ResetPort
 .text.USB_DriveVbus
                0x0800701a       0x72 ./Drivers/STM32F4xx_HAL_Driver/Src/stm32f4xx_ll_usb.o
                0x0800701a                USB_DriveVbus
 .text.USB_GetHostSpeed
                0x0800708c       0x2e ./Drivers/STM32F4xx_HAL_Driver/Src/stm32f4xx_ll_usb.o
                0x0800708c                USB_GetHostSpeed
 .text.USB_GetCurrentFrame
                0x080070ba       0x22 ./Drivers/STM32F4xx_HAL_Driver/Src/stm32f4xx_ll_usb.o
                0x080070ba                USB_GetCurrentFrame
 .text.USB_HC_Init
                0x080070dc      0x258 ./Drivers/STM32F4xx_HAL_Driver/Src/stm32f4xx_ll_usb.o
                0x080070dc                USB_HC_Init
 .text.USB_HC_StartXfer
                0x08007334      0x4f4 ./Drivers/STM32F4xx_HAL_Driver/Src/stm32f4xx_ll_usb.o
                0x08007334                USB_HC_StartXfer
 .text.USB_HC_ReadInterrupt
                0x08007828       0x22 ./Drivers/STM32F4xx_HAL_Driver/Src/stm32f4xx_ll_usb.o
                0x08007828                USB_HC_ReadInterrupt
 .text.USB_HC_Halt
                0x0800784a      0x240 ./Drivers/STM32F4xx_HAL_Driver/Src/stm32f4xx_ll_usb.o
                0x0800784a                USB_HC_Halt
 *fill*         0x08007a8a        0x2 
 .text.USB_DoPing
                0x08007a8c       0x78 ./Drivers/STM32F4xx_HAL_Driver/Src/stm32f4xx_ll_usb.o
                0x08007a8c                USB_DoPing
 .text.USB_StopHost
                0x08007b04      0x124 ./Drivers/STM32F4xx_HAL_Driver/Src/stm32f4xx_ll_usb.o
                0x08007b04                USB_StopHost
 .text.USBH_CDC_InterfaceInit
                0x08007c28      0x2ac ./Middlewares/ST/STM32_USB_Host_Library/Class/CDC/Src/usbh_cdc.o
 .text.USBH_CDC_InterfaceDeInit
                0x08007ed4       0xb2 ./Middlewares/ST/STM32_USB_Host_Library/Class/CDC/Src/usbh_cdc.o
 .text.USBH_CDC_ClassRequest
                0x08007f86       0x3e ./Middlewares/ST/STM32_USB_Host_Library/Class/CDC/Src/usbh_cdc.o
 .text.USBH_CDC_Process
                0x08007fc4      0x12c ./Middlewares/ST/STM32_USB_Host_Library/Class/CDC/Src/usbh_cdc.o
 .text.USBH_CDC_SOFProcess
                0x080080f0       0x16 ./Middlewares/ST/STM32_USB_Host_Library/Class/CDC/Src/usbh_cdc.o
 .text.GetLineCoding
                0x08008106       0x3e ./Middlewares/ST/STM32_USB_Host_Library/Class/CDC/Src/usbh_cdc.o
 .text.SetLineCoding
                0x08008144       0x3e ./Middlewares/ST/STM32_USB_Host_Library/Class/CDC/Src/usbh_cdc.o
 .text.CDC_ProcessTransmission
                0x08008182       0xec ./Middlewares/ST/STM32_USB_Host_Library/Class/CDC/Src/usbh_cdc.o
 .text.CDC_ProcessReception
                0x0800826e       0xb6 ./Middlewares/ST/STM32_USB_Host_Library/Class/CDC/Src/usbh_cdc.o
 .text.USBH_CDC_TransmitCallback
                0x08008324       0x14 ./Middlewares/ST/STM32_USB_Host_Library/Class/CDC/Src/usbh_cdc.o
                0x08008324                USBH_CDC_TransmitCallback
 .text.USBH_CDC_ReceiveCallback
                0x08008338       0x14 ./Middlewares/ST/STM32_USB_Host_Library/Class/CDC/Src/usbh_cdc.o
                0x08008338                USBH_CDC_ReceiveCallback
 .text.USBH_CDC_LineCodingChanged
                0x0800834c       0x14 ./Middlewares/ST/STM32_USB_Host_Library/Class/CDC/Src/usbh_cdc.o
                0x0800834c                USBH_CDC_LineCodingChanged
 .text.USBH_Init
                0x08008360       0x74 ./Middlewares/ST/STM32_USB_Host_Library/Core/Src/usbh_core.o
                0x08008360                USBH_Init
 .text.DeInitStateMachine
                0x080083d4       0xe6 ./Middlewares/ST/STM32_USB_Host_Library/Core/Src/usbh_core.o
 .text.USBH_RegisterClass
                0x080084ba       0x54 ./Middlewares/ST/STM32_USB_Host_Library/Core/Src/usbh_core.o
                0x080084ba                USBH_RegisterClass
 .text.USBH_SelectInterface
                0x0800850e       0x38 ./Middlewares/ST/STM32_USB_Host_Library/Core/Src/usbh_core.o
                0x0800850e                USBH_SelectInterface
 .text.USBH_FindInterface
                0x08008546       0x8c ./Middlewares/ST/STM32_USB_Host_Library/Core/Src/usbh_core.o
                0x08008546                USBH_FindInterface
 .text.USBH_Start
                0x080085d2       0x20 ./Middlewares/ST/STM32_USB_Host_Library/Core/Src/usbh_core.o
                0x080085d2                USBH_Start
 *fill*         0x080085f2        0x2 
 .text.USBH_Process
                0x080085f4      0x3d0 ./Middlewares/ST/STM32_USB_Host_Library/Core/Src/usbh_core.o
                0x080085f4                USBH_Process
 .text.USBH_HandleEnum
                0x080089c4      0x3c0 ./Middlewares/ST/STM32_USB_Host_Library/Core/Src/usbh_core.o
 .text.USBH_LL_SetTimer
                0x08008d84       0x1e ./Middlewares/ST/STM32_USB_Host_Library/Core/Src/usbh_core.o
                0x08008d84                USBH_LL_SetTimer
 .text.USBH_LL_IncTimer
                0x08008da2       0x24 ./Middlewares/ST/STM32_USB_Host_Library/Core/Src/usbh_core.o
                0x08008da2                USBH_LL_IncTimer
 .text.USBH_HandleSof
                0x08008dc6       0x30 ./Middlewares/ST/STM32_USB_Host_Library/Core/Src/usbh_core.o
 .text.USBH_LL_PortEnabled
                0x08008df6       0x1c ./Middlewares/ST/STM32_USB_Host_Library/Core/Src/usbh_core.o
                0x08008df6                USBH_LL_PortEnabled
 .text.USBH_LL_PortDisabled
                0x08008e12       0x1c ./Middlewares/ST/STM32_USB_Host_Library/Core/Src/usbh_core.o
                0x08008e12                USBH_LL_PortDisabled
 .text.USBH_LL_Connect
                0x08008e2e       0x2e ./Middlewares/ST/STM32_USB_Host_Library/Core/Src/usbh_core.o
                0x08008e2e                USBH_LL_Connect
 .text.USBH_LL_Disconnect
                0x08008e5c       0x48 ./Middlewares/ST/STM32_USB_Host_Library/Core/Src/usbh_core.o
                0x08008e5c                USBH_LL_Disconnect
 .text.USBH_Get_DevDesc
                0x08008ea4       0x58 ./Middlewares/ST/STM32_USB_Host_Library/Core/Src/usbh_ctlreq.o
                0x08008ea4                USBH_Get_DevDesc
 .text.USBH_Get_CfgDesc
                0x08008efc       0x54 ./Middlewares/ST/STM32_USB_Host_Library/Core/Src/usbh_ctlreq.o
                0x08008efc                USBH_Get_CfgDesc
 .text.USBH_Get_StringDesc
                0x08008f50       0x68 ./Middlewares/ST/STM32_USB_Host_Library/Core/Src/usbh_ctlreq.o
                0x08008f50                USBH_Get_StringDesc
 .text.USBH_GetDescriptor
                0x08008fb8       0x6a ./Middlewares/ST/STM32_USB_Host_Library/Core/Src/usbh_ctlreq.o
                0x08008fb8                USBH_GetDescriptor
 .text.USBH_SetAddress
                0x08009022       0x48 ./Middlewares/ST/STM32_USB_Host_Library/Core/Src/usbh_ctlreq.o
                0x08009022                USBH_SetAddress
 .text.USBH_SetCfg
                0x0800906a       0x46 ./Middlewares/ST/STM32_USB_Host_Library/Core/Src/usbh_ctlreq.o
                0x0800906a                USBH_SetCfg
 .text.USBH_SetFeature
                0x080090b0       0x48 ./Middlewares/ST/STM32_USB_Host_Library/Core/Src/usbh_ctlreq.o
                0x080090b0                USBH_SetFeature
 .text.USBH_ClrFeature
                0x080090f8       0x48 ./Middlewares/ST/STM32_USB_Host_Library/Core/Src/usbh_ctlreq.o
                0x080090f8                USBH_ClrFeature
 .text.USBH_ParseDevDesc
                0x08009140      0x160 ./Middlewares/ST/STM32_USB_Host_Library/Core/Src/usbh_ctlreq.o
 .text.USBH_ParseCfgDesc
                0x080092a0      0x1f0 ./Middlewares/ST/STM32_USB_Host_Library/Core/Src/usbh_ctlreq.o
 .text.USBH_ParseInterfaceDesc
                0x08009490       0x68 ./Middlewares/ST/STM32_USB_Host_Library/Core/Src/usbh_ctlreq.o
 .text.USBH_ParseEPDesc
                0x080094f8      0x1d0 ./Middlewares/ST/STM32_USB_Host_Library/Core/Src/usbh_ctlreq.o
 .text.USBH_ParseStringDesc
                0x080096c8       0x66 ./Middlewares/ST/STM32_USB_Host_Library/Core/Src/usbh_ctlreq.o
 .text.USBH_GetNextDesc
                0x0800972e       0x34 ./Middlewares/ST/STM32_USB_Host_Library/Core/Src/usbh_ctlreq.o
                0x0800972e                USBH_GetNextDesc
 .text.USBH_CtlReq
                0x08009762       0x7a ./Middlewares/ST/STM32_USB_Host_Library/Core/Src/usbh_ctlreq.o
                0x08009762                USBH_CtlReq
 .text.USBH_HandleControl
                0x080097dc      0x2e8 ./Middlewares/ST/STM32_USB_Host_Library/Core/Src/usbh_ctlreq.o
 .text.USBH_CtlSendSetup
                0x08009ac4       0x34 ./Middlewares/ST/STM32_USB_Host_Library/Core/Src/usbh_ioreq.o
                0x08009ac4                USBH_CtlSendSetup
 .text.USBH_CtlSendData
                0x08009af8       0x4a ./Middlewares/ST/STM32_USB_Host_Library/Core/Src/usbh_ioreq.o
                0x08009af8                USBH_CtlSendData
 .text.USBH_CtlReceiveData
                0x08009b42       0x3c ./Middlewares/ST/STM32_USB_Host_Library/Core/Src/usbh_ioreq.o
                0x08009b42                USBH_CtlReceiveData
 .text.USBH_BulkSendData
                0x08009b7e       0x4a ./Middlewares/ST/STM32_USB_Host_Library/Core/Src/usbh_ioreq.o
                0x08009b7e                USBH_BulkSendData
 .text.USBH_BulkReceiveData
                0x08009bc8       0x3c ./Middlewares/ST/STM32_USB_Host_Library/Core/Src/usbh_ioreq.o
                0x08009bc8                USBH_BulkReceiveData
 .text.USBH_OpenPipe
                0x08009c04       0x3e ./Middlewares/ST/STM32_USB_Host_Library/Core/Src/usbh_pipes.o
                0x08009c04                USBH_OpenPipe
 .text.USBH_ClosePipe
                0x08009c42       0x20 ./Middlewares/ST/STM32_USB_Host_Library/Core/Src/usbh_pipes.o
                0x08009c42                USBH_ClosePipe
 .text.USBH_AllocPipe
                0x08009c62       0x42 ./Middlewares/ST/STM32_USB_Host_Library/Core/Src/usbh_pipes.o
                0x08009c62                USBH_AllocPipe
 .text.USBH_FreePipe
                0x08009ca4       0x3c ./Middlewares/ST/STM32_USB_Host_Library/Core/Src/usbh_pipes.o
                0x08009ca4                USBH_FreePipe
 .text.USBH_GetFreePipe
                0x08009ce0       0x48 ./Middlewares/ST/STM32_USB_Host_Library/Core/Src/usbh_pipes.o
 .text.MX_USB_HOST_Init
                0x08009d28       0x4c ./USB_HOST/App/usb_host.o
                0x08009d28                MX_USB_HOST_Init
 .text.MX_USB_HOST_Process
                0x08009d74       0x14 ./USB_HOST/App/usb_host.o
                0x08009d74                MX_USB_HOST_Process
 .text.USBH_UserProcess
                0x08009d88       0x5c ./USB_HOST/App/usb_host.o
 .text.HAL_HCD_MspInit
                0x08009de4       0xc4 ./USB_HOST/Target/usbh_conf.o
                0x08009de4                HAL_HCD_MspInit
 .text.HAL_HCD_SOF_Callback
                0x08009ea8       0x1c ./USB_HOST/Target/usbh_conf.o
                0x08009ea8                HAL_HCD_SOF_Callback
 .text.HAL_HCD_Connect_Callback
                0x08009ec4       0x1c ./USB_HOST/Target/usbh_conf.o
                0x08009ec4                HAL_HCD_Connect_Callback
 .text.HAL_HCD_Disconnect_Callback
                0x08009ee0       0x1c ./USB_HOST/Target/usbh_conf.o
                0x08009ee0                HAL_HCD_Disconnect_Callback
 .text.HAL_HCD_HC_NotifyURBChange_Callback
                0x08009efc       0x1c ./USB_HOST/Target/usbh_conf.o
                0x08009efc                HAL_HCD_HC_NotifyURBChange_Callback
 .text.HAL_HCD_PortEnabled_Callback
                0x08009f18       0x1c ./USB_HOST/Target/usbh_conf.o
                0x08009f18                HAL_HCD_PortEnabled_Callback
 .text.HAL_HCD_PortDisabled_Callback
                0x08009f34       0x1c ./USB_HOST/Target/usbh_conf.o
                0x08009f34                HAL_HCD_PortDisabled_Callback
 .text.USBH_LL_Init
                0x08009f50       0x78 ./USB_HOST/Target/usbh_conf.o
                0x08009f50                USBH_LL_Init
 .text.USBH_LL_Start
                0x08009fc8       0x36 ./USB_HOST/Target/usbh_conf.o
                0x08009fc8                USBH_LL_Start
 .text.USBH_LL_Stop
                0x08009ffe       0x36 ./USB_HOST/Target/usbh_conf.o
                0x08009ffe                USBH_LL_Stop
 .text.USBH_LL_GetSpeed
                0x0800a034       0x4e ./USB_HOST/Target/usbh_conf.o
                0x0800a034                USBH_LL_GetSpeed
 .text.USBH_LL_ResetPort
                0x0800a082       0x36 ./USB_HOST/Target/usbh_conf.o
                0x0800a082                USBH_LL_ResetPort
 .text.USBH_LL_GetLastXferSize
                0x0800a0b8       0x26 ./USB_HOST/Target/usbh_conf.o
                0x0800a0b8                USBH_LL_GetLastXferSize
 .text.USBH_LL_OpenPipe
                0x0800a0de       0x5e ./USB_HOST/Target/usbh_conf.o
                0x0800a0de                USBH_LL_OpenPipe
 .text.USBH_LL_ClosePipe
                0x0800a13c       0x3e ./USB_HOST/Target/usbh_conf.o
                0x0800a13c                USBH_LL_ClosePipe
 .text.USBH_LL_SubmitURB
                0x0800a17a       0x62 ./USB_HOST/Target/usbh_conf.o
                0x0800a17a                USBH_LL_SubmitURB
 .text.USBH_LL_GetURBState
                0x0800a1dc       0x26 ./USB_HOST/Target/usbh_conf.o
                0x0800a1dc                USBH_LL_GetURBState
 .text.USBH_LL_DriverVBUS
                0x0800a202       0x2e ./USB_HOST/Target/usbh_conf.o
                0x0800a202                USBH_LL_DriverVBUS
 .text.USBH_LL_SetToggle
                0x0800a230       0x66 ./USB_HOST/Target/usbh_conf.o
                0x0800a230                USBH_LL_SetToggle
 .text.USBH_Delay
                0x0800a296       0x16 ./USB_HOST/Target/usbh_conf.o
                0x0800a296                USBH_Delay
 .text.USBH_Get_USB_Status
                0x0800a2ac       0x58 ./USB_HOST/Target/usbh_conf.o
                0x0800a2ac                USBH_Get_USB_Status
 .text.MX_DriverVbusFS
                0x0800a304       0x38 ./USB_HOST/Target/usbh_platform.o
                0x0800a304                MX_DriverVbusFS
 .text.malloc   0x0800a33c       0x10 /Applications/STM32CubeIDE.app/Contents/Eclipse/plugins/com.st.stm32cube.ide.mcu.externaltools.gnu-tools-for-stm32.12.3.rel1.macos64_1.0.200.202406191456/tools/bin/../lib/gcc/arm-none-eabi/12.3.1/../../../../arm-none-eabi/lib/thumb/v7e-m+fp/hard/libc_nano.a(libc_a-malloc.o)
                0x0800a33c                malloc
 .text.free     0x0800a34c       0x10 /Applications/STM32CubeIDE.app/Contents/Eclipse/plugins/com.st.stm32cube.ide.mcu.externaltools.gnu-tools-for-stm32.12.3.rel1.macos64_1.0.200.202406191456/tools/bin/../lib/gcc/arm-none-eabi/12.3.1/../../../../arm-none-eabi/lib/thumb/v7e-m+fp/hard/libc_nano.a(libc_a-malloc.o)
                0x0800a34c                free
 .text.sbrk_aligned
                0x0800a35c       0x44 /Applications/STM32CubeIDE.app/Contents/Eclipse/plugins/com.st.stm32cube.ide.mcu.externaltools.gnu-tools-for-stm32.12.3.rel1.macos64_1.0.200.202406191456/tools/bin/../lib/gcc/arm-none-eabi/12.3.1/../../../../arm-none-eabi/lib/thumb/v7e-m+fp/hard/libc_nano.a(libc_a-mallocr.o)
 .text._malloc_r
                0x0800a3a0      0x100 /Applications/STM32CubeIDE.app/Contents/Eclipse/plugins/com.st.stm32cube.ide.mcu.externaltools.gnu-tools-for-stm32.12.3.rel1.macos64_1.0.200.202406191456/tools/bin/../lib/gcc/arm-none-eabi/12.3.1/../../../../arm-none-eabi/lib/thumb/v7e-m+fp/hard/libc_nano.a(libc_a-mallocr.o)
                0x0800a3a0                _malloc_r
 .text.__malloc_lock
                0x0800a4a0        0xc /Applications/STM32CubeIDE.app/Contents/Eclipse/plugins/com.st.stm32cube.ide.mcu.externaltools.gnu-tools-for-stm32.12.3.rel1.macos64_1.0.200.202406191456/tools/bin/../lib/gcc/arm-none-eabi/12.3.1/../../../../arm-none-eabi/lib/thumb/v7e-m+fp/hard/libc_nano.a(libc_a-mlock.o)
                0x0800a4a0                __malloc_lock
 .text.__malloc_unlock
                0x0800a4ac        0xc /Applications/STM32CubeIDE.app/Contents/Eclipse/plugins/com.st.stm32cube.ide.mcu.externaltools.gnu-tools-for-stm32.12.3.rel1.macos64_1.0.200.202406191456/tools/bin/../lib/gcc/arm-none-eabi/12.3.1/../../../../arm-none-eabi/lib/thumb/v7e-m+fp/hard/libc_nano.a(libc_a-mlock.o)
                0x0800a4ac                __malloc_unlock
 .text.memset   0x0800a4b8       0x10 /Applications/STM32CubeIDE.app/Contents/Eclipse/plugins/com.st.stm32cube.ide.mcu.externaltools.gnu-tools-for-stm32.12.3.rel1.macos64_1.0.200.202406191456/tools/bin/../lib/gcc/arm-none-eabi/12.3.1/../../../../arm-none-eabi/lib/thumb/v7e-m+fp/hard/libc_nano.a(libc_a-memset.o)
                0x0800a4b8                memset
 .text._sbrk_r  0x0800a4c8       0x20 /Applications/STM32CubeIDE.app/Contents/Eclipse/plugins/com.st.stm32cube.ide.mcu.externaltools.gnu-tools-for-stm32.12.3.rel1.macos64_1.0.200.202406191456/tools/bin/../lib/gcc/arm-none-eabi/12.3.1/../../../../arm-none-eabi/lib/thumb/v7e-m+fp/hard/libc_nano.a(libc_a-sbrkr.o)
                0x0800a4c8                _sbrk_r
 .text.__errno  0x0800a4e8        0xc /Applications/STM32CubeIDE.app/Contents/Eclipse/plugins/com.st.stm32cube.ide.mcu.externaltools.gnu-tools-for-stm32.12.3.rel1.macos64_1.0.200.202406191456/tools/bin/../lib/gcc/arm-none-eabi/12.3.1/../../../../arm-none-eabi/lib/thumb/v7e-m+fp/hard/libc_nano.a(libc_a-errno.o)
                0x0800a4e8                __errno
 .text.__libc_init_array
                0x0800a4f4       0x48 /Applications/STM32CubeIDE.app/Contents/Eclipse/plugins/com.st.stm32cube.ide.mcu.externaltools.gnu-tools-for-stm32.12.3.rel1.macos64_1.0.200.202406191456/tools/bin/../lib/gcc/arm-none-eabi/12.3.1/../../../../arm-none-eabi/lib/thumb/v7e-m+fp/hard/libc_nano.a(libc_a-init.o)
                0x0800a4f4                __libc_init_array
 .text.__retarget_lock_acquire_recursive
                0x0800a53c        0x2 /Applications/STM32CubeIDE.app/Contents/Eclipse/plugins/com.st.stm32cube.ide.mcu.externaltools.gnu-tools-for-stm32.12.3.rel1.macos64_1.0.200.202406191456/tools/bin/../lib/gcc/arm-none-eabi/12.3.1/../../../../arm-none-eabi/lib/thumb/v7e-m+fp/hard/libc_nano.a(libc_a-lock.o)
                0x0800a53c                __retarget_lock_acquire_recursive
 .text.__retarget_lock_release_recursive
                0x0800a53e        0x2 /Applications/STM32CubeIDE.app/Contents/Eclipse/plugins/com.st.stm32cube.ide.mcu.externaltools.gnu-tools-for-stm32.12.3.rel1.macos64_1.0.200.202406191456/tools/bin/../lib/gcc/arm-none-eabi/12.3.1/../../../../arm-none-eabi/lib/thumb/v7e-m+fp/hard/libc_nano.a(libc_a-lock.o)
                0x0800a53e                __retarget_lock_release_recursive
 .text._free_r  0x0800a540       0x94 /Applications/STM32CubeIDE.app/Contents/Eclipse/plugins/com.st.stm32cube.ide.mcu.externaltools.gnu-tools-for-stm32.12.3.rel1.macos64_1.0.200.202406191456/tools/bin/../lib/gcc/arm-none-eabi/12.3.1/../../../../arm-none-eabi/lib/thumb/v7e-m+fp/hard/libc_nano.a(libc_a-freer.o)
                0x0800a540                _free_r
 *(.glue_7)
 .glue_7        0x0800a5d4        0x0 linker stubs
 *(.glue_7t)
 .glue_7t       0x0800a5d4        0x0 linker stubs
 *(.eh_frame)
 .eh_frame      0x0800a5d4        0x0 /Applications/STM32CubeIDE.app/Contents/Eclipse/plugins/com.st.stm32cube.ide.mcu.externaltools.gnu-tools-for-stm32.12.3.rel1.macos64_1.0.200.202406191456/tools/bin/../lib/gcc/arm-none-eabi/12.3.1/thumb/v7e-m+fp/hard/crtbegin.o
 *(.init)
 .init          0x0800a5d4        0x4 /Applications/STM32CubeIDE.app/Contents/Eclipse/plugins/com.st.stm32cube.ide.mcu.externaltools.gnu-tools-for-stm32.12.3.rel1.macos64_1.0.200.202406191456/tools/bin/../lib/gcc/arm-none-eabi/12.3.1/thumb/v7e-m+fp/hard/crti.o
                0x0800a5d4                _init
 .init          0x0800a5d8        0x8 /Applications/STM32CubeIDE.app/Contents/Eclipse/plugins/com.st.stm32cube.ide.mcu.externaltools.gnu-tools-for-stm32.12.3.rel1.macos64_1.0.200.202406191456/tools/bin/../lib/gcc/arm-none-eabi/12.3.1/thumb/v7e-m+fp/hard/crtn.o
 *(.fini)
 .fini          0x0800a5e0        0x4 /Applications/STM32CubeIDE.app/Contents/Eclipse/plugins/com.st.stm32cube.ide.mcu.externaltools.gnu-tools-for-stm32.12.3.rel1.macos64_1.0.200.202406191456/tools/bin/../lib/gcc/arm-none-eabi/12.3.1/thumb/v7e-m+fp/hard/crti.o
                0x0800a5e0                _fini
 .fini          0x0800a5e4        0x8 /Applications/STM32CubeIDE.app/Contents/Eclipse/plugins/com.st.stm32cube.ide.mcu.externaltools.gnu-tools-for-stm32.12.3.rel1.macos64_1.0.200.202406191456/tools/bin/../lib/gcc/arm-none-eabi/12.3.1/thumb/v7e-m+fp/hard/crtn.o
                0x0800a5ec                        . = ALIGN (0x4)
                0x0800a5ec                        _etext = .

.vfp11_veneer   0x0800a5ec        0x0
 .vfp11_veneer  0x0800a5ec        0x0 linker stubs

.v4_bx          0x0800a5ec        0x0
 .v4_bx         0x0800a5ec        0x0 linker stubs

.iplt           0x0800a5ec        0x0
 .iplt          0x0800a5ec        0x0 /Applications/STM32CubeIDE.app/Contents/Eclipse/plugins/com.st.stm32cube.ide.mcu.externaltools.gnu-tools-for-stm32.12.3.rel1.macos64_1.0.200.202406191456/tools/bin/../lib/gcc/arm-none-eabi/12.3.1/thumb/v7e-m+fp/hard/crtbegin.o

.rodata         0x0800a5ec       0x20
                0x0800a5ec                        . = ALIGN (0x4)
 *(.rodata)
 .rodata        0x0800a5ec        0x3 ./Core/Src/ICM20948.o
 *fill*         0x0800a5ef        0x1 
 .rodata        0x0800a5f0        0x4 ./Middlewares/ST/STM32_USB_Host_Library/Class/CDC/Src/usbh_cdc.o
 *(.rodata*)
 .rodata.AHBPrescTable
                0x0800a5f4       0x10 ./Core/Src/system_stm32f4xx.o
                0x0800a5f4                AHBPrescTable
 .rodata.APBPrescTable
                0x0800a604        0x8 ./Core/Src/system_stm32f4xx.o
                0x0800a604                APBPrescTable
                0x0800a60c                        . = ALIGN (0x4)

.ARM.extab      0x0800a60c        0x0
                0x0800a60c                        . = ALIGN (0x4)
 *(.ARM.extab* .gnu.linkonce.armextab.*)
                0x0800a60c                        . = ALIGN (0x4)

.ARM            0x0800a60c        0x8
                0x0800a60c                        . = ALIGN (0x4)
                0x0800a60c                        __exidx_start = .
 *(.ARM.exidx*)
 .ARM.exidx     0x0800a60c        0x8 /Applications/STM32CubeIDE.app/Contents/Eclipse/plugins/com.st.stm32cube.ide.mcu.externaltools.gnu-tools-for-stm32.12.3.rel1.macos64_1.0.200.202406191456/tools/bin/../lib/gcc/arm-none-eabi/12.3.1/thumb/v7e-m+fp/hard/libgcc.a(_udivmoddi4.o)
                0x0800a614                        __exidx_end = .
                0x0800a614                        . = ALIGN (0x4)

.preinit_array  0x0800a614        0x0
                0x0800a614                        . = ALIGN (0x4)
                0x0800a614                        PROVIDE (__preinit_array_start = .)
 *(.preinit_array*)
                0x0800a614                        PROVIDE (__preinit_array_end = .)
                0x0800a614                        . = ALIGN (0x4)

.init_array     0x0800a614        0x4
                0x0800a614                        . = ALIGN (0x4)
                0x0800a614                        PROVIDE (__init_array_start = .)
 *(SORT_BY_NAME(.init_array.*))
 *(.init_array*)
 .init_array    0x0800a614        0x4 /Applications/STM32CubeIDE.app/Contents/Eclipse/plugins/com.st.stm32cube.ide.mcu.externaltools.gnu-tools-for-stm32.12.3.rel1.macos64_1.0.200.202406191456/tools/bin/../lib/gcc/arm-none-eabi/12.3.1/thumb/v7e-m+fp/hard/crtbegin.o
                0x0800a618                        PROVIDE (__init_array_end = .)
                0x0800a618                        . = ALIGN (0x4)

.fini_array     0x0800a618        0x4
                0x0800a618                        . = ALIGN (0x4)
                [!provide]                        PROVIDE (__fini_array_start = .)
 *(SORT_BY_NAME(.fini_array.*))
 *(.fini_array*)
 .fini_array    0x0800a618        0x4 /Applications/STM32CubeIDE.app/Contents/Eclipse/plugins/com.st.stm32cube.ide.mcu.externaltools.gnu-tools-for-stm32.12.3.rel1.macos64_1.0.200.202406191456/tools/bin/../lib/gcc/arm-none-eabi/12.3.1/thumb/v7e-m+fp/hard/crtbegin.o
                [!provide]                        PROVIDE (__fini_array_end = .)
                0x0800a61c                        . = ALIGN (0x4)
                0x0800a61c                        _sidata = LOADADDR (.data)

.rel.dyn        0x0800a61c        0x0
 .rel.iplt      0x0800a61c        0x0 /Applications/STM32CubeIDE.app/Contents/Eclipse/plugins/com.st.stm32cube.ide.mcu.externaltools.gnu-tools-for-stm32.12.3.rel1.macos64_1.0.200.202406191456/tools/bin/../lib/gcc/arm-none-eabi/12.3.1/thumb/v7e-m+fp/hard/crtbegin.o

.data           0x20000000       0x7c load address 0x0800a61c
                0x20000000                        . = ALIGN (0x4)
                0x20000000                        _sdata = .
 *(.data)
 *(.data*)
 .data.SystemCoreClock
                0x20000000        0x4 ./Core/Src/system_stm32f4xx.o
                0x20000000                SystemCoreClock
 .data.uwTickPrio
                0x20000004        0x4 ./Drivers/STM32F4xx_HAL_Driver/Src/stm32f4xx_hal.o
                0x20000004                uwTickPrio
 .data.uwTickFreq
                0x20000008        0x1 ./Drivers/STM32F4xx_HAL_Driver/Src/stm32f4xx_hal.o
                0x20000008                uwTickFreq
 *fill*         0x20000009        0x3 
 .data.CDC_Class
                0x2000000c       0x20 ./Middlewares/ST/STM32_USB_Host_Library/Class/CDC/Src/usbh_cdc.o
                0x2000000c                CDC_Class
 .data._impure_ptr
                0x2000002c        0x4 /Applications/STM32CubeIDE.app/Contents/Eclipse/plugins/com.st.stm32cube.ide.mcu.externaltools.gnu-tools-for-stm32.12.3.rel1.macos64_1.0.200.202406191456/tools/bin/../lib/gcc/arm-none-eabi/12.3.1/../../../../arm-none-eabi/lib/thumb/v7e-m+fp/hard/libc_nano.a(libc_a-impure.o)
                0x2000002c                _impure_ptr
 .data._impure_data
                0x20000030       0x4c /Applications/STM32CubeIDE.app/Contents/Eclipse/plugins/com.st.stm32cube.ide.mcu.externaltools.gnu-tools-for-stm32.12.3.rel1.macos64_1.0.200.202406191456/tools/bin/../lib/gcc/arm-none-eabi/12.3.1/../../../../arm-none-eabi/lib/thumb/v7e-m+fp/hard/libc_nano.a(libc_a-impure.o)
                0x20000030                _impure_data
 *(.RamFunc)
 *(.RamFunc*)
                0x2000007c                        . = ALIGN (0x4)
                0x2000007c                        _edata = .
                0x0800a698                        _siccmram = LOADADDR (.ccmram)

.igot.plt       0x2000007c        0x0 load address 0x0800a698
 .igot.plt      0x2000007c        0x0 /Applications/STM32CubeIDE.app/Contents/Eclipse/plugins/com.st.stm32cube.ide.mcu.externaltools.gnu-tools-for-stm32.12.3.rel1.macos64_1.0.200.202406191456/tools/bin/../lib/gcc/arm-none-eabi/12.3.1/thumb/v7e-m+fp/hard/crtbegin.o

.ccmram         0x10000000        0x0 load address 0x0800a698
                0x10000000                        . = ALIGN (0x4)
                0x10000000                        _sccmram = .
 *(.ccmram)
 *(.ccmram*)
                0x10000000                        . = ALIGN (0x4)
                0x10000000                        _eccmram = .
                0x10000000                        . = ALIGN (0x4)

.bss            0x2000007c      0xac4
                0x2000007c                        _sbss = .
                0x2000007c                        __bss_start__ = _sbss
 *(.bss)
 .bss           0x2000007c       0x1c /Applications/STM32CubeIDE.app/Contents/Eclipse/plugins/com.st.stm32cube.ide.mcu.externaltools.gnu-tools-for-stm32.12.3.rel1.macos64_1.0.200.202406191456/tools/bin/../lib/gcc/arm-none-eabi/12.3.1/thumb/v7e-m+fp/hard/crtbegin.o
 *(.bss*)
 .bss.gyro_scale_factor
                0x20000098        0x4 ./Core/Src/ICM20948.o
 .bss.accel_scale_factor
                0x2000009c        0x4 ./Core/Src/ICM20948.o
 .bss.hi2c1     0x200000a0       0x54 ./Core/Src/main.o
                0x200000a0                hi2c1
 .bss.hi2s3     0x200000f4       0x48 ./Core/Src/main.o
                0x200000f4                hi2s3
 .bss.hspi1     0x2000013c       0x58 ./Core/Src/main.o
                0x2000013c                hspi1
 .bss.controller
                0x20000194       0xa0 ./Core/Src/main.o
                0x20000194                controller
 .bss.__sbrk_heap_end
                0x20000234        0x4 ./Core/Src/sysmem.o
 .bss.uwTick    0x20000238        0x4 ./Drivers/STM32F4xx_HAL_Driver/Src/stm32f4xx_hal.o
                0x20000238                uwTick
 .bss.hUsbHostFS
                0x2000023c      0x3d8 ./USB_HOST/App/usb_host.o
                0x2000023c                hUsbHostFS
 .bss.Appli_state
                0x20000614        0x1 ./USB_HOST/App/usb_host.o
                0x20000614                Appli_state
 *fill*         0x20000615        0x3 
 .bss.hhcd_USB_OTG_FS
                0x20000618      0x3e0 ./USB_HOST/Target/usbh_conf.o
                0x20000618                hhcd_USB_OTG_FS
 .bss.__malloc_sbrk_start
                0x200009f8        0x4 /Applications/STM32CubeIDE.app/Contents/Eclipse/plugins/com.st.stm32cube.ide.mcu.externaltools.gnu-tools-for-stm32.12.3.rel1.macos64_1.0.200.202406191456/tools/bin/../lib/gcc/arm-none-eabi/12.3.1/../../../../arm-none-eabi/lib/thumb/v7e-m+fp/hard/libc_nano.a(libc_a-mallocr.o)
                0x200009f8                __malloc_sbrk_start
 .bss.__malloc_free_list
                0x200009fc        0x4 /Applications/STM32CubeIDE.app/Contents/Eclipse/plugins/com.st.stm32cube.ide.mcu.externaltools.gnu-tools-for-stm32.12.3.rel1.macos64_1.0.200.202406191456/tools/bin/../lib/gcc/arm-none-eabi/12.3.1/../../../../arm-none-eabi/lib/thumb/v7e-m+fp/hard/libc_nano.a(libc_a-mallocr.o)
                0x200009fc                __malloc_free_list
 .bss.__sf      0x20000a00      0x138 /Applications/STM32CubeIDE.app/Contents/Eclipse/plugins/com.st.stm32cube.ide.mcu.externaltools.gnu-tools-for-stm32.12.3.rel1.macos64_1.0.200.202406191456/tools/bin/../lib/gcc/arm-none-eabi/12.3.1/../../../../arm-none-eabi/lib/thumb/v7e-m+fp/hard/libc_nano.a(libc_a-findfp.o)
                0x20000a00                __sf
 .bss.__lock___malloc_recursive_mutex
                0x20000b38        0x1 /Applications/STM32CubeIDE.app/Contents/Eclipse/plugins/com.st.stm32cube.ide.mcu.externaltools.gnu-tools-for-stm32.12.3.rel1.macos64_1.0.200.202406191456/tools/bin/../lib/gcc/arm-none-eabi/12.3.1/../../../../arm-none-eabi/lib/thumb/v7e-m+fp/hard/libc_nano.a(libc_a-lock.o)
                0x20000b38                __lock___malloc_recursive_mutex
 *fill*         0x20000b39        0x3 
 .bss.errno     0x20000b3c        0x4 /Applications/STM32CubeIDE.app/Contents/Eclipse/plugins/com.st.stm32cube.ide.mcu.externaltools.gnu-tools-for-stm32.12.3.rel1.macos64_1.0.200.202406191456/tools/bin/../lib/gcc/arm-none-eabi/12.3.1/../../../../arm-none-eabi/lib/thumb/v7e-m+fp/hard/libc_nano.a(libc_a-reent.o)
                0x20000b3c                errno
 *(COMMON)
                0x20000b40                        . = ALIGN (0x4)
                0x20000b40                        _ebss = .
                0x20000b40                        __bss_end__ = _ebss

._user_heap_stack
                0x20000b40      0x600
                0x20000b40                        . = ALIGN (0x8)
                [!provide]                        PROVIDE (end = .)
                0x20000b40                        PROVIDE (_end = .)
                0x20000d40                        . = (. + _Min_Heap_Size)
 *fill*         0x20000b40      0x200 
                0x20001140                        . = (. + _Min_Stack_Size)
 *fill*         0x20000d40      0x400 
                0x20001140                        . = ALIGN (0x8)

/DISCARD/
 libc.a(*)
 libm.a(*)
 libgcc.a(*)

.ARM.attributes
                0x00000000       0x30
 *(.ARM.attributes)
 .ARM.attributes
                0x00000000       0x22 /Applications/STM32CubeIDE.app/Contents/Eclipse/plugins/com.st.stm32cube.ide.mcu.externaltools.gnu-tools-for-stm32.12.3.rel1.macos64_1.0.200.202406191456/tools/bin/../lib/gcc/arm-none-eabi/12.3.1/thumb/v7e-m+fp/hard/crti.o
 .ARM.attributes
                0x00000022       0x34 /Applications/STM32CubeIDE.app/Contents/Eclipse/plugins/com.st.stm32cube.ide.mcu.externaltools.gnu-tools-for-stm32.12.3.rel1.macos64_1.0.200.202406191456/tools/bin/../lib/gcc/arm-none-eabi/12.3.1/thumb/v7e-m+fp/hard/crtbegin.o
 .ARM.attributes
                0x00000056       0x34 ./Core/Src/ICM20948.o
 .ARM.attributes
                0x0000008a       0x34 ./Core/Src/controller.o
 .ARM.attributes
                0x000000be       0x34 ./Core/Src/main.o
 .ARM.attributes
                0x000000f2       0x34 ./Core/Src/stm32f4xx_hal_msp.o
 .ARM.attributes
                0x00000126       0x34 ./Core/Src/stm32f4xx_it.o
 .ARM.attributes
                0x0000015a       0x34 ./Core/Src/sysmem.o
 .ARM.attributes
                0x0000018e       0x34 ./Core/Src/system_stm32f4xx.o
 .ARM.attributes
                0x000001c2       0x21 ./Core/Startup/startup_stm32f407vgtx.o
 .ARM.attributes
                0x000001e3       0x34 ./Drivers/STM32F4xx_HAL_Driver/Src/stm32f4xx_hal.o
 .ARM.attributes
                0x00000217       0x34 ./Drivers/STM32F4xx_HAL_Driver/Src/stm32f4xx_hal_cortex.o
 .ARM.attributes
                0x0000024b       0x34 ./Drivers/STM32F4xx_HAL_Driver/Src/stm32f4xx_hal_gpio.o
 .ARM.attributes
                0x0000027f       0x34 ./Drivers/STM32F4xx_HAL_Driver/Src/stm32f4xx_hal_hcd.o
 .ARM.attributes
                0x000002b3       0x34 ./Drivers/STM32F4xx_HAL_Driver/Src/stm32f4xx_hal_i2c.o
 .ARM.attributes
                0x000002e7       0x34 ./Drivers/STM32F4xx_HAL_Driver/Src/stm32f4xx_hal_i2s.o
 .ARM.attributes
                0x0000031b       0x34 ./Drivers/STM32F4xx_HAL_Driver/Src/stm32f4xx_hal_i2s_ex.o
 .ARM.attributes
                0x0000034f       0x34 ./Drivers/STM32F4xx_HAL_Driver/Src/stm32f4xx_hal_rcc.o
 .ARM.attributes
                0x00000383       0x34 ./Drivers/STM32F4xx_HAL_Driver/Src/stm32f4xx_hal_rcc_ex.o
 .ARM.attributes
                0x000003b7       0x34 ./Drivers/STM32F4xx_HAL_Driver/Src/stm32f4xx_hal_spi.o
 .ARM.attributes
                0x000003eb       0x34 ./Drivers/STM32F4xx_HAL_Driver/Src/stm32f4xx_ll_usb.o
 .ARM.attributes
                0x0000041f       0x34 ./Middlewares/ST/STM32_USB_Host_Library/Class/CDC/Src/usbh_cdc.o
 .ARM.attributes
                0x00000453       0x34 ./Middlewares/ST/STM32_USB_Host_Library/Core/Src/usbh_core.o
 .ARM.attributes
                0x00000487       0x34 ./Middlewares/ST/STM32_USB_Host_Library/Core/Src/usbh_ctlreq.o
 .ARM.attributes
                0x000004bb       0x34 ./Middlewares/ST/STM32_USB_Host_Library/Core/Src/usbh_ioreq.o
 .ARM.attributes
                0x000004ef       0x34 ./Middlewares/ST/STM32_USB_Host_Library/Core/Src/usbh_pipes.o
 .ARM.attributes
                0x00000523       0x34 ./USB_HOST/App/usb_host.o
 .ARM.attributes
                0x00000557       0x34 ./USB_HOST/Target/usbh_conf.o
 .ARM.attributes
                0x0000058b       0x34 ./USB_HOST/Target/usbh_platform.o
 .ARM.attributes
                0x000005bf       0x34 /Applications/STM32CubeIDE.app/Contents/Eclipse/plugins/com.st.stm32cube.ide.mcu.externaltools.gnu-tools-for-stm32.12.3.rel1.macos64_1.0.200.202406191456/tools/bin/../lib/gcc/arm-none-eabi/12.3.1/../../../../arm-none-eabi/lib/thumb/v7e-m+fp/hard/libc_nano.a(libc_a-malloc.o)
 .ARM.attributes
                0x000005f3       0x34 /Applications/STM32CubeIDE.app/Contents/Eclipse/plugins/com.st.stm32cube.ide.mcu.externaltools.gnu-tools-for-stm32.12.3.rel1.macos64_1.0.200.202406191456/tools/bin/../lib/gcc/arm-none-eabi/12.3.1/../../../../arm-none-eabi/lib/thumb/v7e-m+fp/hard/libc_nano.a(libc_a-mallocr.o)
 .ARM.attributes
                0x00000627       0x34 /Applications/STM32CubeIDE.app/Contents/Eclipse/plugins/com.st.stm32cube.ide.mcu.externaltools.gnu-tools-for-stm32.12.3.rel1.macos64_1.0.200.202406191456/tools/bin/../lib/gcc/arm-none-eabi/12.3.1/../../../../arm-none-eabi/lib/thumb/v7e-m+fp/hard/libc_nano.a(libc_a-mlock.o)
 .ARM.attributes
                0x0000065b       0x34 /Applications/STM32CubeIDE.app/Contents/Eclipse/plugins/com.st.stm32cube.ide.mcu.externaltools.gnu-tools-for-stm32.12.3.rel1.macos64_1.0.200.202406191456/tools/bin/../lib/gcc/arm-none-eabi/12.3.1/../../../../arm-none-eabi/lib/thumb/v7e-m+fp/hard/libc_nano.a(libc_a-findfp.o)
 .ARM.attributes
                0x0000068f       0x34 /Applications/STM32CubeIDE.app/Contents/Eclipse/plugins/com.st.stm32cube.ide.mcu.externaltools.gnu-tools-for-stm32.12.3.rel1.macos64_1.0.200.202406191456/tools/bin/../lib/gcc/arm-none-eabi/12.3.1/../../../../arm-none-eabi/lib/thumb/v7e-m+fp/hard/libc_nano.a(libc_a-memset.o)
 .ARM.attributes
                0x000006c3       0x34 /Applications/STM32CubeIDE.app/Contents/Eclipse/plugins/com.st.stm32cube.ide.mcu.externaltools.gnu-tools-for-stm32.12.3.rel1.macos64_1.0.200.202406191456/tools/bin/../lib/gcc/arm-none-eabi/12.3.1/../../../../arm-none-eabi/lib/thumb/v7e-m+fp/hard/libc_nano.a(libc_a-impure.o)
 .ARM.attributes
                0x000006f7       0x34 /Applications/STM32CubeIDE.app/Contents/Eclipse/plugins/com.st.stm32cube.ide.mcu.externaltools.gnu-tools-for-stm32.12.3.rel1.macos64_1.0.200.202406191456/tools/bin/../lib/gcc/arm-none-eabi/12.3.1/../../../../arm-none-eabi/lib/thumb/v7e-m+fp/hard/libc_nano.a(libc_a-sbrkr.o)
 .ARM.attributes
                0x0000072b       0x34 /Applications/STM32CubeIDE.app/Contents/Eclipse/plugins/com.st.stm32cube.ide.mcu.externaltools.gnu-tools-for-stm32.12.3.rel1.macos64_1.0.200.202406191456/tools/bin/../lib/gcc/arm-none-eabi/12.3.1/../../../../arm-none-eabi/lib/thumb/v7e-m+fp/hard/libc_nano.a(libc_a-errno.o)
 .ARM.attributes
                0x0000075f       0x34 /Applications/STM32CubeIDE.app/Contents/Eclipse/plugins/com.st.stm32cube.ide.mcu.externaltools.gnu-tools-for-stm32.12.3.rel1.macos64_1.0.200.202406191456/tools/bin/../lib/gcc/arm-none-eabi/12.3.1/../../../../arm-none-eabi/lib/thumb/v7e-m+fp/hard/libc_nano.a(libc_a-init.o)
 .ARM.attributes
                0x00000793       0x34 /Applications/STM32CubeIDE.app/Contents/Eclipse/plugins/com.st.stm32cube.ide.mcu.externaltools.gnu-tools-for-stm32.12.3.rel1.macos64_1.0.200.202406191456/tools/bin/../lib/gcc/arm-none-eabi/12.3.1/../../../../arm-none-eabi/lib/thumb/v7e-m+fp/hard/libc_nano.a(libc_a-lock.o)
 .ARM.attributes
                0x000007c7       0x34 /Applications/STM32CubeIDE.app/Contents/Eclipse/plugins/com.st.stm32cube.ide.mcu.externaltools.gnu-tools-for-stm32.12.3.rel1.macos64_1.0.200.202406191456/tools/bin/../lib/gcc/arm-none-eabi/12.3.1/../../../../arm-none-eabi/lib/thumb/v7e-m+fp/hard/libc_nano.a(libc_a-freer.o)
 .ARM.attributes
                0x000007fb       0x34 /Applications/STM32CubeIDE.app/Contents/Eclipse/plugins/com.st.stm32cube.ide.mcu.externaltools.gnu-tools-for-stm32.12.3.rel1.macos64_1.0.200.202406191456/tools/bin/../lib/gcc/arm-none-eabi/12.3.1/../../../../arm-none-eabi/lib/thumb/v7e-m+fp/hard/libc_nano.a(libc_a-reent.o)
 .ARM.attributes
                0x0000082f       0x22 /Applications/STM32CubeIDE.app/Contents/Eclipse/plugins/com.st.stm32cube.ide.mcu.externaltools.gnu-tools-for-stm32.12.3.rel1.macos64_1.0.200.202406191456/tools/bin/../lib/gcc/arm-none-eabi/12.3.1/thumb/v7e-m+fp/hard/libgcc.a(_aeabi_uldivmod.o)
 .ARM.attributes
                0x00000851       0x34 /Applications/STM32CubeIDE.app/Contents/Eclipse/plugins/com.st.stm32cube.ide.mcu.externaltools.gnu-tools-for-stm32.12.3.rel1.macos64_1.0.200.202406191456/tools/bin/../lib/gcc/arm-none-eabi/12.3.1/thumb/v7e-m+fp/hard/libgcc.a(_udivmoddi4.o)
 .ARM.attributes
                0x00000885       0x22 /Applications/STM32CubeIDE.app/Contents/Eclipse/plugins/com.st.stm32cube.ide.mcu.externaltools.gnu-tools-for-stm32.12.3.rel1.macos64_1.0.200.202406191456/tools/bin/../lib/gcc/arm-none-eabi/12.3.1/thumb/v7e-m+fp/hard/libgcc.a(_dvmd_tls.o)
 .ARM.attributes
                0x000008a7       0x22 /Applications/STM32CubeIDE.app/Contents/Eclipse/plugins/com.st.stm32cube.ide.mcu.externaltools.gnu-tools-for-stm32.12.3.rel1.macos64_1.0.200.202406191456/tools/bin/../lib/gcc/arm-none-eabi/12.3.1/thumb/v7e-m+fp/hard/crtn.o
OUTPUT(ICM20948.elf elf32-littlearm)
LOAD linker stubs
LOAD /Applications/STM32CubeIDE.app/Contents/Eclipse/plugins/com.st.stm32cube.ide.mcu.externaltools.gnu-tools-for-stm32.12.3.rel1.macos64_1.0.200.202406191456/tools/bin/../lib/gcc/arm-none-eabi/12.3.1/../../../../arm-none-eabi/lib/thumb/v7e-m+fp/hard/libc.a
LOAD /Applications/STM32CubeIDE.app/Contents/Eclipse/plugins/com.st.stm32cube.ide.mcu.externaltools.gnu-tools-for-stm32.12.3.rel1.macos64_1.0.200.202406191456/tools/bin/../lib/gcc/arm-none-eabi/12.3.1/../../../../arm-none-eabi/lib/thumb/v7e-m+fp/hard/libm.a
LOAD /Applications/STM32CubeIDE.app/Contents/Eclipse/plugins/com.st.stm32cube.ide.mcu.externaltools.gnu-tools-for-stm32.12.3.rel1.macos64_1.0.200.202406191456/tools/bin/../lib/gcc/arm-none-eabi/12.3.1/thumb/v7e-m+fp/hard/libgcc.a

.debug_info     0x00000000    0x16712
 .debug_info    0x00000000     0x10b9 ./Core/Src/ICM20948.o
 .debug_info    0x000010b9      0xb18 ./Core/Src/controller.o
 .debug_info    0x00001bd1     0x129f ./Core/Src/main.o
 .debug_info    0x00002e70      0xfdc ./Core/Src/stm32f4xx_hal_msp.o
 .debug_info    0x00003e4c      0x6a5 ./Core/Src/stm32f4xx_it.o
 .debug_info    0x000044f1      0x168 ./Core/Src/sysmem.o
 .debug_info    0x00004659      0x512 ./Core/Src/system_stm32f4xx.o
 .debug_info    0x00004b6b       0x30 ./Core/Startup/startup_stm32f407vgtx.o
 .debug_info    0x00004b9b      0x944 ./Drivers/STM32F4xx_HAL_Driver/Src/stm32f4xx_hal.o
 .debug_info    0x000054df      0xd8c ./Drivers/STM32F4xx_HAL_Driver/Src/stm32f4xx_hal_cortex.o
 .debug_info    0x0000626b      0x6c3 ./Drivers/STM32F4xx_HAL_Driver/Src/stm32f4xx_hal_gpio.o
 .debug_info    0x0000692e     0x114c ./Drivers/STM32F4xx_HAL_Driver/Src/stm32f4xx_hal_hcd.o
 .debug_info    0x00007a7a     0x2415 ./Drivers/STM32F4xx_HAL_Driver/Src/stm32f4xx_hal_i2c.o
 .debug_info    0x00009e8f      0xdf8 ./Drivers/STM32F4xx_HAL_Driver/Src/stm32f4xx_hal_i2s.o
 .debug_info    0x0000ac87      0xa9f ./Drivers/STM32F4xx_HAL_Driver/Src/stm32f4xx_hal_i2s_ex.o
 .debug_info    0x0000b726      0x8af ./Drivers/STM32F4xx_HAL_Driver/Src/stm32f4xx_hal_rcc.o
 .debug_info    0x0000bfd5      0x536 ./Drivers/STM32F4xx_HAL_Driver/Src/stm32f4xx_hal_rcc_ex.o
 .debug_info    0x0000c50b     0x1525 ./Drivers/STM32F4xx_HAL_Driver/Src/stm32f4xx_hal_spi.o
 .debug_info    0x0000da30     0x1993 ./Drivers/STM32F4xx_HAL_Driver/Src/stm32f4xx_ll_usb.o
 .debug_info    0x0000f3c3     0x1470 ./Middlewares/ST/STM32_USB_Host_Library/Class/CDC/Src/usbh_cdc.o
 .debug_info    0x00010833      0xfb2 ./Middlewares/ST/STM32_USB_Host_Library/Core/Src/usbh_core.o
 .debug_info    0x000117e5      0xfa6 ./Middlewares/ST/STM32_USB_Host_Library/Core/Src/usbh_ctlreq.o
 .debug_info    0x0001278b      0xc2b ./Middlewares/ST/STM32_USB_Host_Library/Core/Src/usbh_ioreq.o
 .debug_info    0x000133b6      0xa8e ./Middlewares/ST/STM32_USB_Host_Library/Core/Src/usbh_pipes.o
 .debug_info    0x00013e44      0xa10 ./USB_HOST/App/usb_host.o
 .debug_info    0x00014854     0x1ce6 ./USB_HOST/Target/usbh_conf.o
 .debug_info    0x0001653a      0x1d8 ./USB_HOST/Target/usbh_platform.o

.debug_abbrev   0x00000000     0x3cfc
 .debug_abbrev  0x00000000      0x253 ./Core/Src/ICM20948.o
 .debug_abbrev  0x00000253      0x227 ./Core/Src/controller.o
 .debug_abbrev  0x0000047a      0x2a5 ./Core/Src/main.o
 .debug_abbrev  0x0000071f      0x228 ./Core/Src/stm32f4xx_hal_msp.o
 .debug_abbrev  0x00000947      0x1a4 ./Core/Src/stm32f4xx_it.o
 .debug_abbrev  0x00000aeb       0xbc ./Core/Src/sysmem.o
 .debug_abbrev  0x00000ba7      0x11a ./Core/Src/system_stm32f4xx.o
 .debug_abbrev  0x00000cc1       0x24 ./Core/Startup/startup_stm32f407vgtx.o
 .debug_abbrev  0x00000ce5      0x214 ./Drivers/STM32F4xx_HAL_Driver/Src/stm32f4xx_hal.o
 .debug_abbrev  0x00000ef9      0x31d ./Drivers/STM32F4xx_HAL_Driver/Src/stm32f4xx_hal_cortex.o
 .debug_abbrev  0x00001216      0x1d4 ./Drivers/STM32F4xx_HAL_Driver/Src/stm32f4xx_hal_gpio.o
 .debug_abbrev  0x000013ea      0x296 ./Drivers/STM32F4xx_HAL_Driver/Src/stm32f4xx_hal_hcd.o
 .debug_abbrev  0x00001680      0x2ad ./Drivers/STM32F4xx_HAL_Driver/Src/stm32f4xx_hal_i2c.o
 .debug_abbrev  0x0000192d      0x256 ./Drivers/STM32F4xx_HAL_Driver/Src/stm32f4xx_hal_i2s.o
 .debug_abbrev  0x00001b83      0x276 ./Drivers/STM32F4xx_HAL_Driver/Src/stm32f4xx_hal_i2s_ex.o
 .debug_abbrev  0x00001df9      0x2b7 ./Drivers/STM32F4xx_HAL_Driver/Src/stm32f4xx_hal_rcc.o
 .debug_abbrev  0x000020b0      0x1b0 ./Drivers/STM32F4xx_HAL_Driver/Src/stm32f4xx_hal_rcc_ex.o
 .debug_abbrev  0x00002260      0x27a ./Drivers/STM32F4xx_HAL_Driver/Src/stm32f4xx_hal_spi.o
 .debug_abbrev  0x000024da      0x2b3 ./Drivers/STM32F4xx_HAL_Driver/Src/stm32f4xx_ll_usb.o
 .debug_abbrev  0x0000278d      0x33c ./Middlewares/ST/STM32_USB_Host_Library/Class/CDC/Src/usbh_cdc.o
 .debug_abbrev  0x00002ac9      0x32a ./Middlewares/ST/STM32_USB_Host_Library/Core/Src/usbh_core.o
 .debug_abbrev  0x00002df3      0x2ff ./Middlewares/ST/STM32_USB_Host_Library/Core/Src/usbh_ctlreq.o
 .debug_abbrev  0x000030f2      0x245 ./Middlewares/ST/STM32_USB_Host_Library/Core/Src/usbh_ioreq.o
 .debug_abbrev  0x00003337      0x281 ./Middlewares/ST/STM32_USB_Host_Library/Core/Src/usbh_pipes.o
 .debug_abbrev  0x000035b8      0x26e ./USB_HOST/App/usb_host.o
 .debug_abbrev  0x00003826      0x3c2 ./USB_HOST/Target/usbh_conf.o
 .debug_abbrev  0x00003be8      0x114 ./USB_HOST/Target/usbh_platform.o

.debug_aranges  0x00000000     0x12a0
 .debug_aranges
                0x00000000      0x100 ./Core/Src/ICM20948.o
 .debug_aranges
                0x00000100       0x60 ./Core/Src/controller.o
 .debug_aranges
                0x00000160       0x50 ./Core/Src/main.o
 .debug_aranges
                0x000001b0       0x50 ./Core/Src/stm32f4xx_hal_msp.o
 .debug_aranges
                0x00000200       0x68 ./Core/Src/stm32f4xx_it.o
 .debug_aranges
                0x00000268       0x20 ./Core/Src/sysmem.o
 .debug_aranges
                0x00000288       0x28 ./Core/Src/system_stm32f4xx.o
 .debug_aranges
                0x000002b0       0x28 ./Core/Startup/startup_stm32f407vgtx.o
 .debug_aranges
                0x000002d8       0xf0 ./Drivers/STM32F4xx_HAL_Driver/Src/stm32f4xx_hal.o
 .debug_aranges
                0x000003c8      0x130 ./Drivers/STM32F4xx_HAL_Driver/Src/stm32f4xx_hal_cortex.o
 .debug_aranges
                0x000004f8       0x58 ./Drivers/STM32F4xx_HAL_Driver/Src/stm32f4xx_hal_gpio.o
 .debug_aranges
                0x00000550      0x108 ./Drivers/STM32F4xx_HAL_Driver/Src/stm32f4xx_hal_hcd.o
 .debug_aranges
                0x00000658      0x2a8 ./Drivers/STM32F4xx_HAL_Driver/Src/stm32f4xx_hal_i2c.o
 .debug_aranges
                0x00000900      0x108 ./Drivers/STM32F4xx_HAL_Driver/Src/stm32f4xx_hal_i2s.o
 .debug_aranges
                0x00000a08       0x88 ./Drivers/STM32F4xx_HAL_Driver/Src/stm32f4xx_hal_i2s_ex.o
 .debug_aranges
                0x00000a90       0x88 ./Drivers/STM32F4xx_HAL_Driver/Src/stm32f4xx_hal_rcc.o
 .debug_aranges
                0x00000b18       0x48 ./Drivers/STM32F4xx_HAL_Driver/Src/stm32f4xx_hal_rcc_ex.o
 .debug_aranges
                0x00000b60      0x1d0 ./Drivers/STM32F4xx_HAL_Driver/Src/stm32f4xx_hal_spi.o
 .debug_aranges
                0x00000d30      0x1a0 ./Drivers/STM32F4xx_HAL_Driver/Src/stm32f4xx_ll_usb.o
 .debug_aranges
                0x00000ed0       0xa8 ./Middlewares/ST/STM32_USB_Host_Library/Class/CDC/Src/usbh_cdc.o
 .debug_aranges
                0x00000f78       0xc0 ./Middlewares/ST/STM32_USB_Host_Library/Core/Src/usbh_core.o
 .debug_aranges
                0x00001038       0xa0 ./Middlewares/ST/STM32_USB_Host_Library/Core/Src/usbh_ctlreq.o
 .debug_aranges
                0x000010d8       0x60 ./Middlewares/ST/STM32_USB_Host_Library/Core/Src/usbh_ioreq.o
 .debug_aranges
                0x00001138       0x40 ./Middlewares/ST/STM32_USB_Host_Library/Core/Src/usbh_pipes.o
 .debug_aranges
                0x00001178       0x30 ./USB_HOST/App/usb_host.o
 .debug_aranges
                0x000011a8       0xd8 ./USB_HOST/Target/usbh_conf.o
 .debug_aranges
                0x00001280       0x20 ./USB_HOST/Target/usbh_platform.o

.debug_rnglists
                0x00000000      0xe2c
 .debug_rnglists
                0x00000000       0xc6 ./Core/Src/ICM20948.o
 .debug_rnglists
                0x000000c6       0x47 ./Core/Src/controller.o
 .debug_rnglists
                0x0000010d       0x39 ./Core/Src/main.o
 .debug_rnglists
                0x00000146       0x3a ./Core/Src/stm32f4xx_hal_msp.o
 .debug_rnglists
                0x00000180       0x49 ./Core/Src/stm32f4xx_it.o
 .debug_rnglists
                0x000001c9       0x13 ./Core/Src/sysmem.o
 .debug_rnglists
                0x000001dc       0x1a ./Core/Src/system_stm32f4xx.o
 .debug_rnglists
                0x000001f6       0x19 ./Core/Startup/startup_stm32f407vgtx.o
 .debug_rnglists
                0x0000020f       0xaf ./Drivers/STM32F4xx_HAL_Driver/Src/stm32f4xx_hal.o
 .debug_rnglists
                0x000002be       0xe0 ./Drivers/STM32F4xx_HAL_Driver/Src/stm32f4xx_hal_cortex.o
 .debug_rnglists
                0x0000039e       0x3f ./Drivers/STM32F4xx_HAL_Driver/Src/stm32f4xx_hal_gpio.o
 .debug_rnglists
                0x000003dd       0xca ./Drivers/STM32F4xx_HAL_Driver/Src/stm32f4xx_hal_hcd.o
 .debug_rnglists
                0x000004a7      0x23c ./Drivers/STM32F4xx_HAL_Driver/Src/stm32f4xx_hal_i2c.o
 .debug_rnglists
                0x000006e3       0xcc ./Drivers/STM32F4xx_HAL_Driver/Src/stm32f4xx_hal_i2s.o
 .debug_rnglists
                0x000007af       0x6a ./Drivers/STM32F4xx_HAL_Driver/Src/stm32f4xx_hal_i2s_ex.o
 .debug_rnglists
                0x00000819       0x66 ./Drivers/STM32F4xx_HAL_Driver/Src/stm32f4xx_hal_rcc.o
 .debug_rnglists
                0x0000087f       0x35 ./Drivers/STM32F4xx_HAL_Driver/Src/stm32f4xx_hal_rcc_ex.o
 .debug_rnglists
                0x000008b4      0x16f ./Drivers/STM32F4xx_HAL_Driver/Src/stm32f4xx_hal_spi.o
 .debug_rnglists
                0x00000a23      0x147 ./Drivers/STM32F4xx_HAL_Driver/Src/stm32f4xx_ll_usb.o
 .debug_rnglists
                0x00000b6a       0x7e ./Middlewares/ST/STM32_USB_Host_Library/Class/CDC/Src/usbh_cdc.o
 .debug_rnglists
                0x00000be8       0x8f ./Middlewares/ST/STM32_USB_Host_Library/Core/Src/usbh_core.o
 .debug_rnglists
                0x00000c77       0x77 ./Middlewares/ST/STM32_USB_Host_Library/Core/Src/usbh_ctlreq.o
 .debug_rnglists
                0x00000cee       0x43 ./Middlewares/ST/STM32_USB_Host_Library/Core/Src/usbh_ioreq.o
 .debug_rnglists
                0x00000d31       0x2b ./Middlewares/ST/STM32_USB_Host_Library/Core/Src/usbh_pipes.o
 .debug_rnglists
                0x00000d5c       0x1f ./USB_HOST/App/usb_host.o
 .debug_rnglists
                0x00000d7b       0x9e ./USB_HOST/Target/usbh_conf.o
 .debug_rnglists
                0x00000e19       0x13 ./USB_HOST/Target/usbh_platform.o

.debug_macro    0x00000000    0x23a5a
 .debug_macro   0x00000000      0x21e ./Core/Src/ICM20948.o
 .debug_macro   0x0000021e      0xab4 ./Core/Src/ICM20948.o
 .debug_macro   0x00000cd2       0x22 ./Core/Src/ICM20948.o
 .debug_macro   0x00000cf4      0x2a7 ./Core/Src/ICM20948.o
 .debug_macro   0x00000f9b       0x2e ./Core/Src/ICM20948.o
 .debug_macro   0x00000fc9       0x2f ./Core/Src/ICM20948.o
 .debug_macro   0x00000ff8       0x22 ./Core/Src/ICM20948.o
 .debug_macro   0x0000101a       0x8e ./Core/Src/ICM20948.o
 .debug_macro   0x000010a8       0x51 ./Core/Src/ICM20948.o
 .debug_macro   0x000010f9      0x103 ./Core/Src/ICM20948.o
 .debug_macro   0x000011fc       0x6a ./Core/Src/ICM20948.o
 .debug_macro   0x00001266      0x1df ./Core/Src/ICM20948.o
 .debug_macro   0x00001445       0x1c ./Core/Src/ICM20948.o
 .debug_macro   0x00001461       0x22 ./Core/Src/ICM20948.o
 .debug_macro   0x00001483       0xfb ./Core/Src/ICM20948.o
 .debug_macro   0x0000157e     0x1011 ./Core/Src/ICM20948.o
 .debug_macro   0x0000258f      0x11f ./Core/Src/ICM20948.o
 .debug_macro   0x000026ae    0x15e97 ./Core/Src/ICM20948.o
 .debug_macro   0x00018545       0x6d ./Core/Src/ICM20948.o
 .debug_macro   0x000185b2     0x369a ./Core/Src/ICM20948.o
 .debug_macro   0x0001bc4c      0x189 ./Core/Src/ICM20948.o
 .debug_macro   0x0001bdd5       0x5c ./Core/Src/ICM20948.o
 .debug_macro   0x0001be31      0x980 ./Core/Src/ICM20948.o
 .debug_macro   0x0001c7b1      0x9e9 ./Core/Src/ICM20948.o
 .debug_macro   0x0001d19a      0x115 ./Core/Src/ICM20948.o
 .debug_macro   0x0001d2af      0x13e ./Core/Src/ICM20948.o
 .debug_macro   0x0001d3ed       0xa5 ./Core/Src/ICM20948.o
 .debug_macro   0x0001d492      0x174 ./Core/Src/ICM20948.o
 .debug_macro   0x0001d606      0x287 ./Core/Src/ICM20948.o
 .debug_macro   0x0001d88d       0x5f ./Core/Src/ICM20948.o
 .debug_macro   0x0001d8ec      0x236 ./Core/Src/ICM20948.o
 .debug_macro   0x0001db22      0x12c ./Core/Src/ICM20948.o
 .debug_macro   0x0001dc4e      0x21e ./Core/Src/ICM20948.o
 .debug_macro   0x0001de6c       0x2e ./Core/Src/ICM20948.o
 .debug_macro   0x0001de9a      0x1b5 ./Core/Src/ICM20948.o
 .debug_macro   0x0001e04f       0xd6 ./Core/Src/ICM20948.o
 .debug_macro   0x0001e125      0x1a7 ./Core/Src/ICM20948.o
 .debug_macro   0x0001e2cc       0x46 ./Core/Src/ICM20948.o
 .debug_macro   0x0001e312       0x4a ./Core/Src/ICM20948.o
 .debug_macro   0x0001e35c      0x127 ./Core/Src/ICM20948.o
 .debug_macro   0x0001e483       0x7e ./Core/Src/ICM20948.o
 .debug_macro   0x0001e501       0x89 ./Core/Src/ICM20948.o
 .debug_macro   0x0001e58a      0x225 ./Core/Src/ICM20948.o
 .debug_macro   0x0001e7af      0x293 ./Core/Src/ICM20948.o
 .debug_macro   0x0001ea42       0x98 ./Core/Src/ICM20948.o
 .debug_macro   0x0001eada      0x12d ./Core/Src/ICM20948.o
 .debug_macro   0x0001ec07      0x167 ./Core/Src/ICM20948.o
 .debug_macro   0x0001ed6e      0x236 ./Core/Src/controller.o
 .debug_macro   0x0001efa4      0x196 ./Core/Src/controller.o
 .debug_macro   0x0001f13a       0x2e ./Core/Src/controller.o
 .debug_macro   0x0001f168      0x24a ./Core/Src/main.o
 .debug_macro   0x0001f3b2      0x190 ./Core/Src/main.o
 .debug_macro   0x0001f542      0x215 ./Core/Src/stm32f4xx_hal_msp.o
 .debug_macro   0x0001f757      0x21f ./Core/Src/stm32f4xx_it.o
 .debug_macro   0x0001f976       0xff ./Core/Src/sysmem.o
 .debug_macro   0x0001fa75      0x23c ./Core/Src/sysmem.o
 .debug_macro   0x0001fcb1      0x206 ./Core/Src/system_stm32f4xx.o
 .debug_macro   0x0001feb7      0x266 ./Drivers/STM32F4xx_HAL_Driver/Src/stm32f4xx_hal.o
 .debug_macro   0x0002011d      0x206 ./Drivers/STM32F4xx_HAL_Driver/Src/stm32f4xx_hal_cortex.o
 .debug_macro   0x00020323      0x20c ./Drivers/STM32F4xx_HAL_Driver/Src/stm32f4xx_hal_gpio.o
 .debug_macro   0x0002052f      0x206 ./Drivers/STM32F4xx_HAL_Driver/Src/stm32f4xx_hal_hcd.o
 .debug_macro   0x00020735      0x254 ./Drivers/STM32F4xx_HAL_Driver/Src/stm32f4xx_hal_i2c.o
 .debug_macro   0x00020989      0x20e ./Drivers/STM32F4xx_HAL_Driver/Src/stm32f4xx_hal_i2s.o
 .debug_macro   0x00020b97      0x206 ./Drivers/STM32F4xx_HAL_Driver/Src/stm32f4xx_hal_i2s_ex.o
 .debug_macro   0x00020d9d      0x22a ./Drivers/STM32F4xx_HAL_Driver/Src/stm32f4xx_hal_rcc.o
 .debug_macro   0x00020fc7      0x206 ./Drivers/STM32F4xx_HAL_Driver/Src/stm32f4xx_hal_rcc_ex.o
 .debug_macro   0x000211cd      0x215 ./Drivers/STM32F4xx_HAL_Driver/Src/stm32f4xx_hal_spi.o
 .debug_macro   0x000213e2      0x206 ./Drivers/STM32F4xx_HAL_Driver/Src/stm32f4xx_ll_usb.o
 .debug_macro   0x000215e8      0x3ad ./Middlewares/ST/STM32_USB_Host_Library/Class/CDC/Src/usbh_cdc.o
 .debug_macro   0x00021995       0x16 ./Middlewares/ST/STM32_USB_Host_Library/Class/CDC/Src/usbh_cdc.o
 .debug_macro   0x000219ab       0x9e ./Middlewares/ST/STM32_USB_Host_Library/Class/CDC/Src/usbh_cdc.o
 .debug_macro   0x00021a49      0x10b ./Middlewares/ST/STM32_USB_Host_Library/Class/CDC/Src/usbh_cdc.o
 .debug_macro   0x00021b54       0x16 ./Middlewares/ST/STM32_USB_Host_Library/Class/CDC/Src/usbh_cdc.o
 .debug_macro   0x00021b6a       0x16 ./Middlewares/ST/STM32_USB_Host_Library/Class/CDC/Src/usbh_cdc.o
 .debug_macro   0x00021b80       0x20 ./Middlewares/ST/STM32_USB_Host_Library/Class/CDC/Src/usbh_cdc.o
 .debug_macro   0x00021ba0       0x56 ./Middlewares/ST/STM32_USB_Host_Library/Class/CDC/Src/usbh_cdc.o
 .debug_macro   0x00021bf6       0x73 ./Middlewares/ST/STM32_USB_Host_Library/Class/CDC/Src/usbh_cdc.o
 .debug_macro   0x00021c69      0x233 ./Middlewares/ST/STM32_USB_Host_Library/Class/CDC/Src/usbh_cdc.o
 .debug_macro   0x00021e9c       0x2e ./Middlewares/ST/STM32_USB_Host_Library/Class/CDC/Src/usbh_cdc.o
 .debug_macro   0x00021eca       0x2e ./Middlewares/ST/STM32_USB_Host_Library/Class/CDC/Src/usbh_cdc.o
 .debug_macro   0x00021ef8       0x28 ./Middlewares/ST/STM32_USB_Host_Library/Class/CDC/Src/usbh_cdc.o
 .debug_macro   0x00021f20      0x15b ./Middlewares/ST/STM32_USB_Host_Library/Class/CDC/Src/usbh_cdc.o
 .debug_macro   0x0002207b      0x3aa ./Middlewares/ST/STM32_USB_Host_Library/Core/Src/usbh_core.o
 .debug_macro   0x00022425      0x3a2 ./Middlewares/ST/STM32_USB_Host_Library/Core/Src/usbh_ctlreq.o
 .debug_macro   0x000227c7       0x28 ./Middlewares/ST/STM32_USB_Host_Library/Core/Src/usbh_ctlreq.o
 .debug_macro   0x000227ef      0x39c ./Middlewares/ST/STM32_USB_Host_Library/Core/Src/usbh_ioreq.o
 .debug_macro   0x00022b8b      0x39c ./Middlewares/ST/STM32_USB_Host_Library/Core/Src/usbh_pipes.o
 .debug_macro   0x00022f27      0x3ab ./USB_HOST/App/usb_host.o
 .debug_macro   0x000232d2       0x61 ./USB_HOST/App/usb_host.o
 .debug_macro   0x00023333      0x161 ./USB_HOST/App/usb_host.o
 .debug_macro   0x00023494      0x3ac ./USB_HOST/Target/usbh_conf.o
 .debug_macro   0x00023840      0x21a ./USB_HOST/Target/usbh_platform.o

.debug_line     0x00000000    0x1940b
 .debug_line    0x00000000      0xef8 ./Core/Src/ICM20948.o
 .debug_line    0x00000ef8      0x9cb ./Core/Src/controller.o
 .debug_line    0x000018c3      0x962 ./Core/Src/main.o
 .debug_line    0x00002225      0x851 ./Core/Src/stm32f4xx_hal_msp.o
 .debug_line    0x00002a76      0x81b ./Core/Src/stm32f4xx_it.o
 .debug_line    0x00003291      0x51c ./Core/Src/sysmem.o
 .debug_line    0x000037ad      0x7c5 ./Core/Src/system_stm32f4xx.o
 .debug_line    0x00003f72       0x7a ./Core/Startup/startup_stm32f407vgtx.o
 .debug_line    0x00003fec      0xa2e ./Drivers/STM32F4xx_HAL_Driver/Src/stm32f4xx_hal.o
 .debug_line    0x00004a1a      0xd20 ./Drivers/STM32F4xx_HAL_Driver/Src/stm32f4xx_hal_cortex.o
 .debug_line    0x0000573a      0xbba ./Drivers/STM32F4xx_HAL_Driver/Src/stm32f4xx_hal_gpio.o
 .debug_line    0x000062f4     0x14ef ./Drivers/STM32F4xx_HAL_Driver/Src/stm32f4xx_hal_hcd.o
 .debug_line    0x000077e3     0x3b74 ./Drivers/STM32F4xx_HAL_Driver/Src/stm32f4xx_hal_i2c.o
 .debug_line    0x0000b357     0x1422 ./Drivers/STM32F4xx_HAL_Driver/Src/stm32f4xx_hal_i2s.o
 .debug_line    0x0000c779     0x1457 ./Drivers/STM32F4xx_HAL_Driver/Src/stm32f4xx_hal_i2s_ex.o
 .debug_line    0x0000dbd0      0xdb9 ./Drivers/STM32F4xx_HAL_Driver/Src/stm32f4xx_hal_rcc.o
 .debug_line    0x0000e989      0xa42 ./Drivers/STM32F4xx_HAL_Driver/Src/stm32f4xx_hal_rcc_ex.o
 .debug_line    0x0000f3cb     0x1d4c ./Drivers/STM32F4xx_HAL_Driver/Src/stm32f4xx_hal_spi.o
 .debug_line    0x00011117     0x1e09 ./Drivers/STM32F4xx_HAL_Driver/Src/stm32f4xx_ll_usb.o
 .debug_line    0x00012f20      0xed3 ./Middlewares/ST/STM32_USB_Host_Library/Class/CDC/Src/usbh_cdc.o
 .debug_line    0x00013df3     0x1164 ./Middlewares/ST/STM32_USB_Host_Library/Core/Src/usbh_core.o
 .debug_line    0x00014f57     0x1100 ./Middlewares/ST/STM32_USB_Host_Library/Core/Src/usbh_ctlreq.o
 .debug_line    0x00016057      0xaa5 ./Middlewares/ST/STM32_USB_Host_Library/Core/Src/usbh_ioreq.o
 .debug_line    0x00016afc      0xa52 ./Middlewares/ST/STM32_USB_Host_Library/Core/Src/usbh_pipes.o
 .debug_line    0x0001754e      0xa39 ./USB_HOST/App/usb_host.o
 .debug_line    0x00017f87      0xd11 ./USB_HOST/Target/usbh_conf.o
 .debug_line    0x00018c98      0x773 ./USB_HOST/Target/usbh_platform.o

.debug_str      0x00000000    0xcc4cc
 .debug_str     0x00000000    0xc1017 ./Core/Src/ICM20948.o
                              0xc1341 (size before relaxing)
 .debug_str     0x000c1017      0x9de ./Core/Src/controller.o
                              0xc1892 (size before relaxing)
 .debug_str     0x000c19f5      0x643 ./Core/Src/main.o
                              0xc1df4 (size before relaxing)
 .debug_str     0x000c2038      0x15d ./Core/Src/stm32f4xx_hal_msp.o
                              0xc1612 (size before relaxing)
 .debug_str     0x000c2195      0x4b9 ./Core/Src/stm32f4xx_it.o
                              0xc1062 (size before relaxing)
 .debug_str     0x000c264e     0x2039 ./Core/Src/sysmem.o
                               0x60de (size before relaxing)
 .debug_str     0x000c4687       0xdb ./Core/Src/system_stm32f4xx.o
                              0xc0659 (size before relaxing)
 .debug_str     0x000c4762       0x44 ./Core/Startup/startup_stm32f407vgtx.o
                                 0x91 (size before relaxing)
 .debug_str     0x000c47a6      0xad6 ./Drivers/STM32F4xx_HAL_Driver/Src/stm32f4xx_hal.o
                              0xc11dd (size before relaxing)