Archive member included to satisfy reference by file (symbol)

/Applications/STM32CubeIDE.app/Contents/Eclipse/plugins/com.st.stm32cube.ide.mcu.externaltools.gnu-tools-for-stm32.12.3.rel1.macos64_1.0.200.202406191456/tools/bin/../lib/gcc/arm-none-eabi/12.3.1/../../../../arm-none-eabi/lib/thumb/v7e-m+fp/hard/libc_nano.a(libc_a-exit.o)
                              /Applications/STM32CubeIDE.app/Contents/Eclipse/plugins/com.st.stm32cube.ide.mcu.externaltools.gnu-tools-for-stm32.12.3.rel1.macos64_1.0.200.202406191456/tools/bin/../lib/gcc/arm-none-eabi/12.3.1/../../../../arm-none-eabi/lib/thumb/v7e-m+fp/hard/crt0.o (exit)
/Applications/STM32CubeIDE.app/Contents/Eclipse/plugins/com.st.stm32cube.ide.mcu.externaltools.gnu-tools-for-stm32.12.3.rel1.macos64_1.0.200.202406191456/tools/bin/../lib/gcc/arm-none-eabi/12.3.1/../../../../arm-none-eabi/lib/thumb/v7e-m+fp/hard/libc_nano.a(libc_a-malloc.o)
                              ./Middlewares/ST/STM32_USB_Host_Library/Class/CDC/Src/usbh_cdc.o (malloc)
/Applications/STM32CubeIDE.app/Contents/Eclipse/plugins/com.st.stm32cube.ide.mcu.externaltools.gnu-tools-for-stm32.12.3.rel1.macos64_1.0.200.202406191456/tools/bin/../lib/gcc/arm-none-eabi/12.3.1/../../../../arm-none-eabi/lib/thumb/v7e-m+fp/hard/libc_nano.a(libc_a-mallocr.o)
                              /Applications/STM32CubeIDE.app/Contents/Eclipse/plugins/com.st.stm32cube.ide.mcu.externaltools.gnu-tools-for-stm32.12.3.rel1.macos64_1.0.200.202406191456/tools/bin/../lib/gcc/arm-none-eabi/12.3.1/../../../../arm-none-eabi/lib/thumb/v7e-m+fp/hard/libc_nano.a(libc_a-malloc.o) (_malloc_r)
/Applications/STM32CubeIDE.app/Contents/Eclipse/plugins/com.st.stm32cube.ide.mcu.externaltools.gnu-tools-for-stm32.12.3.rel1.macos64_1.0.200.202406191456/tools/bin/../lib/gcc/arm-none-eabi/12.3.1/../../../../arm-none-eabi/lib/thumb/v7e-m+fp/hard/libc_nano.a(libc_a-mlock.o)
                              /Applications/STM32CubeIDE.app/Contents/Eclipse/plugins/com.st.stm32cube.ide.mcu.externaltools.gnu-tools-for-stm32.12.3.rel1.macos64_1.0.200.202406191456/tools/bin/../lib/gcc/arm-none-eabi/12.3.1/../../../../arm-none-eabi/lib/thumb/v7e-m+fp/hard/libc_nano.a(libc_a-mallocr.o) (__malloc_lock)
/Applications/STM32CubeIDE.app/Contents/Eclipse/plugins/com.st.stm32cube.ide.mcu.externaltools.gnu-tools-for-stm32.12.3.rel1.macos64_1.0.200.202406191456/tools/bin/../lib/gcc/arm-none-eabi/12.3.1/../../../../arm-none-eabi/lib/thumb/v7e-m+fp/hard/libc_nano.a(libc_a-findfp.o)
                              /Applications/STM32CubeIDE.app/Contents/Eclipse/plugins/com.st.stm32cube.ide.mcu.externaltools.gnu-tools-for-stm32.12.3.rel1.macos64_1.0.200.202406191456/tools/bin/../lib/gcc/arm-none-eabi/12.3.1/../../../../arm-none-eabi/lib/thumb/v7e-m+fp/hard/libc_nano.a(libc_a-exit.o) (__stdio_exit_handler)
/Applications/STM32CubeIDE.app/Contents/Eclipse/plugins/com.st.stm32cube.ide.mcu.externaltools.gnu-tools-for-stm32.12.3.rel1.macos64_1.0.200.202406191456/tools/bin/../lib/gcc/arm-none-eabi/12.3.1/../../../../arm-none-eabi/lib/thumb/v7e-m+fp/hard/libc_nano.a(libc_a-fwalk.o)
                              /Applications/STM32CubeIDE.app/Contents/Eclipse/plugins/com.st.stm32cube.ide.mcu.externaltools.gnu-tools-for-stm32.12.3.rel1.macos64_1.0.200.202406191456/tools/bin/../lib/gcc/arm-none-eabi/12.3.1/../../../../arm-none-eabi/lib/thumb/v7e-m+fp/hard/libc_nano.a(libc_a-findfp.o) (_fwalk_sglue)
/Applications/STM32CubeIDE.app/Contents/Eclipse/plugins/com.st.stm32cube.ide.mcu.externaltools.gnu-tools-for-stm32.12.3.rel1.macos64_1.0.200.202406191456/tools/bin/../lib/gcc/arm-none-eabi/12.3.1/../../../../arm-none-eabi/lib/thumb/v7e-m+fp/hard/libc_nano.a(libc_a-memset.o)
                              /Applications/STM32CubeIDE.app/Contents/Eclipse/plugins/com.st.stm32cube.ide.mcu.externaltools.gnu-tools-for-stm32.12.3.rel1.macos64_1.0.200.202406191456/tools/bin/../lib/gcc/arm-none-eabi/12.3.1/../../../../arm-none-eabi/lib/thumb/v7e-m+fp/hard/crt0.o (memset)
/Applications/STM32CubeIDE.app/Contents/Eclipse/plugins/com.st.stm32cube.ide.mcu.externaltools.gnu-tools-for-stm32.12.3.rel1.macos64_1.0.200.202406191456/tools/bin/../lib/gcc/arm-none-eabi/12.3.1/../../../../arm-none-eabi/lib/thumb/v7e-m+fp/hard/libc_nano.a(libc_a-impure.o)
                              /Applications/STM32CubeIDE.app/Contents/Eclipse/plugins/com.st.stm32cube.ide.mcu.externaltools.gnu-tools-for-stm32.12.3.rel1.macos64_1.0.200.202406191456/tools/bin/../lib/gcc/arm-none-eabi/12.3.1/../../../../arm-none-eabi/lib/thumb/v7e-m+fp/hard/libc_nano.a(libc_a-malloc.o) (_impure_ptr)
/Applications/STM32CubeIDE.app/Contents/Eclipse/plugins/com.st.stm32cube.ide.mcu.externaltools.gnu-tools-for-stm32.12.3.rel1.macos64_1.0.200.202406191456/tools/bin/../lib/gcc/arm-none-eabi/12.3.1/../../../../arm-none-eabi/lib/thumb/v7e-m+fp/hard/libc_nano.a(libc_a-sbrkr.o)
[...]
Memory Configuration

Name             Origin             Length             Attributes
CCMRAM           0x10000000         0x00010000         xrw
RAM              0x20000000         0x00020000         xrw
FLASH            0x08000000         0x00100000         xr
*default*        0x00000000         0xffffffff

Linker script and memory map

LOAD /Applications/STM32CubeIDE.app/Contents/Eclipse/plugins/com.st.stm32cube.ide.mcu.externaltools.gnu-tools-for-stm32.12.3.rel1.macos64_1.0.200.202406191456/tools/bin/../lib/gcc/arm-none-eabi/12.3.1/thumb/v7e-m+fp/hard/crti.o
LOAD /Applications/STM32CubeIDE.app/Contents/Eclipse/plugins/com.st.stm32cube.ide.mcu.externaltools.gnu-tools-for-stm32.12.3.rel1.macos64_1.0.200.202406191456/tools/bin/../lib/gcc/arm-none-eabi/12.3.1/thumb/v7e-m+fp/hard/crtbegin.o
LOAD /Applications/STM32CubeIDE.app/Contents/Eclipse/plugins/com.st.stm32cube.ide.mcu.externaltools.gnu-tools-for-stm32.12.3.rel1.macos64_1.0.200.202406191456/tools/bin/../lib/gcc/arm-none-eabi/12.3.1/../../../../arm-none-eabi/lib/thumb/v7e-m+fp/hard/crt0.o
LOAD ./Core/Src/ICM20948.o
LOAD ./Core/Src/controller.o
LOAD ./Core/Src/main.o
LOAD ./Core/Src/stm32f4xx_hal_msp.o
LOAD ./Core/Src/stm32f4xx_it.o
LOAD ./Core/Src/syscalls.o
LOAD ./Core/Src/sysmem.o
LOAD ./Core/Src/system_stm32f4xx.o
LOAD ./Core/Startup/startup_stm32f407vgtx.o
LOAD ./Drivers/STM32F4xx_HAL_Driver/Src/stm32f4xx_hal.o
LOAD ./Drivers/STM32F4xx_HAL_Driver/Src/stm32f4xx_hal_cortex.o
LOAD ./Drivers/STM32F4xx_HAL_Driver/Src/stm32f4xx_hal_dma.o
LOAD ./Drivers/STM32F4xx_HAL_Driver/Src/stm32f4xx_hal_dma_ex.o
LOAD ./Drivers/STM32F4xx_HAL_Driver/Src/stm32f4xx_hal_exti.o
LOAD ./Drivers/STM32F4xx_HAL_Driver/Src/stm32f4xx_hal_flash.o
LOAD ./Drivers/STM32F4xx_HAL_Driver/Src/stm32f4xx_hal_flash_ex.o
LOAD ./Drivers/STM32F4xx_HAL_Driver/Src/stm32f4xx_hal_flash_ramfunc.o
LOAD ./Drivers/STM32F4xx_HAL_Driver/Src/stm32f4xx_hal_gpio.o
LOAD ./Drivers/STM32F4xx_HAL_Driver/Src/stm32f4xx_hal_hcd.o
LOAD ./Drivers/STM32F4xx_HAL_Driver/Src/stm32f4xx_hal_i2c.o
LOAD ./Drivers/STM32F4xx_HAL_Driver/Src/stm32f4xx_hal_i2c_ex.o
LOAD ./Drivers/STM32F4xx_HAL_Driver/Src/stm32f4xx_hal_i2s.o
LOAD ./Drivers/STM32F4xx_HAL_Driver/Src/stm32f4xx_hal_i2s_ex.o
LOAD ./Drivers/STM32F4xx_HAL_Driver/Src/stm32f4xx_hal_pwr.o
LOAD ./Drivers/STM32F4xx_HAL_Driver/Src/stm32f4xx_hal_pwr_ex.o
LOAD ./Drivers/STM32F4xx_HAL_Driver/Src/stm32f4xx_hal_rcc.o
LOAD ./Drivers/STM32F4xx_HAL_Driver/Src/stm32f4xx_hal_rcc_ex.o
LOAD ./Drivers/STM32F4xx_HAL_Driver/Src/stm32f4xx_hal_spi.o
LOAD ./Drivers/STM32F4xx_HAL_Driver/Src/stm32f4xx_hal_tim.o
LOAD ./Drivers/STM32F4xx_HAL_Driver/Src/stm32f4xx_hal_tim_ex.o
LOAD ./Drivers/STM32F4xx_HAL_Driver/Src/stm32f4xx_ll_usb.o
LOAD ./Middlewares/ST/STM32_USB_Host_Library/Class/CDC/Src/usbh_cdc.o
LOAD ./Middlewares/ST/STM32_USB_Host_Library/Core/Src/usbh_core.o
LOAD ./Middlewares/ST/STM32_USB_Host_Library/Core/Src/usbh_ctlreq.o
LOAD ./Middlewares/ST/STM32_USB_Host_Library/Core/Src/usbh_ioreq.o
LOAD ./Middlewares/ST/STM32_USB_Host_Library/Core/Src/usbh_pipes.o
LOAD ./USB_HOST/App/usb_host.o
LOAD ./USB_HOST/Target/usbh_conf.o
LOAD ./USB_HOST/Target/usbh_platform.o
START GROUP
LOAD /Applications/STM32CubeIDE.app/Contents/Eclipse/plugins/com.st.stm32cube.ide.mcu.externaltools.gnu-tools-for-stm32.12.3.rel1.macos64_1.0.200.202406191456/tools/bin/../lib/gcc/arm-none-eabi/12.3.1/../../../../arm-none-eabi/lib/thumb/v7e-m+fp/hard/libc_nano.a
LOAD /Applications/STM32CubeIDE.app/Contents/Eclipse/plugins/com.st.stm32cube.ide.mcu.externaltools.gnu-tools-for-stm32.12.3.rel1.macos64_1.0.200.202406191456/tools/bin/../lib/gcc/arm-none-eabi/12.3.1/../../../../arm-none-eabi/lib/thumb/v7e-m+fp/hard/libm.a
END GROUP
START GROUP
LOAD /Applications/STM32CubeIDE.app/Contents/Eclipse/plugins/com.st.stm32cube.ide.mcu.externaltools.gnu-tools-for-stm32.12.3.rel1.macos64_1.0.200.202406191456/tools/bin/../lib/gcc/arm-none-eabi/12.3.1/thumb/v7e-m+fp/hard/libgcc.a
LOAD /Applications/STM32CubeIDE.app/Contents/Eclipse/plugins/com.st.stm32cube.ide.mcu.externaltools.gnu-tools-for-stm32.12.3.rel1.macos64_1.0.200.202406191456/tools/bin/../lib/gcc/arm-none-eabi/12.3.1/../../../../arm-none-eabi/lib/thumb/v7e-m+fp/hard/libc_nano.a
END GROUP
START GROUP
LOAD /Applications/STM32CubeIDE.app/Contents/Eclipse/plugins/com.st.stm32cube.ide.mcu.externaltools.gnu-tools-for-stm32.12.3.rel1.macos64_1.0.200.202406191456/tools/bin/../lib/gcc/arm-none-eabi/12.3.1/thumb/v7e-m+fp/hard/libgcc.a
LOAD /Applications/STM32CubeIDE.app/Contents/Eclipse/plugins/com.st.stm32cube.ide.mcu.externaltools.gnu-tools-for-stm32.12.3.rel1.macos64_1.0.200.202406191456/tools/bin/../lib/gcc/arm-none-eabi/12.3.1/../../../../arm-none-eabi/lib/thumb/v7e-m+fp/hard/libc_nano.a
LOAD /Applications/STM32CubeIDE.app/Contents/Eclipse/plugins/com.st.stm32cube.ide.mcu.externaltools.gnu-tools-for-stm32.12.3.rel1.macos64_1.0.200.202406191456/tools/bin/../lib/gcc/arm-none-eabi/12.3.1/../../../../arm-none-eabi/lib/thumb/v7e-m+fp/hard/libnosys.a
END GROUP
START GROUP
LOAD /Applications/STM32CubeIDE.app/Contents/Eclipse/plugins/com.st.stm32cube.ide.mcu.externaltools.gnu-tools-for-stm32.12.3.rel1.macos64_1.0.200.202406191456/tools/bin/../lib/gcc/arm-none-eabi/12.3.1/thumb/v7e-m+fp/hard/libgcc.a
LOAD /Applications/STM32CubeIDE.app/Contents/Eclipse/plugins/com.st.stm32cube.ide.mcu.externaltools.gnu-tools-for-stm32.12.3.rel1.macos64_1.0.200.202406191456/tools/bin/../lib/gcc/arm-none-eabi/12.3.1/../../../../arm-none-eabi/lib/thumb/v7e-m+fp/hard/libc_nano.a
LOAD /Applications/STM32CubeIDE.app/Contents/Eclipse/plugins/com.st.stm32cube.ide.mcu.externaltools.gnu-tools-for-stm32.12.3.rel1.macos64_1.0.200.202406191456/tools/bin/../lib/gcc/arm-none-eabi/12.3.1/../../../../arm-none-eabi/lib/thumb/v7e-m+fp/hard/libnosys.a
END GROUP
LOAD /Applications/STM32CubeIDE.app/Contents/Eclipse/plugins/com.st.stm32cube.ide.mcu.externaltools.gnu-tools-for-stm32.12.3.rel1.macos64_1.0.200.202406191456/tools/bin/../lib/gcc/arm-none-eabi/12.3.1/thumb/v7e-m+fp/hard/crtend.o
LOAD /Applications/STM32CubeIDE.app/Contents/Eclipse/plugins/com.st.stm32cube.ide.mcu.externaltools.gnu-tools-for-stm32.12.3.rel1.macos64_1.0.200.202406191456/tools/bin/../lib/gcc/arm-none-eabi/12.3.1/thumb/v7e-m+fp/hard/crtn.o
                0x20020000                        _estack = (ORIGIN (RAM) + LENGTH (RAM))
                0x00000200                        _Min_Heap_Size = 0x200
                0x00000400                        _Min_Stack_Size = 0x400

.isr_vector     0x08000000      0x188
                0x08000000                        . = ALIGN (0x4)
 *(.isr_vector)
 .isr_vector    0x08000000      0x188 ./Core/Startup/startup_stm32f407vgtx.o
                0x08000000                g_pfnVectors
                0x08000188                        . = ALIGN (0x4)

.text           0x08000188     0x98ec
                0x08000188                        . = ALIGN (0x4)
 *(.text)
 .text          0x08000188       0x40 /Applications/STM32CubeIDE.app/Contents/Eclipse/plugins/com.st.stm32cube.ide.mcu.externaltools.gnu-tools-for-stm32.12.3.rel1.macos64_1.0.200.202406191456/tools/bin/../lib/gcc/arm-none-eabi/12.3.1/thumb/v7e-m+fp/hard/crtbegin.o
 .text          0x080001c8       0x30 /Applications/STM32CubeIDE.app/Contents/Eclipse/plugins/com.st.stm32cube.ide.mcu.externaltools.gnu-tools-for-stm32.12.3.rel1.macos64_1.0.200.202406191456/tools/bin/../lib/gcc/arm-none-eabi/12.3.1/thumb/v7e-m+fp/hard/libgcc.a(_aeabi_uldivmod.o)
                0x080001c8                __aeabi_uldivmod
 .text          0x080001f8      0x2bc /Applications/STM32CubeIDE.app/Contents/Eclipse/plugins/com.st.stm32cube.ide.mcu.externaltools.gnu-tools-for-stm32.12.3.rel1.macos64_1.0.200.202406191456/tools/bin/../lib/gcc/arm-none-eabi/12.3.1/thumb/v7e-m+fp/hard/libgcc.a(_udivmoddi4.o)
                0x080001f8                __udivmoddi4
 .text          0x080004b4        0x4 /Applications/STM32CubeIDE.app/Contents/Eclipse/plugins/com.st.stm32cube.ide.mcu.externaltools.gnu-tools-for-stm32.12.3.rel1.macos64_1.0.200.202406191456/tools/bin/../lib/gcc/arm-none-eabi/12.3.1/thumb/v7e-m+fp/hard/libgcc.a(_dvmd_tls.o)
                0x080004b4                __aeabi_ldiv0
                0x080004b4                __aeabi_idiv0
 *(.text*)
 .text.icm20948_who_am_i
                0x080004b8       0x40 ./Core/Src/ICM20948.o
                0x080004b8                icm20948_who_am_i
 .text.icm20948_device_reset
                0x080004f8       0x3c ./Core/Src/ICM20948.o
                0x080004f8                icm20948_device_reset
 .text.check_System_Status_Action
                0x08000534       0xc4 ./Core/Src/controller.o
                0x08000534                check_System_Status_Action
 .text.check_icm20948
                0x080005f8       0x4c ./Core/Src/controller.o
                0x080005f8                check_icm20948
 .text.reset_icm20948
                0x08000644       0x34 ./Core/Src/controller.o
                0x08000644                reset_icm20948
 .text.main     0x08000678       0x48 ./Core/Src/main.o
                0x08000678                main
 .text.SystemClock_Config
                0x080006c0       0xd4 ./Core/Src/main.o
                0x080006c0                SystemClock_Config
 .text.MX_I2C1_Init
                0x08000794       0x5c ./Core/Src/main.o
 .text.MX_I2S3_Init
                0x080007f0       0x60 ./Core/Src/main.o
 .text.MX_SPI1_Init
                0x08000850       0x6c ./Core/Src/main.o
 .text.MX_GPIO_Init
                0x080008bc      0x1fc ./Core/Src/main.o
 .text.Error_Handler
                0x08000ab8        0xc ./Core/Src/main.o
                0x08000ab8                Error_Handler
 .text.HAL_MspInit
                0x08000ac4       0x50 ./Core/Src/stm32f4xx_hal_msp.o
                0x08000ac4                HAL_MspInit
 .text.HAL_I2C_MspInit
                0x08000b14       0x90 ./Core/Src/stm32f4xx_hal_msp.o
                0x08000b14                HAL_I2C_MspInit
 .text.HAL_I2S_MspInit
                0x08000ba4      0x100 ./Core/Src/stm32f4xx_hal_msp.o
                0x08000ba4                HAL_I2S_MspInit
 .text.HAL_SPI_MspInit
                0x08000ca4       0x90 ./Core/Src/stm32f4xx_hal_msp.o
                0x08000ca4                HAL_SPI_MspInit
 .text.NMI_Handler
                0x08000d34        0x8 ./Core/Src/stm32f4xx_it.o
                0x08000d34                NMI_Handler
 .text.HardFault_Handler
                0x08000d3c        0x8 ./Core/Src/stm32f4xx_it.o
                0x08000d3c                HardFault_Handler
 .text.MemManage_Handler
                0x08000d44        0x8 ./Core/Src/stm32f4xx_it.o
                0x08000d44                MemManage_Handler
 .text.BusFault_Handler
                0x08000d4c        0x8 ./Core/Src/stm32f4xx_it.o
                0x08000d4c                BusFault_Handler
 .text.UsageFault_Handler
                0x08000d54        0x8 ./Core/Src/stm32f4xx_it.o
                0x08000d54                UsageFault_Handler
 .text.SVC_Handler
                0x08000d5c        0xe ./Core/Src/stm32f4xx_it.o
                0x08000d5c                SVC_Handler
 .text.DebugMon_Handler
                0x08000d6a        0xe ./Core/Src/stm32f4xx_it.o
                0x08000d6a                DebugMon_Handler
 .text.PendSV_Handler
                0x08000d78        0xe ./Core/Src/stm32f4xx_it.o
                0x08000d78                PendSV_Handler
 .text.SysTick_Handler
                0x08000d86        0xc ./Core/Src/stm32f4xx_it.o
                0x08000d86                SysTick_Handler
 *fill*         0x08000d92        0x2 
 .text.OTG_FS_IRQHandler
                0x08000d94       0x14 ./Core/Src/stm32f4xx_it.o
                0x08000d94                OTG_FS_IRQHandler
 .text._sbrk    0x08000da8       0x6c ./Core/Src/sysmem.o
                0x08000da8                _sbrk
 .text.SystemInit
                0x08000e14       0x24 ./Core/Src/system_stm32f4xx.o
                0x08000e14                SystemInit
 .text.Reset_Handler
                0x08000e38       0x50 ./Core/Startup/startup_stm32f407vgtx.o
                0x08000e38                Reset_Handler
 .text.Default_Handler
                0x08000e88        0x2 ./Core/Startup/startup_stm32f407vgtx.o
                0x08000e88                DMA1_Stream3_IRQHandler
                0x08000e88                HASH_RNG_IRQHandler
                0x08000e88                EXTI2_IRQHandler
                0x08000e88                TIM8_CC_IRQHandler
                0x08000e88                TIM1_CC_IRQHandler
                0x08000e88                DMA2_Stream5_IRQHandler
                0x08000e88                DMA1_Stream5_IRQHandler
                0x08000e88                PVD_IRQHandler
                0x08000e88                SDIO_IRQHandler
                0x08000e88                TAMP_STAMP_IRQHandler
                0x08000e88                CAN2_RX1_IRQHandler
                0x08000e88                EXTI3_IRQHandler
                0x08000e88                TIM8_TRG_COM_TIM14_IRQHandler
                0x08000e88                TIM1_UP_TIM10_IRQHandler
                0x08000e88                TIM8_UP_TIM13_IRQHandler
                0x08000e88                I2C3_ER_IRQHandler
                0x08000e88                EXTI0_IRQHandler
                0x08000e88                I2C2_EV_IRQHandler
                0x08000e88                DMA1_Stream2_IRQHandler
                0x08000e88                CAN1_RX0_IRQHandler
                0x08000e88                FPU_IRQHandler
                0x08000e88                OTG_HS_WKUP_IRQHandler
                0x08000e88                CAN2_SCE_IRQHandler
                0x08000e88                DMA2_Stream2_IRQHandler
                0x08000e88                SPI1_IRQHandler
                0x08000e88                TIM6_DAC_IRQHandler
                0x08000e88                TIM1_BRK_TIM9_IRQHandler
                0x08000e88                DCMI_IRQHandler
                0x08000e88                CAN2_RX0_IRQHandler
                0x08000e88                DMA2_Stream3_IRQHandler
                0x08000e88                USART6_IRQHandler
                0x08000e88                USART3_IRQHandler
                0x08000e88                CAN1_RX1_IRQHandler
                0x08000e88                UART5_IRQHandler
                0x08000e88                DMA2_Stream0_IRQHandler
                0x08000e88                TIM4_IRQHandler
                0x08000e88                I2C1_EV_IRQHandler
                0x08000e88                DMA1_Stream6_IRQHandler
                0x08000e88                DMA1_Stream1_IRQHandler
                0x08000e88                UART4_IRQHandler
                0x08000e88                TIM3_IRQHandler
                0x08000e88                RCC_IRQHandler
                0x08000e88                TIM8_BRK_TIM12_IRQHandler
                0x08000e88                Default_Handler
                0x08000e88                EXTI15_10_IRQHandler
                0x08000e88                ADC_IRQHandler
                0x08000e88                DMA1_Stream7_IRQHandler
                0x08000e88                TIM7_IRQHandler
                0x08000e88                CAN2_TX_IRQHandler
                0x08000e88                TIM5_IRQHandler
                0x08000e88                DMA2_Stream7_IRQHandler
                0x08000e88                I2C3_EV_IRQHandler
                0x08000e88                EXTI9_5_IRQHandler
                0x08000e88                RTC_WKUP_IRQHandler
                0x08000e88                ETH_WKUP_IRQHandler
                0x08000e88                SPI2_IRQHandler
                0x08000e88                OTG_HS_EP1_IN_IRQHandler
                0x08000e88                DMA1_Stream0_IRQHandler
                0x08000e88                CAN1_TX_IRQHandler
                0x08000e88                EXTI4_IRQHandler
                0x08000e88                FSMC_IRQHandler
                0x08000e88                ETH_IRQHandler
                0x08000e88                OTG_HS_EP1_OUT_IRQHandler
                0x08000e88                WWDG_IRQHandler
                0x08000e88                TIM2_IRQHandler
                0x08000e88                OTG_FS_WKUP_IRQHandler
                0x08000e88                TIM1_TRG_COM_TIM11_IRQHandler
                0x08000e88                OTG_HS_IRQHandler
                0x08000e88                EXTI1_IRQHandler
                0x08000e88                USART2_IRQHandler
                0x08000e88                I2C2_ER_IRQHandler
                0x08000e88                DMA2_Stream1_IRQHandler
                0x08000e88                CAN1_SCE_IRQHandler
                0x08000e88                FLASH_IRQHandler
                0x08000e88                DMA2_Stream4_IRQHandler
                0x08000e88                USART1_IRQHandler
                0x08000e88                SPI3_IRQHandler
                0x08000e88                DMA1_Stream4_IRQHandler
                0x08000e88                I2C1_ER_IRQHandler
                0x08000e88                DMA2_Stream6_IRQHandler
                0x08000e88                RTC_Alarm_IRQHandler
 *fill*         0x08000e8a        0x2 
 .text.HAL_Init
                0x08000e8c       0x44 ./Drivers/STM32F4xx_HAL_Driver/Src/stm32f4xx_hal.o
                0x08000e8c                HAL_Init
 .text.HAL_InitTick
                0x08000ed0       0x60 ./Drivers/STM32F4xx_HAL_Driver/Src/stm32f4xx_hal.o
                0x08000ed0                HAL_InitTick
 .text.HAL_IncTick
                0x08000f30       0x28 ./Drivers/STM32F4xx_HAL_Driver/Src/stm32f4xx_hal.o
                0x08000f30                HAL_IncTick
 .text.HAL_GetTick
                0x08000f58       0x18 ./Drivers/STM32F4xx_HAL_Driver/Src/stm32f4xx_hal.o
                0x08000f58                HAL_GetTick
 .text.HAL_Delay
                0x08000f70       0x48 ./Drivers/STM32F4xx_HAL_Driver/Src/stm32f4xx_hal.o
                0x08000f70                HAL_Delay
 .text.__NVIC_SetPriorityGrouping
                0x08000fb8       0x48 ./Drivers/STM32F4xx_HAL_Driver/Src/stm32f4xx_hal_cortex.o
 .text.__NVIC_GetPriorityGrouping
                0x08001000       0x1c ./Drivers/STM32F4xx_HAL_Driver/Src/stm32f4xx_hal_cortex.o
 .text.__NVIC_EnableIRQ
                0x0800101c       0x3c ./Drivers/STM32F4xx_HAL_Driver/Src/stm32f4xx_hal_cortex.o
 .text.__NVIC_SetPriority
                0x08001058       0x54 ./Drivers/STM32F4xx_HAL_Driver/Src/stm32f4xx_hal_cortex.o
 .text.NVIC_EncodePriority
                0x080010ac       0x66 ./Drivers/STM32F4xx_HAL_Driver/Src/stm32f4xx_hal_cortex.o
 *fill*         0x08001112        0x2 
 .text.SysTick_Config
                0x08001114       0x44 ./Drivers/STM32F4xx_HAL_Driver/Src/stm32f4xx_hal_cortex.o
 .text.HAL_NVIC_SetPriorityGrouping
                0x08001158       0x16 ./Drivers/STM32F4xx_HAL_Driver/Src/stm32f4xx_hal_cortex.o
                0x08001158                HAL_NVIC_SetPriorityGrouping
 .text.HAL_NVIC_SetPriority
                0x0800116e       0x38 ./Drivers/STM32F4xx_HAL_Driver/Src/stm32f4xx_hal_cortex.o
                0x0800116e                HAL_NVIC_SetPriority
 .text.HAL_NVIC_EnableIRQ
                0x080011a6       0x1c ./Drivers/STM32F4xx_HAL_Driver/Src/stm32f4xx_hal_cortex.o
                0x080011a6                HAL_NVIC_EnableIRQ
 .text.HAL_SYSTICK_Config
                0x080011c2       0x18 ./Drivers/STM32F4xx_HAL_Driver/Src/stm32f4xx_hal_cortex.o
                0x080011c2                HAL_SYSTICK_Config
 *fill*         0x080011da        0x2 
 .text.HAL_GPIO_Init
                0x080011dc      0x338 ./Drivers/STM32F4xx_HAL_Driver/Src/stm32f4xx_hal_gpio.o
                0x080011dc                HAL_GPIO_Init
 .text.HAL_GPIO_WritePin
                0x08001514       0x32 ./Drivers/STM32F4xx_HAL_Driver/Src/stm32f4xx_hal_gpio.o
                0x08001514                HAL_GPIO_WritePin
 .text.HAL_HCD_Init
                0x08001546       0xce ./Drivers/STM32F4xx_HAL_Driver/Src/stm32f4xx_hal_hcd.o
                0x08001546                HAL_HCD_Init
 .text.HAL_HCD_HC_Init
                0x08001614      0x170 ./Drivers/STM32F4xx_HAL_Driver/Src/stm32f4xx_hal_hcd.o
                0x08001614                HAL_HCD_HC_Init
 .text.HAL_HCD_HC_Halt
                0x08001784       0x46 ./Drivers/STM32F4xx_HAL_Driver/Src/stm32f4xx_hal_hcd.o
                0x08001784                HAL_HCD_HC_Halt
 *fill*         0x080017ca        0x2 
 .text.HAL_HCD_HC_SubmitRequest
                0x080017cc      0x33c ./Drivers/STM32F4xx_HAL_Driver/Src/stm32f4xx_hal_hcd.o
                0x080017cc                HAL_HCD_HC_SubmitRequest
 .text.HAL_HCD_IRQHandler
                0x08001b08      0x220 ./Drivers/STM32F4xx_HAL_Driver/Src/stm32f4xx_hal_hcd.o
                0x08001b08                HAL_HCD_IRQHandler
 .text.HAL_HCD_Start
                0x08001d28       0x46 ./Drivers/STM32F4xx_HAL_Driver/Src/stm32f4xx_hal_hcd.o
                0x08001d28                HAL_HCD_Start
 .text.HAL_HCD_Stop
                0x08001d6e       0x3a ./Drivers/STM32F4xx_HAL_Driver/Src/stm32f4xx_hal_hcd.o
                0x08001d6e                HAL_HCD_Stop
 .text.HAL_HCD_ResetPort
                0x08001da8       0x1c ./Drivers/STM32F4xx_HAL_Driver/Src/stm32f4xx_hal_hcd.o
                0x08001da8                HAL_HCD_ResetPort
 .text.HAL_HCD_HC_GetURBState
                0x08001dc4       0x2a ./Drivers/STM32F4xx_HAL_Driver/Src/stm32f4xx_hal_hcd.o
                0x08001dc4                HAL_HCD_HC_GetURBState
 .text.HAL_HCD_HC_GetXferCount
                0x08001dee       0x2a ./Drivers/STM32F4xx_HAL_Driver/Src/stm32f4xx_hal_hcd.o
                0x08001dee                HAL_HCD_HC_GetXferCount
 .text.HAL_HCD_GetCurrentFrame
                0x08001e18       0x1c ./Drivers/STM32F4xx_HAL_Driver/Src/stm32f4xx_hal_hcd.o
                0x08001e18                HAL_HCD_GetCurrentFrame
 .text.HAL_HCD_GetCurrentSpeed
                0x08001e34       0x1c ./Drivers/STM32F4xx_HAL_Driver/Src/stm32f4xx_hal_hcd.o
                0x08001e34                HAL_HCD_GetCurrentSpeed
 .text.HAL_HCD_HC_ClearHubInfo
                0x08001e50       0x6a ./Drivers/STM32F4xx_HAL_Driver/Src/stm32f4xx_hal_hcd.o
                0x08001e50                HAL_HCD_HC_ClearHubInfo
 .text.HCD_HC_IN_IRQHandler
                0x08001eba      0xcd2 ./Drivers/STM32F4xx_HAL_Driver/Src/stm32f4xx_hal_hcd.o
 .text.HCD_HC_OUT_IRQHandler
                0x08002b8c      0x97e ./Drivers/STM32F4xx_HAL_Driver/Src/stm32f4xx_hal_hcd.o
 .text.HCD_RXQLVL_IRQHandler
                0x0800350a      0x1be ./Drivers/STM32F4xx_HAL_Driver/Src/stm32f4xx_hal_hcd.o
 .text.HCD_Port_IRQHandler
                0x080036c8       0xe6 ./Drivers/STM32F4xx_HAL_Driver/Src/stm32f4xx_hal_hcd.o
 *fill*         0x080037ae        0x2 
 .text.HAL_I2C_Init
                0x080037b0      0x288 ./Drivers/STM32F4xx_HAL_Driver/Src/stm32f4xx_hal_i2c.o
                0x080037b0                HAL_I2C_Init
 .text.HAL_I2C_Mem_Write
                0x08003a38      0x1f4 ./Drivers/STM32F4xx_HAL_Driver/Src/stm32f4xx_hal_i2c.o
                0x08003a38                HAL_I2C_Mem_Write
 .text.HAL_I2C_Mem_Read
                0x08003c2c      0x464 ./Drivers/STM32F4xx_HAL_Driver/Src/stm32f4xx_hal_i2c.o
                0x08003c2c                HAL_I2C_Mem_Read
 .text.I2C_RequestMemoryWrite
                0x08004090      0x12c ./Drivers/STM32F4xx_HAL_Driver/Src/stm32f4xx_hal_i2c.o
 .text.I2C_RequestMemoryRead
                0x080041bc      0x1d0 ./Drivers/STM32F4xx_HAL_Driver/Src/stm32f4xx_hal_i2c.o
 .text.I2C_WaitOnFlagUntilTimeout
                0x0800438c       0xf4 ./Drivers/STM32F4xx_HAL_Driver/Src/stm32f4xx_hal_i2c.o
 .text.I2C_WaitOnMasterAddressFlagUntilTimeout
                0x08004480      0x140 ./Drivers/STM32F4xx_HAL_Driver/Src/stm32f4xx_hal_i2c.o
 .text.I2C_WaitOnTXEFlagUntilTimeout
                0x080045c0       0x90 ./Drivers/STM32F4xx_HAL_Driver/Src/stm32f4xx_hal_i2c.o
 .text.I2C_WaitOnBTFFlagUntilTimeout
                0x08004650       0x90 ./Drivers/STM32F4xx_HAL_Driver/Src/stm32f4xx_hal_i2c.o
 .text.I2C_WaitOnRXNEFlagUntilTimeout
                0x080046e0       0xba ./Drivers/STM32F4xx_HAL_Driver/Src/stm32f4xx_hal_i2c.o
 .text.I2C_IsAcknowledgeFailed
                0x0800479a       0x5e ./Drivers/STM32F4xx_HAL_Driver/Src/stm32f4xx_hal_i2c.o
 .text.HAL_I2S_Init
                0x080047f8      0x280 ./Drivers/STM32F4xx_HAL_Driver/Src/stm32f4xx_hal_i2s.o
                0x080047f8                HAL_I2S_Init
 .text.HAL_I2S_TxCpltCallback
                0x08004a78       0x14 ./Drivers/STM32F4xx_HAL_Driver/Src/stm32f4xx_hal_i2s.o
                0x08004a78                HAL_I2S_TxCpltCallback
 .text.HAL_I2S_RxCpltCallback
                0x08004a8c       0x14 ./Drivers/STM32F4xx_HAL_Driver/Src/stm32f4xx_hal_i2s.o
                0x08004a8c                HAL_I2S_RxCpltCallback
 .text.HAL_I2S_ErrorCallback
                0x08004aa0       0x14 ./Drivers/STM32F4xx_HAL_Driver/Src/stm32f4xx_hal_i2s.o
                0x08004aa0                HAL_I2S_ErrorCallback
 .text.I2S_Transmit_IT
                0x08004ab4       0x5c ./Drivers/STM32F4xx_HAL_Driver/Src/stm32f4xx_hal_i2s.o
 .text.I2S_Receive_IT
                0x08004b10       0x5e ./Drivers/STM32F4xx_HAL_Driver/Src/stm32f4xx_hal_i2s.o
 .text.I2S_IRQHandler
                0x08004b6e      0x114 ./Drivers/STM32F4xx_HAL_Driver/Src/stm32f4xx_hal_i2s.o
 *fill*         0x08004c82        0x2 
 .text.HAL_I2SEx_FullDuplex_IRQHandler
                0x08004c84      0x2a8 ./Drivers/STM32F4xx_HAL_Driver/Src/stm32f4xx_hal_i2s_ex.o
                0x08004c84                HAL_I2SEx_FullDuplex_IRQHandler
 .text.HAL_I2SEx_TxRxCpltCallback
                0x08004f2c       0x14 ./Drivers/STM32F4xx_HAL_Driver/Src/stm32f4xx_hal_i2s_ex.o
                0x08004f2c                HAL_I2SEx_TxRxCpltCallback
 .text.I2SEx_TxISR_I2S
                0x08004f40       0x62 ./Drivers/STM32F4xx_HAL_Driver/Src/stm32f4xx_hal_i2s_ex.o
 *fill*         0x08004fa2        0x2 
 .text.I2SEx_TxISR_I2SExt
                0x08004fa4       0x98 ./Drivers/STM32F4xx_HAL_Driver/Src/stm32f4xx_hal_i2s_ex.o
 .text.I2SEx_RxISR_I2S
                0x0800503c       0x64 ./Drivers/STM32F4xx_HAL_Driver/Src/stm32f4xx_hal_i2s_ex.o
 .text.I2SEx_RxISR_I2SExt
                0x080050a0       0x98 ./Drivers/STM32F4xx_HAL_Driver/Src/stm32f4xx_hal_i2s_ex.o
 .text.HAL_RCC_OscConfig
                0x08005138      0x4f0 ./Drivers/STM32F4xx_HAL_Driver/Src/stm32f4xx_hal_rcc.o
                0x08005138                HAL_RCC_OscConfig
 .text.HAL_RCC_ClockConfig
                0x08005628      0x1cc ./Drivers/STM32F4xx_HAL_Driver/Src/stm32f4xx_hal_rcc.o
                0x08005628                HAL_RCC_ClockConfig
 .text.HAL_RCC_GetSysClockFreq
                0x080057f4      0x20c ./Drivers/STM32F4xx_HAL_Driver/Src/stm32f4xx_hal_rcc.o
                0x080057f4                HAL_RCC_GetSysClockFreq
 .text.HAL_RCC_GetHCLKFreq
                0x08005a00       0x18 ./Drivers/STM32F4xx_HAL_Driver/Src/stm32f4xx_hal_rcc.o
                0x08005a00                HAL_RCC_GetHCLKFreq
 .text.HAL_RCC_GetPCLK1Freq
                0x08005a18       0x28 ./Drivers/STM32F4xx_HAL_Driver/Src/stm32f4xx_hal_rcc.o
                0x08005a18                HAL_RCC_GetPCLK1Freq
 .text.HAL_RCCEx_PeriphCLKConfig
                0x08005a40      0x1c4 ./Drivers/STM32F4xx_HAL_Driver/Src/stm32f4xx_hal_rcc_ex.o
                0x08005a40                HAL_RCCEx_PeriphCLKConfig
 .text.HAL_RCCEx_GetPeriphCLKFreq
                0x08005c04       0xc0 ./Drivers/STM32F4xx_HAL_Driver/Src/stm32f4xx_hal_rcc_ex.o
                0x08005c04                HAL_RCCEx_GetPeriphCLKFreq
 .text.HAL_SPI_Init
                0x08005cc4      0x112 ./Drivers/STM32F4xx_HAL_Driver/Src/stm32f4xx_hal_spi.o
                0x08005cc4                HAL_SPI_Init
 .text.USB_CoreInit
                0x08005dd6       0xc8 ./Drivers/STM32F4xx_HAL_Driver/Src/stm32f4xx_ll_usb.o
                0x08005dd6                USB_CoreInit
 .text.USB_EnableGlobalInt
                0x08005e9e       0x22 ./Drivers/STM32F4xx_HAL_Driver/Src/stm32f4xx_ll_usb.o
                0x08005e9e                USB_EnableGlobalInt
 .text.USB_DisableGlobalInt
                0x08005ec0       0x22 ./Drivers/STM32F4xx_HAL_Driver/Src/stm32f4xx_ll_usb.o
                0x08005ec0                USB_DisableGlobalInt
 .text.USB_SetCurrentMode
                0x08005ee2       0x98 ./Drivers/STM32F4xx_HAL_Driver/Src/stm32f4xx_ll_usb.o
                0x08005ee2                USB_SetCurrentMode
 .text.USB_FlushTxFifo
                0x08005f7a       0x64 ./Drivers/STM32F4xx_HAL_Driver/Src/stm32f4xx_ll_usb.o
                0x08005f7a                USB_FlushTxFifo
 .text.USB_FlushRxFifo
                0x08005fde       0x5c ./Drivers/STM32F4xx_HAL_Driver/Src/stm32f4xx_ll_usb.o
                0x08005fde                USB_FlushRxFifo
 .text.USB_WritePacket
                0x0800603a       0x7c ./Drivers/STM32F4xx_HAL_Driver/Src/stm32f4xx_ll_usb.o
                0x0800603a                USB_WritePacket
 .text.USB_ReadPacket
                0x080060b6       0xb0 ./Drivers/STM32F4xx_HAL_Driver/Src/stm32f4xx_ll_usb.o
                0x080060b6                USB_ReadPacket
 .text.USB_ReadInterrupts
                0x08006166       0x26 ./Drivers/STM32F4xx_HAL_Driver/Src/stm32f4xx_ll_usb.o
                0x08006166                USB_ReadInterrupts
 .text.USB_ReadChInterrupts
                0x0800618c       0x42 ./Drivers/STM32F4xx_HAL_Driver/Src/stm32f4xx_ll_usb.o
                0x0800618c                USB_ReadChInterrupts
 .text.USB_GetMode
                0x080061ce       0x1c ./Drivers/STM32F4xx_HAL_Driver/Src/stm32f4xx_ll_usb.o
                0x080061ce                USB_GetMode
 .text.USB_CoreReset
                0x080061ea       0x62 ./Drivers/STM32F4xx_HAL_Driver/Src/stm32f4xx_ll_usb.o
 .text.USB_HostInit
                0x0800624c      0x188 ./Drivers/STM32F4xx_HAL_Driver/Src/stm32f4xx_ll_usb.o
                0x0800624c                USB_HostInit
 .text.USB_InitFSLSPClkSel
                0x080063d4       0x7a ./Drivers/STM32F4xx_HAL_Driver/Src/stm32f4xx_ll_usb.o
                0x080063d4                USB_InitFSLSPClkSel
 .text.USB_ResetPort
                0x0800644e       0x54 ./Drivers/STM32F4xx_HAL_Driver/Src/stm32f4xx_ll_usb.o
                0x0800644e                USB_ResetPort
 .text.USB_DriveVbus
                0x080064a2       0x72 ./Drivers/STM32F4xx_HAL_Driver/Src/stm32f4xx_ll_usb.o
                0x080064a2                USB_DriveVbus
 .text.USB_GetHostSpeed
                0x08006514       0x2e ./Drivers/STM32F4xx_HAL_Driver/Src/stm32f4xx_ll_usb.o
                0x08006514                USB_GetHostSpeed
 .text.USB_GetCurrentFrame
                0x08006542       0x22 ./Drivers/STM32F4xx_HAL_Driver/Src/stm32f4xx_ll_usb.o
                0x08006542                USB_GetCurrentFrame
 .text.USB_HC_Init
                0x08006564      0x258 ./Drivers/STM32F4xx_HAL_Driver/Src/stm32f4xx_ll_usb.o
                0x08006564                USB_HC_Init
 .text.USB_HC_StartXfer
                0x080067bc      0x4f4 ./Drivers/STM32F4xx_HAL_Driver/Src/stm32f4xx_ll_usb.o
                0x080067bc                USB_HC_StartXfer
 .text.USB_HC_ReadInterrupt
                0x08006cb0       0x22 ./Drivers/STM32F4xx_HAL_Driver/Src/stm32f4xx_ll_usb.o
                0x08006cb0                USB_HC_ReadInterrupt
 .text.USB_HC_Halt
                0x08006cd2      0x240 ./Drivers/STM32F4xx_HAL_Driver/Src/stm32f4xx_ll_usb.o
                0x08006cd2                USB_HC_Halt
 *fill*         0x08006f12        0x2 
 .text.USB_DoPing
                0x08006f14       0x78 ./Drivers/STM32F4xx_HAL_Driver/Src/stm32f4xx_ll_usb.o
                0x08006f14                USB_DoPing
 .text.USB_StopHost
                0x08006f8c      0x124 ./Drivers/STM32F4xx_HAL_Driver/Src/stm32f4xx_ll_usb.o
                0x08006f8c                USB_StopHost
 .text.USBH_CDC_InterfaceInit
                0x080070b0      0x2ac ./Middlewares/ST/STM32_USB_Host_Library/Class/CDC/Src/usbh_cdc.o
 .text.USBH_CDC_InterfaceDeInit
                0x0800735c       0xb2 ./Middlewares/ST/STM32_USB_Host_Library/Class/CDC/Src/usbh_cdc.o
 .text.USBH_CDC_ClassRequest
                0x0800740e       0x3e ./Middlewares/ST/STM32_USB_Host_Library/Class/CDC/Src/usbh_cdc.o
 .text.USBH_CDC_Process
                0x0800744c      0x12c ./Middlewares/ST/STM32_USB_Host_Library/Class/CDC/Src/usbh_cdc.o
 .text.USBH_CDC_SOFProcess
                0x08007578       0x16 ./Middlewares/ST/STM32_USB_Host_Library/Class/CDC/Src/usbh_cdc.o
 .text.GetLineCoding
                0x0800758e       0x3e ./Middlewares/ST/STM32_USB_Host_Library/Class/CDC/Src/usbh_cdc.o
 .text.SetLineCoding
                0x080075cc       0x3e ./Middlewares/ST/STM32_USB_Host_Library/Class/CDC/Src/usbh_cdc.o
 .text.CDC_ProcessTransmission
                0x0800760a       0xec ./Middlewares/ST/STM32_USB_Host_Library/Class/CDC/Src/usbh_cdc.o
 .text.CDC_ProcessReception
                0x080076f6       0xb6 ./Middlewares/ST/STM32_USB_Host_Library/Class/CDC/Src/usbh_cdc.o
 .text.USBH_CDC_TransmitCallback
                0x080077ac       0x14 ./Middlewares/ST/STM32_USB_Host_Library/Class/CDC/Src/usbh_cdc.o
                0x080077ac                USBH_CDC_TransmitCallback
 .text.USBH_CDC_ReceiveCallback
                0x080077c0       0x14 ./Middlewares/ST/STM32_USB_Host_Library/Class/CDC/Src/usbh_cdc.o
                0x080077c0                USBH_CDC_ReceiveCallback
 .text.USBH_CDC_LineCodingChanged
                0x080077d4       0x14 ./Middlewares/ST/STM32_USB_Host_Library/Class/CDC/Src/usbh_cdc.o
                0x080077d4                USBH_CDC_LineCodingChanged
 .text.USBH_Init
                0x080077e8       0x74 ./Middlewares/ST/STM32_USB_Host_Library/Core/Src/usbh_core.o
                0x080077e8                USBH_Init
 .text.DeInitStateMachine
                0x0800785c       0xe6 ./Middlewares/ST/STM32_USB_Host_Library/Core/Src/usbh_core.o
 .text.USBH_RegisterClass
                0x08007942       0x54 ./Middlewares/ST/STM32_USB_Host_Library/Core/Src/usbh_core.o
                0x08007942                USBH_RegisterClass
 .text.USBH_SelectInterface
                0x08007996       0x38 ./Middlewares/ST/STM32_USB_Host_Library/Core/Src/usbh_core.o
                0x08007996                USBH_SelectInterface
 .text.USBH_FindInterface
                0x080079ce       0x8c ./Middlewares/ST/STM32_USB_Host_Library/Core/Src/usbh_core.o
                0x080079ce                USBH_FindInterface
 .text.USBH_Start
                0x08007a5a       0x20 ./Middlewares/ST/STM32_USB_Host_Library/Core/Src/usbh_core.o
                0x08007a5a                USBH_Start
 *fill*         0x08007a7a        0x2 
 .text.USBH_Process
                0x08007a7c      0x3d0 ./Middlewares/ST/STM32_USB_Host_Library/Core/Src/usbh_core.o
                0x08007a7c                USBH_Process
 .text.USBH_HandleEnum
                0x08007e4c      0x3c0 ./Middlewares/ST/STM32_USB_Host_Library/Core/Src/usbh_core.o
 .text.USBH_LL_SetTimer
                0x0800820c       0x1e ./Middlewares/ST/STM32_USB_Host_Library/Core/Src/usbh_core.o
                0x0800820c                USBH_LL_SetTimer
 .text.USBH_LL_IncTimer
                0x0800822a       0x24 ./Middlewares/ST/STM32_USB_Host_Library/Core/Src/usbh_core.o
                0x0800822a                USBH_LL_IncTimer
 .text.USBH_HandleSof
                0x0800824e       0x30 ./Middlewares/ST/STM32_USB_Host_Library/Core/Src/usbh_core.o
 .text.USBH_LL_PortEnabled
                0x0800827e       0x1c ./Middlewares/ST/STM32_USB_Host_Library/Core/Src/usbh_core.o
                0x0800827e                USBH_LL_PortEnabled
 .text.USBH_LL_PortDisabled
                0x0800829a       0x1c ./Middlewares/ST/STM32_USB_Host_Library/Core/Src/usbh_core.o
                0x0800829a                USBH_LL_PortDisabled
 .text.USBH_LL_Connect
                0x080082b6       0x2e ./Middlewares/ST/STM32_USB_Host_Library/Core/Src/usbh_core.o
                0x080082b6                USBH_LL_Connect
 .text.USBH_LL_Disconnect
                0x080082e4       0x48 ./Middlewares/ST/STM32_USB_Host_Library/Core/Src/usbh_core.o
                0x080082e4                USBH_LL_Disconnect
 .text.USBH_Get_DevDesc
                0x0800832c       0x58 ./Middlewares/ST/STM32_USB_Host_Library/Core/Src/usbh_ctlreq.o
                0x0800832c                USBH_Get_DevDesc
 .text.USBH_Get_CfgDesc
                0x08008384       0x54 ./Middlewares/ST/STM32_USB_Host_Library/Core/Src/usbh_ctlreq.o
                0x08008384                USBH_Get_CfgDesc
 .text.USBH_Get_StringDesc
                0x080083d8       0x68 ./Middlewares/ST/STM32_USB_Host_Library/Core/Src/usbh_ctlreq.o
                0x080083d8                USBH_Get_StringDesc
 .text.USBH_GetDescriptor
                0x08008440       0x6a ./Middlewares/ST/STM32_USB_Host_Library/Core/Src/usbh_ctlreq.o
                0x08008440                USBH_GetDescriptor
 .text.USBH_SetAddress
                0x080084aa       0x48 ./Middlewares/ST/STM32_USB_Host_Library/Core/Src/usbh_ctlreq.o
                0x080084aa                USBH_SetAddress
 .text.USBH_SetCfg
                0x080084f2       0x46 ./Middlewares/ST/STM32_USB_Host_Library/Core/Src/usbh_ctlreq.o
                0x080084f2                USBH_SetCfg
 .text.USBH_SetFeature
                0x08008538       0x48 ./Middlewares/ST/STM32_USB_Host_Library/Core/Src/usbh_ctlreq.o
                0x08008538                USBH_SetFeature
 .text.USBH_ClrFeature
                0x08008580       0x48 ./Middlewares/ST/STM32_USB_Host_Library/Core/Src/usbh_ctlreq.o
                0x08008580                USBH_ClrFeature
 .text.USBH_ParseDevDesc
                0x080085c8      0x160 ./Middlewares/ST/STM32_USB_Host_Library/Core/Src/usbh_ctlreq.o
 .text.USBH_ParseCfgDesc
                0x08008728      0x1f0 ./Middlewares/ST/STM32_USB_Host_Library/Core/Src/usbh_ctlreq.o
 .text.USBH_ParseInterfaceDesc
                0x08008918       0x68 ./Middlewares/ST/STM32_USB_Host_Library/Core/Src/usbh_ctlreq.o
 .text.USBH_ParseEPDesc
                0x08008980      0x1d0 ./Middlewares/ST/STM32_USB_Host_Library/Core/Src/usbh_ctlreq.o
 .text.USBH_ParseStringDesc
                0x08008b50       0x66 ./Middlewares/ST/STM32_USB_Host_Library/Core/Src/usbh_ctlreq.o
 .text.USBH_GetNextDesc
                0x08008bb6       0x34 ./Middlewares/ST/STM32_USB_Host_Library/Core/Src/usbh_ctlreq.o
                0x08008bb6                USBH_GetNextDesc
 .text.USBH_CtlReq
                0x08008bea       0x7a ./Middlewares/ST/STM32_USB_Host_Library/Core/Src/usbh_ctlreq.o
                0x08008bea                USBH_CtlReq
 .text.USBH_HandleControl
                0x08008c64      0x2e8 ./Middlewares/ST/STM32_USB_Host_Library/Core/Src/usbh_ctlreq.o
 .text.USBH_CtlSendSetup
                0x08008f4c       0x34 ./Middlewares/ST/STM32_USB_Host_Library/Core/Src/usbh_ioreq.o
                0x08008f4c                USBH_CtlSendSetup
 .text.USBH_CtlSendData
                0x08008f80       0x4a ./Middlewares/ST/STM32_USB_Host_Library/Core/Src/usbh_ioreq.o
                0x08008f80                USBH_CtlSendData
 .text.USBH_CtlReceiveData
                0x08008fca       0x3c ./Middlewares/ST/STM32_USB_Host_Library/Core/Src/usbh_ioreq.o
                0x08008fca                USBH_CtlReceiveData
 .text.USBH_BulkSendData
                0x08009006       0x4a ./Middlewares/ST/STM32_USB_Host_Library/Core/Src/usbh_ioreq.o
                0x08009006                USBH_BulkSendData
 .text.USBH_BulkReceiveData
                0x08009050       0x3c ./Middlewares/ST/STM32_USB_Host_Library/Core/Src/usbh_ioreq.o
                0x08009050                USBH_BulkReceiveData
 .text.USBH_OpenPipe
                0x0800908c       0x3e ./Middlewares/ST/STM32_USB_Host_Library/Core/Src/usbh_pipes.o
                0x0800908c                USBH_OpenPipe
 .text.USBH_ClosePipe
                0x080090ca       0x20 ./Middlewares/ST/STM32_USB_Host_Library/Core/Src/usbh_pipes.o
                0x080090ca                USBH_ClosePipe
 .text.USBH_AllocPipe
                0x080090ea       0x42 ./Middlewares/ST/STM32_USB_Host_Library/Core/Src/usbh_pipes.o
                0x080090ea                USBH_AllocPipe
 .text.USBH_FreePipe
                0x0800912c       0x3c ./Middlewares/ST/STM32_USB_Host_Library/Core/Src/usbh_pipes.o
                0x0800912c                USBH_FreePipe
 .text.USBH_GetFreePipe
                0x08009168       0x48 ./Middlewares/ST/STM32_USB_Host_Library/Core/Src/usbh_pipes.o
 .text.MX_USB_HOST_Init
                0x080091b0       0x4c ./USB_HOST/App/usb_host.o
                0x080091b0                MX_USB_HOST_Init
 .text.MX_USB_HOST_Process
                0x080091fc       0x14 ./USB_HOST/App/usb_host.o
                0x080091fc                MX_USB_HOST_Process
 .text.USBH_UserProcess
                0x08009210       0x5c ./USB_HOST/App/usb_host.o
 .text.HAL_HCD_MspInit
                0x0800926c       0xc4 ./USB_HOST/Target/usbh_conf.o
                0x0800926c                HAL_HCD_MspInit
 .text.HAL_HCD_SOF_Callback
                0x08009330       0x1c ./USB_HOST/Target/usbh_conf.o
                0x08009330                HAL_HCD_SOF_Callback
 .text.HAL_HCD_Connect_Callback
                0x0800934c       0x1c ./USB_HOST/Target/usbh_conf.o
                0x0800934c                HAL_HCD_Connect_Callback
 .text.HAL_HCD_Disconnect_Callback
                0x08009368       0x1c ./USB_HOST/Target/usbh_conf.o
                0x08009368                HAL_HCD_Disconnect_Callback
 .text.HAL_HCD_HC_NotifyURBChange_Callback
                0x08009384       0x1c ./USB_HOST/Target/usbh_conf.o
                0x08009384                HAL_HCD_HC_NotifyURBChange_Callback
 .text.HAL_HCD_PortEnabled_Callback
                0x080093a0       0x1c ./USB_HOST/Target/usbh_conf.o
                0x080093a0                HAL_HCD_PortEnabled_Callback
 .text.HAL_HCD_PortDisabled_Callback
                0x080093bc       0x1c ./USB_HOST/Target/usbh_conf.o
                0x080093bc                HAL_HCD_PortDisabled_Callback
 .text.USBH_LL_Init
                0x080093d8       0x78 ./USB_HOST/Target/usbh_conf.o
                0x080093d8                USBH_LL_Init
 .text.USBH_LL_Start
                0x08009450       0x36 ./USB_HOST/Target/usbh_conf.o
                0x08009450                USBH_LL_Start
 .text.USBH_LL_Stop
                0x08009486       0x36 ./USB_HOST/Target/usbh_conf.o
                0x08009486                USBH_LL_Stop
 .text.USBH_LL_GetSpeed
                0x080094bc       0x4e ./USB_HOST/Target/usbh_conf.o
                0x080094bc                USBH_LL_GetSpeed
 .text.USBH_LL_ResetPort
                0x0800950a       0x36 ./USB_HOST/Target/usbh_conf.o
                0x0800950a                USBH_LL_ResetPort
 .text.USBH_LL_GetLastXferSize
                0x08009540       0x26 ./USB_HOST/Target/usbh_conf.o
                0x08009540                USBH_LL_GetLastXferSize
 .text.USBH_LL_OpenPipe
                0x08009566       0x5e ./USB_HOST/Target/usbh_conf.o
                0x08009566                USBH_LL_OpenPipe
 .text.USBH_LL_ClosePipe
                0x080095c4       0x3e ./USB_HOST/Target/usbh_conf.o
                0x080095c4                USBH_LL_ClosePipe
 .text.USBH_LL_SubmitURB
                0x08009602       0x62 ./USB_HOST/Target/usbh_conf.o
                0x08009602                USBH_LL_SubmitURB
 .text.USBH_LL_GetURBState
                0x08009664       0x26 ./USB_HOST/Target/usbh_conf.o
                0x08009664                USBH_LL_GetURBState
 .text.USBH_LL_DriverVBUS
                0x0800968a       0x2e ./USB_HOST/Target/usbh_conf.o
                0x0800968a                USBH_LL_DriverVBUS
 .text.USBH_LL_SetToggle
                0x080096b8       0x66 ./USB_HOST/Target/usbh_conf.o
                0x080096b8                USBH_LL_SetToggle
 .text.USBH_Delay
                0x0800971e       0x16 ./USB_HOST/Target/usbh_conf.o
                0x0800971e                USBH_Delay
 .text.USBH_Get_USB_Status
                0x08009734       0x58 ./USB_HOST/Target/usbh_conf.o
                0x08009734                USBH_Get_USB_Status
 .text.MX_DriverVbusFS
                0x0800978c       0x38 ./USB_HOST/Target/usbh_platform.o
                0x0800978c                MX_DriverVbusFS
 .text.malloc   0x080097c4       0x10 /Applications/STM32CubeIDE.app/Contents/Eclipse/plugins/com.st.stm32cube.ide.mcu.externaltools.gnu-tools-for-stm32.12.3.rel1.macos64_1.0.200.202406191456/tools/bin/../lib/gcc/arm-none-eabi/12.3.1/../../../../arm-none-eabi/lib/thumb/v7e-m+fp/hard/libc_nano.a(libc_a-malloc.o)
                0x080097c4                malloc
 .text.free     0x080097d4       0x10 /Applications/STM32CubeIDE.app/Contents/Eclipse/plugins/com.st.stm32cube.ide.mcu.externaltools.gnu-tools-for-stm32.12.3.rel1.macos64_1.0.200.202406191456/tools/bin/../lib/gcc/arm-none-eabi/12.3.1/../../../../arm-none-eabi/lib/thumb/v7e-m+fp/hard/libc_nano.a(libc_a-malloc.o)
                0x080097d4                free
 .text.sbrk_aligned
                0x080097e4       0x44 /Applications/STM32CubeIDE.app/Contents/Eclipse/plugins/com.st.stm32cube.ide.mcu.externaltools.gnu-tools-for-stm32.12.3.rel1.macos64_1.0.200.202406191456/tools/bin/../lib/gcc/arm-none-eabi/12.3.1/../../../../arm-none-eabi/lib/thumb/v7e-m+fp/hard/libc_nano.a(libc_a-mallocr.o)
 .text._malloc_r
                0x08009828      0x100 /Applications/STM32CubeIDE.app/Contents/Eclipse/plugins/com.st.stm32cube.ide.mcu.externaltools.gnu-tools-for-stm32.12.3.rel1.macos64_1.0.200.202406191456/tools/bin/../lib/gcc/arm-none-eabi/12.3.1/../../../../arm-none-eabi/lib/thumb/v7e-m+fp/hard/libc_nano.a(libc_a-mallocr.o)
                0x08009828                _malloc_r
 .text.__malloc_lock
                0x08009928        0xc /Applications/STM32CubeIDE.app/Contents/Eclipse/plugins/com.st.stm32cube.ide.mcu.externaltools.gnu-tools-for-stm32.12.3.rel1.macos64_1.0.200.202406191456/tools/bin/../lib/gcc/arm-none-eabi/12.3.1/../../../../arm-none-eabi/lib/thumb/v7e-m+fp/hard/libc_nano.a(libc_a-mlock.o)
                0x08009928                __malloc_lock
 .text.__malloc_unlock
                0x08009934        0xc /Applications/STM32CubeIDE.app/Contents/Eclipse/plugins/com.st.stm32cube.ide.mcu.externaltools.gnu-tools-for-stm32.12.3.rel1.macos64_1.0.200.202406191456/tools/bin/../lib/gcc/arm-none-eabi/12.3.1/../../../../arm-none-eabi/lib/thumb/v7e-m+fp/hard/libc_nano.a(libc_a-mlock.o)
                0x08009934                __malloc_unlock
 .text.memset   0x08009940       0x10 /Applications/STM32CubeIDE.app/Contents/Eclipse/plugins/com.st.stm32cube.ide.mcu.externaltools.gnu-tools-for-stm32.12.3.rel1.macos64_1.0.200.202406191456/tools/bin/../lib/gcc/arm-none-eabi/12.3.1/../../../../arm-none-eabi/lib/thumb/v7e-m+fp/hard/libc_nano.a(libc_a-memset.o)
                0x08009940                memset
 .text._sbrk_r  0x08009950       0x20 /Applications/STM32CubeIDE.app/Contents/Eclipse/plugins/com.st.stm32cube.ide.mcu.externaltools.gnu-tools-for-stm32.12.3.rel1.macos64_1.0.200.202406191456/tools/bin/../lib/gcc/arm-none-eabi/12.3.1/../../../../arm-none-eabi/lib/thumb/v7e-m+fp/hard/libc_nano.a(libc_a-sbrkr.o)
                0x08009950                _sbrk_r
 .text.__errno  0x08009970        0xc /Applications/STM32CubeIDE.app/Contents/Eclipse/plugins/com.st.stm32cube.ide.mcu.externaltools.gnu-tools-for-stm32.12.3.rel1.macos64_1.0.200.202406191456/tools/bin/../lib/gcc/arm-none-eabi/12.3.1/../../../../arm-none-eabi/lib/thumb/v7e-m+fp/hard/libc_nano.a(libc_a-errno.o)
                0x08009970                __errno
 .text.__libc_init_array
                0x0800997c       0x48 /Applications/STM32CubeIDE.app/Contents/Eclipse/plugins/com.st.stm32cube.ide.mcu.externaltools.gnu-tools-for-stm32.12.3.rel1.macos64_1.0.200.202406191456/tools/bin/../lib/gcc/arm-none-eabi/12.3.1/../../../../arm-none-eabi/lib/thumb/v7e-m+fp/hard/libc_nano.a(libc_a-init.o)
                0x0800997c                __libc_init_array
 .text.__retarget_lock_acquire_recursive
                0x080099c4        0x2 /Applications/STM32CubeIDE.app/Contents/Eclipse/plugins/com.st.stm32cube.ide.mcu.externaltools.gnu-tools-for-stm32.12.3.rel1.macos64_1.0.200.202406191456/tools/bin/../lib/gcc/arm-none-eabi/12.3.1/../../../../arm-none-eabi/lib/thumb/v7e-m+fp/hard/libc_nano.a(libc_a-lock.o)
                0x080099c4                __retarget_lock_acquire_recursive
 .text.__retarget_lock_release_recursive
                0x080099c6        0x2 /Applications/STM32CubeIDE.app/Contents/Eclipse/plugins/com.st.stm32cube.ide.mcu.externaltools.gnu-tools-for-stm32.12.3.rel1.macos64_1.0.200.202406191456/tools/bin/../lib/gcc/arm-none-eabi/12.3.1/../../../../arm-none-eabi/lib/thumb/v7e-m+fp/hard/libc_nano.a(libc_a-lock.o)
                0x080099c6                __retarget_lock_release_recursive
 .text._free_r  0x080099c8       0x94 /Applications/STM32CubeIDE.app/Contents/Eclipse/plugins/com.st.stm32cube.ide.mcu.externaltools.gnu-tools-for-stm32.12.3.rel1.macos64_1.0.200.202406191456/tools/bin/../lib/gcc/arm-none-eabi/12.3.1/../../../../arm-none-eabi/lib/thumb/v7e-m+fp/hard/libc_nano.a(libc_a-freer.o)
                0x080099c8                _free_r
 *(.glue_7)
 .glue_7        0x08009a5c        0x0 linker stubs
 *(.glue_7t)
 .glue_7t       0x08009a5c        0x0 linker stubs
 *(.eh_frame)
 .eh_frame      0x08009a5c        0x0 /Applications/STM32CubeIDE.app/Contents/Eclipse/plugins/com.st.stm32cube.ide.mcu.externaltools.gnu-tools-for-stm32.12.3.rel1.macos64_1.0.200.202406191456/tools/bin/../lib/gcc/arm-none-eabi/12.3.1/thumb/v7e-m+fp/hard/crtbegin.o
 *(.init)
 .init          0x08009a5c        0x4 /Applications/STM32CubeIDE.app/Contents/Eclipse/plugins/com.st.stm32cube.ide.mcu.externaltools.gnu-tools-for-stm32.12.3.rel1.macos64_1.0.200.202406191456/tools/bin/../lib/gcc/arm-none-eabi/12.3.1/thumb/v7e-m+fp/hard/crti.o
                0x08009a5c                _init
 .init          0x08009a60        0x8 /Applications/STM32CubeIDE.app/Contents/Eclipse/plugins/com.st.stm32cube.ide.mcu.externaltools.gnu-tools-for-stm32.12.3.rel1.macos64_1.0.200.202406191456/tools/bin/../lib/gcc/arm-none-eabi/12.3.1/thumb/v7e-m+fp/hard/crtn.o
 *(.fini)
 .fini          0x08009a68        0x4 /Applications/STM32CubeIDE.app/Contents/Eclipse/plugins/com.st.stm32cube.ide.mcu.externaltools.gnu-tools-for-stm32.12.3.rel1.macos64_1.0.200.202406191456/tools/bin/../lib/gcc/arm-none-eabi/12.3.1/thumb/v7e-m+fp/hard/crti.o
                0x08009a68                _fini
 .fini          0x08009a6c        0x8 /Applications/STM32CubeIDE.app/Contents/Eclipse/plugins/com.st.stm32cube.ide.mcu.externaltools.gnu-tools-for-stm32.12.3.rel1.macos64_1.0.200.202406191456/tools/bin/../lib/gcc/arm-none-eabi/12.3.1/thumb/v7e-m+fp/hard/crtn.o
                0x08009a74                        . = ALIGN (0x4)
                0x08009a74                        _etext = .

.vfp11_veneer   0x08009a74        0x0
 .vfp11_veneer  0x08009a74        0x0 linker stubs

.v4_bx          0x08009a74        0x0
 .v4_bx         0x08009a74        0x0 linker stubs

.iplt           0x08009a74        0x0
 .iplt          0x08009a74        0x0 /Applications/STM32CubeIDE.app/Contents/Eclipse/plugins/com.st.stm32cube.ide.mcu.externaltools.gnu-tools-for-stm32.12.3.rel1.macos64_1.0.200.202406191456/tools/bin/../lib/gcc/arm-none-eabi/12.3.1/thumb/v7e-m+fp/hard/crtbegin.o

.rodata         0x08009a74       0x1c
                0x08009a74                        . = ALIGN (0x4)
 *(.rodata)
 .rodata        0x08009a74        0x4 ./Middlewares/ST/STM32_USB_Host_Library/Class/CDC/Src/usbh_cdc.o
 *(.rodata*)
 .rodata.AHBPrescTable
                0x08009a78       0x10 ./Core/Src/system_stm32f4xx.o
                0x08009a78                AHBPrescTable
 .rodata.APBPrescTable
                0x08009a88        0x8 ./Core/Src/system_stm32f4xx.o
                0x08009a88                APBPrescTable
                0x08009a90                        . = ALIGN (0x4)

.ARM.extab      0x08009a90        0x0
                0x08009a90                        . = ALIGN (0x4)
 *(.ARM.extab* .gnu.linkonce.armextab.*)
                0x08009a90                        . = ALIGN (0x4)

.ARM            0x08009a90        0x8
                0x08009a90                        . = ALIGN (0x4)
                0x08009a90                        __exidx_start = .
 *(.ARM.exidx*)
 .ARM.exidx     0x08009a90        0x8 /Applications/STM32CubeIDE.app/Contents/Eclipse/plugins/com.st.stm32cube.ide.mcu.externaltools.gnu-tools-for-stm32.12.3.rel1.macos64_1.0.200.202406191456/tools/bin/../lib/gcc/arm-none-eabi/12.3.1/thumb/v7e-m+fp/hard/libgcc.a(_udivmoddi4.o)
                0x08009a98                        __exidx_end = .
                0x08009a98                        . = ALIGN (0x4)

.preinit_array  0x08009a98        0x0
                0x08009a98                        . = ALIGN (0x4)
                0x08009a98                        PROVIDE (__preinit_array_start = .)
 *(.preinit_array*)
                0x08009a98                        PROVIDE (__preinit_array_end = .)
                0x08009a98                        . = ALIGN (0x4)

.init_array     0x08009a98        0x4
                0x08009a98                        . = ALIGN (0x4)
                0x08009a98                        PROVIDE (__init_array_start = .)
 *(SORT_BY_NAME(.init_array.*))
 *(.init_array*)
 .init_array    0x08009a98        0x4 /Applications/STM32CubeIDE.app/Contents/Eclipse/plugins/com.st.stm32cube.ide.mcu.externaltools.gnu-tools-for-stm32.12.3.rel1.macos64_1.0.200.202406191456/tools/bin/../lib/gcc/arm-none-eabi/12.3.1/thumb/v7e-m+fp/hard/crtbegin.o
                0x08009a9c                        PROVIDE (__init_array_end = .)
                0x08009a9c                        . = ALIGN (0x4)

.fini_array     0x08009a9c        0x4
                0x08009a9c                        . = ALIGN (0x4)
                [!provide]                        PROVIDE (__fini_array_start = .)
 *(SORT_BY_NAME(.fini_array.*))
 *(.fini_array*)
 .fini_array    0x08009a9c        0x4 /Applications/STM32CubeIDE.app/Contents/Eclipse/plugins/com.st.stm32cube.ide.mcu.externaltools.gnu-tools-for-stm32.12.3.rel1.macos64_1.0.200.202406191456/tools/bin/../lib/gcc/arm-none-eabi/12.3.1/thumb/v7e-m+fp/hard/crtbegin.o
                [!provide]                        PROVIDE (__fini_array_end = .)
                0x08009aa0                        . = ALIGN (0x4)
                0x08009aa0                        _sidata = LOADADDR (.data)

.rel.dyn        0x08009aa0        0x0
 .rel.iplt      0x08009aa0        0x0 /Applications/STM32CubeIDE.app/Contents/Eclipse/plugins/com.st.stm32cube.ide.mcu.externaltools.gnu-tools-for-stm32.12.3.rel1.macos64_1.0.200.202406191456/tools/bin/../lib/gcc/arm-none-eabi/12.3.1/thumb/v7e-m+fp/hard/crtbegin.o

.data           0x20000000       0x7c load address 0x08009aa0
                0x20000000                        . = ALIGN (0x4)
                0x20000000                        _sdata = .
 *(.data)
 *(.data*)
 .data.SystemCoreClock
                0x20000000        0x4 ./Core/Src/system_stm32f4xx.o
                0x20000000                SystemCoreClock
 .data.uwTickPrio
                0x20000004        0x4 ./Drivers/STM32F4xx_HAL_Driver/Src/stm32f4xx_hal.o
                0x20000004                uwTickPrio
 .data.uwTickFreq
                0x20000008        0x1 ./Drivers/STM32F4xx_HAL_Driver/Src/stm32f4xx_hal.o
                0x20000008                uwTickFreq
 *fill*         0x20000009        0x3 
 .data.CDC_Class
                0x2000000c       0x20 ./Middlewares/ST/STM32_USB_Host_Library/Class/CDC/Src/usbh_cdc.o
                0x2000000c                CDC_Class
 .data._impure_ptr
                0x2000002c        0x4 /Applications/STM32CubeIDE.app/Contents/Eclipse/plugins/com.st.stm32cube.ide.mcu.externaltools.gnu-tools-for-stm32.12.3.rel1.macos64_1.0.200.202406191456/tools/bin/../lib/gcc/arm-none-eabi/12.3.1/../../../../arm-none-eabi/lib/thumb/v7e-m+fp/hard/libc_nano.a(libc_a-impure.o)
                0x2000002c                _impure_ptr
 .data._impure_data
                0x20000030       0x4c /Applications/STM32CubeIDE.app/Contents/Eclipse/plugins/com.st.stm32cube.ide.mcu.externaltools.gnu-tools-for-stm32.12.3.rel1.macos64_1.0.200.202406191456/tools/bin/../lib/gcc/arm-none-eabi/12.3.1/../../../../arm-none-eabi/lib/thumb/v7e-m+fp/hard/libc_nano.a(libc_a-impure.o)
                0x20000030                _impure_data
 *(.RamFunc)
 *(.RamFunc*)
                0x2000007c                        . = ALIGN (0x4)
                0x2000007c                        _edata = .
                0x08009b1c                        _siccmram = LOADADDR (.ccmram)

.igot.plt       0x2000007c        0x0 load address 0x08009b1c
 .igot.plt      0x2000007c        0x0 /Applications/STM32CubeIDE.app/Contents/Eclipse/plugins/com.st.stm32cube.ide.mcu.externaltools.gnu-tools-for-stm32.12.3.rel1.macos64_1.0.200.202406191456/tools/bin/../lib/gcc/arm-none-eabi/12.3.1/thumb/v7e-m+fp/hard/crtbegin.o

.ccmram         0x10000000        0x0 load address 0x08009b1c
                0x10000000                        . = ALIGN (0x4)
                0x10000000                        _sccmram = .
 *(.ccmram)
 *(.ccmram*)
                0x10000000                        . = ALIGN (0x4)
                0x10000000                        _eccmram = .
                0x10000000                        . = ALIGN (0x4)

.bss            0x2000007c      0xa20
                0x2000007c                        _sbss = .
                0x2000007c                        __bss_start__ = _sbss
 *(.bss)
 .bss           0x2000007c       0x1c /Applications/STM32CubeIDE.app/Contents/Eclipse/plugins/com.st.stm32cube.ide.mcu.externaltools.gnu-tools-for-stm32.12.3.rel1.macos64_1.0.200.202406191456/tools/bin/../lib/gcc/arm-none-eabi/12.3.1/thumb/v7e-m+fp/hard/crtbegin.o
 *(.bss*)
 .bss.hi2c1     0x20000098       0x54 ./Core/Src/main.o
                0x20000098                hi2c1
 .bss.hi2s3     0x200000ec       0x48 ./Core/Src/main.o
                0x200000ec                hi2s3
 .bss.hspi1     0x20000134       0x58 ./Core/Src/main.o
                0x20000134                hspi1
 .bss.controller
                0x2000018c        0x1 ./Core/Src/main.o
                0x2000018c                controller
 *fill*         0x2000018d        0x3 
 .bss.__sbrk_heap_end
                0x20000190        0x4 ./Core/Src/sysmem.o
 .bss.uwTick    0x20000194        0x4 ./Drivers/STM32F4xx_HAL_Driver/Src/stm32f4xx_hal.o
                0x20000194                uwTick
 .bss.hUsbHostFS
                0x20000198      0x3d8 ./USB_HOST/App/usb_host.o
                0x20000198                hUsbHostFS
 .bss.Appli_state
                0x20000570        0x1 ./USB_HOST/App/usb_host.o
                0x20000570                Appli_state
 *fill*         0x20000571        0x3 
 .bss.hhcd_USB_OTG_FS
                0x20000574      0x3e0 ./USB_HOST/Target/usbh_conf.o
                0x20000574                hhcd_USB_OTG_FS
 .bss.__malloc_sbrk_start
                0x20000954        0x4 /Applications/STM32CubeIDE.app/Contents/Eclipse/plugins/com.st.stm32cube.ide.mcu.externaltools.gnu-tools-for-stm32.12.3.rel1.macos64_1.0.200.202406191456/tools/bin/../lib/gcc/arm-none-eabi/12.3.1/../../../../arm-none-eabi/lib/thumb/v7e-m+fp/hard/libc_nano.a(libc_a-mallocr.o)
                0x20000954                __malloc_sbrk_start
 .bss.__malloc_free_list
                0x20000958        0x4 /Applications/STM32CubeIDE.app/Contents/Eclipse/plugins/com.st.stm32cube.ide.mcu.externaltools.gnu-tools-for-stm32.12.3.rel1.macos64_1.0.200.202406191456/tools/bin/../lib/gcc/arm-none-eabi/12.3.1/../../../../arm-none-eabi/lib/thumb/v7e-m+fp/hard/libc_nano.a(libc_a-mallocr.o)
                0x20000958                __malloc_free_list
 .bss.__sf      0x2000095c      0x138 /Applications/STM32CubeIDE.app/Contents/Eclipse/plugins/com.st.stm32cube.ide.mcu.externaltools.gnu-tools-for-stm32.12.3.rel1.macos64_1.0.200.202406191456/tools/bin/../lib/gcc/arm-none-eabi/12.3.1/../../../../arm-none-eabi/lib/thumb/v7e-m+fp/hard/libc_nano.a(libc_a-findfp.o)
                0x2000095c                __sf
 .bss.__lock___malloc_recursive_mutex
                0x20000a94        0x1 /Applications/STM32CubeIDE.app/Contents/Eclipse/plugins/com.st.stm32cube.ide.mcu.externaltools.gnu-tools-for-stm32.12.3.rel1.macos64_1.0.200.202406191456/tools/bin/../lib/gcc/arm-none-eabi/12.3.1/../../../../arm-none-eabi/lib/thumb/v7e-m+fp/hard/libc_nano.a(libc_a-lock.o)
                0x20000a94                __lock___malloc_recursive_mutex
 *fill*         0x20000a95        0x3 
 .bss.errno     0x20000a98        0x4 /Applications/STM32CubeIDE.app/Contents/Eclipse/plugins/com.st.stm32cube.ide.mcu.externaltools.gnu-tools-for-stm32.12.3.rel1.macos64_1.0.200.202406191456/tools/bin/../lib/gcc/arm-none-eabi/12.3.1/../../../../arm-none-eabi/lib/thumb/v7e-m+fp/hard/libc_nano.a(libc_a-reent.o)
                0x20000a98                errno
 *(COMMON)
                0x20000a9c                        . = ALIGN (0x4)
                0x20000a9c                        _ebss = .
                0x20000a9c                        __bss_end__ = _ebss

._user_heap_stack
                0x20000a9c      0x604
                0x20000aa0                        . = ALIGN (0x8)
 *fill*         0x20000a9c        0x4 
                [!provide]                        PROVIDE (end = .)
                0x20000aa0                        PROVIDE (_end = .)
                0x20000ca0                        . = (. + _Min_Heap_Size)
 *fill*         0x20000aa0      0x200 
                0x200010a0                        . = (. + _Min_Stack_Size)
 *fill*         0x20000ca0      0x400 
                0x200010a0                        . = ALIGN (0x8)

/DISCARD/
 libc.a(*)
 libm.a(*)
 libgcc.a(*)

.ARM.attributes
                0x00000000       0x30
 *(.ARM.attributes)
 .ARM.attributes
                0x00000000       0x22 /Applications/STM32CubeIDE.app/Contents/Eclipse/plugins/com.st.stm32cube.ide.mcu.externaltools.gnu-tools-for-stm32.12.3.rel1.macos64_1.0.200.202406191456/tools/bin/../lib/gcc/arm-none-eabi/12.3.1/thumb/v7e-m+fp/hard/crti.o
 .ARM.attributes
                0x00000022       0x34 /Applications/STM32CubeIDE.app/Contents/Eclipse/plugins/com.st.stm32cube.ide.mcu.externaltools.gnu-tools-for-stm32.12.3.rel1.macos64_1.0.200.202406191456/tools/bin/../lib/gcc/arm-none-eabi/12.3.1/thumb/v7e-m+fp/hard/crtbegin.o
 .ARM.attributes
                0x00000056       0x34 ./Core/Src/ICM20948.o
 .ARM.attributes
                0x0000008a       0x34 ./Core/Src/controller.o
 .ARM.attributes
                0x000000be       0x34 ./Core/Src/main.o
 .ARM.attributes
                0x000000f2       0x34 ./Core/Src/stm32f4xx_hal_msp.o
 .ARM.attributes
                0x00000126       0x34 ./Core/Src/stm32f4xx_it.o
 .ARM.attributes
                0x0000015a       0x34 ./Core/Src/sysmem.o
 .ARM.attributes
                0x0000018e       0x34 ./Core/Src/system_stm32f4xx.o
 .ARM.attributes
                0x000001c2       0x21 ./Core/Startup/startup_stm32f407vgtx.o
 .ARM.attributes
                0x000001e3       0x34 ./Drivers/STM32F4xx_HAL_Driver/Src/stm32f4xx_hal.o
 .ARM.attributes
                0x00000217       0x34 ./Drivers/STM32F4xx_HAL_Driver/Src/stm32f4xx_hal_cortex.o
 .ARM.attributes
                0x0000024b       0x34 ./Drivers/STM32F4xx_HAL_Driver/Src/stm32f4xx_hal_gpio.o
 .ARM.attributes
                0x0000027f       0x34 ./Drivers/STM32F4xx_HAL_Driver/Src/stm32f4xx_hal_hcd.o
 .ARM.attributes
                0x000002b3       0x34 ./Drivers/STM32F4xx_HAL_Driver/Src/stm32f4xx_hal_i2c.o
 .ARM.attributes
                0x000002e7       0x34 ./Drivers/STM32F4xx_HAL_Driver/Src/stm32f4xx_hal_i2s.o
 .ARM.attributes
                0x0000031b       0x34 ./Drivers/STM32F4xx_HAL_Driver/Src/stm32f4xx_hal_i2s_ex.o
 .ARM.attributes
                0x0000034f       0x34 ./Drivers/STM32F4xx_HAL_Driver/Src/stm32f4xx_hal_rcc.o
 .ARM.attributes
                0x00000383       0x34 ./Drivers/STM32F4xx_HAL_Driver/Src/stm32f4xx_hal_rcc_ex.o
 .ARM.attributes
                0x000003b7       0x34 ./Drivers/STM32F4xx_HAL_Driver/Src/stm32f4xx_hal_spi.o
 .ARM.attributes
                0x000003eb       0x34 ./Drivers/STM32F4xx_HAL_Driver/Src/stm32f4xx_ll_usb.o
 .ARM.attributes
                0x0000041f       0x34 ./Middlewares/ST/STM32_USB_Host_Library/Class/CDC/Src/usbh_cdc.o
 .ARM.attributes
                0x00000453       0x34 ./Middlewares/ST/STM32_USB_Host_Library/Core/Src/usbh_core.o
 .ARM.attributes
                0x00000487       0x34 ./Middlewares/ST/STM32_USB_Host_Library/Core/Src/usbh_ctlreq.o
 .ARM.attributes
                0x000004bb       0x34 ./Middlewares/ST/STM32_USB_Host_Library/Core/Src/usbh_ioreq.o
 .ARM.attributes
                0x000004ef       0x34 ./Middlewares/ST/STM32_USB_Host_Library/Core/Src/usbh_pipes.o
 .ARM.attributes
                0x00000523       0x34 ./USB_HOST/App/usb_host.o
 .ARM.attributes
                0x00000557       0x34 ./USB_HOST/Target/usbh_conf.o
 .ARM.attributes
                0x0000058b       0x34 ./USB_HOST/Target/usbh_platform.o
 .ARM.attributes
                0x000005bf       0x34 /Applications/STM32CubeIDE.app/Contents/Eclipse/plugins/com.st.stm32cube.ide.mcu.externaltools.gnu-tools-for-stm32.12.3.rel1.macos64_1.0.200.202406191456/tools/bin/../lib/gcc/arm-none-eabi/12.3.1/../../../../arm-none-eabi/lib/thumb/v7e-m+fp/hard/libc_nano.a(libc_a-malloc.o)
 .ARM.attributes
                0x000005f3       0x34 /Applications/STM32CubeIDE.app/Contents/Eclipse/plugins/com.st.stm32cube.ide.mcu.externaltools.gnu-tools-for-stm32.12.3.rel1.macos64_1.0.200.202406191456/tools/bin/../lib/gcc/arm-none-eabi/12.3.1/../../../../arm-none-eabi/lib/thumb/v7e-m+fp/hard/libc_nano.a(libc_a-mallocr.o)
 .ARM.attributes
                0x00000627       0x34 /Applications/STM32CubeIDE.app/Contents/Eclipse/plugins/com.st.stm32cube.ide.mcu.externaltools.gnu-tools-for-stm32.12.3.rel1.macos64_1.0.200.202406191456/tools/bin/../lib/gcc/arm-none-eabi/12.3.1/../../../../arm-none-eabi/lib/thumb/v7e-m+fp/hard/libc_nano.a(libc_a-mlock.o)
 .ARM.attributes
                0x0000065b       0x34 /Applications/STM32CubeIDE.app/Contents/Eclipse/plugins/com.st.stm32cube.ide.mcu.externaltools.gnu-tools-for-stm32.12.3.rel1.macos64_1.0.200.202406191456/tools/bin/../lib/gcc/arm-none-eabi/12.3.1/../../../../arm-none-eabi/lib/thumb/v7e-m+fp/hard/libc_nano.a(libc_a-findfp.o)
 .ARM.attributes
                0x0000068f       0x34 /Applications/STM32CubeIDE.app/Contents/Eclipse/plugins/com.st.stm32cube.ide.mcu.externaltools.gnu-tools-for-stm32.12.3.rel1.macos64_1.0.200.202406191456/tools/bin/../lib/gcc/arm-none-eabi/12.3.1/../../../../arm-none-eabi/lib/thumb/v7e-m+fp/hard/libc_nano.a(libc_a-memset.o)
 .ARM.attributes
                0x000006c3       0x34 /Applications/STM32CubeIDE.app/Contents/Eclipse/plugins/com.st.stm32cube.ide.mcu.externaltools.gnu-tools-for-stm32.12.3.rel1.macos64_1.0.200.202406191456/tools/bin/../lib/gcc/arm-none-eabi/12.3.1/../../../../arm-none-eabi/lib/thumb/v7e-m+fp/hard/libc_nano.a(libc_a-impure.o)
 .ARM.attributes
                0x000006f7       0x34 /Applications/STM32CubeIDE.app/Contents/Eclipse/plugins/com.st.stm32cube.ide.mcu.externaltools.gnu-tools-for-stm32.12.3.rel1.macos64_1.0.200.202406191456/tools/bin/../lib/gcc/arm-none-eabi/12.3.1/../../../../arm-none-eabi/lib/thumb/v7e-m+fp/hard/libc_nano.a(libc_a-sbrkr.o)
 .ARM.attributes
                0x0000072b       0x34 /Applications/STM32CubeIDE.app/Contents/Eclipse/plugins/com.st.stm32cube.ide.mcu.externaltools.gnu-tools-for-stm32.12.3.rel1.macos64_1.0.200.202406191456/tools/bin/../lib/gcc/arm-none-eabi/12.3.1/../../../../arm-none-eabi/lib/thumb/v7e-m+fp/hard/libc_nano.a(libc_a-errno.o)
 .ARM.attributes
                0x0000075f       0x34 /Applications/STM32CubeIDE.app/Contents/Eclipse/plugins/com.st.stm32cube.ide.mcu.externaltools.gnu-tools-for-stm32.12.3.rel1.macos64_1.0.200.202406191456/tools/bin/../lib/gcc/arm-none-eabi/12.3.1/../../../../arm-none-eabi/lib/thumb/v7e-m+fp/hard/libc_nano.a(libc_a-init.o)
 .ARM.attributes
                0x00000793       0x34 /Applications/STM32CubeIDE.app/Contents/Eclipse/plugins/com.st.stm32cube.ide.mcu.externaltools.gnu-tools-for-stm32.12.3.rel1.macos64_1.0.200.202406191456/tools/bin/../lib/gcc/arm-none-eabi/12.3.1/../../../../arm-none-eabi/lib/thumb/v7e-m+fp/hard/libc_nano.a(libc_a-lock.o)
 .ARM.attributes
                0x000007c7       0x34 /Applications/STM32CubeIDE.app/Contents/Eclipse/plugins/com.st.stm32cube.ide.mcu.externaltools.gnu-tools-for-stm32.12.3.rel1.macos64_1.0.200.202406191456/tools/bin/../lib/gcc/arm-none-eabi/12.3.1/../../../../arm-none-eabi/lib/thumb/v7e-m+fp/hard/libc_nano.a(libc_a-freer.o)
 .ARM.attributes
                0x000007fb       0x34 /Applications/STM32CubeIDE.app/Contents/Eclipse/plugins/com.st.stm32cube.ide.mcu.externaltools.gnu-tools-for-stm32.12.3.rel1.macos64_1.0.200.202406191456/tools/bin/../lib/gcc/arm-none-eabi/12.3.1/../../../../arm-none-eabi/lib/thumb/v7e-m+fp/hard/libc_nano.a(libc_a-reent.o)
 .ARM.attributes
                0x0000082f       0x22 /Applications/STM32CubeIDE.app/Contents/Eclipse/plugins/com.st.stm32cube.ide.mcu.externaltools.gnu-tools-for-stm32.12.3.rel1.macos64_1.0.200.202406191456/tools/bin/../lib/gcc/arm-none-eabi/12.3.1/thumb/v7e-m+fp/hard/libgcc.a(_aeabi_uldivmod.o)
 .ARM.attributes
                0x00000851       0x34 /Applications/STM32CubeIDE.app/Contents/Eclipse/plugins/com.st.stm32cube.ide.mcu.externaltools.gnu-tools-for-stm32.12.3.rel1.macos64_1.0.200.202406191456/tools/bin/../lib/gcc/arm-none-eabi/12.3.1/thumb/v7e-m+fp/hard/libgcc.a(_udivmoddi4.o)
 .ARM.attributes
                0x00000885       0x22 /Applications/STM32CubeIDE.app/Contents/Eclipse/plugins/com.st.stm32cube.ide.mcu.externaltools.gnu-tools-for-stm32.12.3.rel1.macos64_1.0.200.202406191456/tools/bin/../lib/gcc/arm-none-eabi/12.3.1/thumb/v7e-m+fp/hard/libgcc.a(_dvmd_tls.o)
 .ARM.attributes
                0x000008a7       0x22 /Applications/STM32CubeIDE.app/Contents/Eclipse/plugins/com.st.stm32cube.ide.mcu.externaltools.gnu-tools-for-stm32.12.3.rel1.macos64_1.0.200.202406191456/tools/bin/../lib/gcc/arm-none-eabi/12.3.1/thumb/v7e-m+fp/hard/crtn.o
OUTPUT(ICM20948.elf elf32-littlearm)
LOAD linker stubs
LOAD /Applications/STM32CubeIDE.app/Contents/Eclipse/plugins/com.st.stm32cube.ide.mcu.externaltools.gnu-tools-for-stm32.12.3.rel1.macos64_1.0.200.202406191456/tools/bin/../lib/gcc/arm-none-eabi/12.3.1/../../../../arm-none-eabi/lib/thumb/v7e-m+fp/hard/libc.a
LOAD /Applications/STM32CubeIDE.app/Contents/Eclipse/plugins/com.st.stm32cube.ide.mcu.externaltools.gnu-tools-for-stm32.12.3.rel1.macos64_1.0.200.202406191456/tools/bin/../lib/gcc/arm-none-eabi/12.3.1/../../../../arm-none-eabi/lib/thumb/v7e-m+fp/hard/libm.a
LOAD /Applications/STM32CubeIDE.app/Contents/Eclipse/plugins/com.st.stm32cube.ide.mcu.externaltools.gnu-tools-for-stm32.12.3.rel1.macos64_1.0.200.202406191456/tools/bin/../lib/gcc/arm-none-eabi/12.3.1/thumb/v7e-m+fp/hard/libgcc.a

.debug_info     0x00000000    0x16223
 .debug_info    0x00000000      0xf61 ./Core/Src/ICM20948.o
 .debug_info    0x00000f61      0x871 ./Core/Src/controller.o
 .debug_info    0x000017d2     0x11af ./Core/Src/main.o
 .debug_info    0x00002981      0xfdc ./Core/Src/stm32f4xx_hal_msp.o
 .debug_info    0x0000395d      0x6a5 ./Core/Src/stm32f4xx_it.o
 .debug_info    0x00004002      0x168 ./Core/Src/sysmem.o
 .debug_info    0x0000416a      0x512 ./Core/Src/system_stm32f4xx.o
 .debug_info    0x0000467c       0x30 ./Core/Startup/startup_stm32f407vgtx.o
 .debug_info    0x000046ac      0x944 ./Drivers/STM32F4xx_HAL_Driver/Src/stm32f4xx_hal.o
 .debug_info    0x00004ff0      0xd8c ./Drivers/STM32F4xx_HAL_Driver/Src/stm32f4xx_hal_cortex.o
 .debug_info    0x00005d7c      0x6c3 ./Drivers/STM32F4xx_HAL_Driver/Src/stm32f4xx_hal_gpio.o
 .debug_info    0x0000643f     0x114c ./Drivers/STM32F4xx_HAL_Driver/Src/stm32f4xx_hal_hcd.o
 .debug_info    0x0000758b     0x2415 ./Drivers/STM32F4xx_HAL_Driver/Src/stm32f4xx_hal_i2c.o
 .debug_info    0x000099a0      0xdf8 ./Drivers/STM32F4xx_HAL_Driver/Src/stm32f4xx_hal_i2s.o
 .debug_info    0x0000a798      0xa9f ./Drivers/STM32F4xx_HAL_Driver/Src/stm32f4xx_hal_i2s_ex.o
 .debug_info    0x0000b237      0x8af ./Drivers/STM32F4xx_HAL_Driver/Src/stm32f4xx_hal_rcc.o
 .debug_info    0x0000bae6      0x536 ./Drivers/STM32F4xx_HAL_Driver/Src/stm32f4xx_hal_rcc_ex.o
 .debug_info    0x0000c01c     0x1525 ./Drivers/STM32F4xx_HAL_Driver/Src/stm32f4xx_hal_spi.o
 .debug_info    0x0000d541     0x1993 ./Drivers/STM32F4xx_HAL_Driver/Src/stm32f4xx_ll_usb.o
 .debug_info    0x0000eed4     0x1470 ./Middlewares/ST/STM32_USB_Host_Library/Class/CDC/Src/usbh_cdc.o
 .debug_info    0x00010344      0xfb2 ./Middlewares/ST/STM32_USB_Host_Library/Core/Src/usbh_core.o
 .debug_info    0x000112f6      0xfa6 ./Middlewares/ST/STM32_USB_Host_Library/Core/Src/usbh_ctlreq.o
 .debug_info    0x0001229c      0xc2b ./Middlewares/ST/STM32_USB_Host_Library/Core/Src/usbh_ioreq.o
 .debug_info    0x00012ec7      0xa8e ./Middlewares/ST/STM32_USB_Host_Library/Core/Src/usbh_pipes.o
 .debug_info    0x00013955      0xa10 ./USB_HOST/App/usb_host.o
 .debug_info    0x00014365     0x1ce6 ./USB_HOST/Target/usbh_conf.o
 .debug_info    0x0001604b      0x1d8 ./USB_HOST/Target/usbh_platform.o

.debug_abbrev   0x00000000     0x3c5d
 .debug_abbrev  0x00000000      0x24a ./Core/Src/ICM20948.o
 .debug_abbrev  0x0000024a      0x1a7 ./Core/Src/controller.o
 .debug_abbrev  0x000003f1      0x28f ./Core/Src/main.o
 .debug_abbrev  0x00000680      0x228 ./Core/Src/stm32f4xx_hal_msp.o
 .debug_abbrev  0x000008a8      0x1a4 ./Core/Src/stm32f4xx_it.o
 .debug_abbrev  0x00000a4c       0xbc ./Core/Src/sysmem.o
 .debug_abbrev  0x00000b08      0x11a ./Core/Src/system_stm32f4xx.o
 .debug_abbrev  0x00000c22       0x24 ./Core/Startup/startup_stm32f407vgtx.o
 .debug_abbrev  0x00000c46      0x214 ./Drivers/STM32F4xx_HAL_Driver/Src/stm32f4xx_hal.o
 .debug_abbrev  0x00000e5a      0x31d ./Drivers/STM32F4xx_HAL_Driver/Src/stm32f4xx_hal_cortex.o
 .debug_abbrev  0x00001177      0x1d4 ./Drivers/STM32F4xx_HAL_Driver/Src/stm32f4xx_hal_gpio.o
 .debug_abbrev  0x0000134b      0x296 ./Drivers/STM32F4xx_HAL_Driver/Src/stm32f4xx_hal_hcd.o
 .debug_abbrev  0x000015e1      0x2ad ./Drivers/STM32F4xx_HAL_Driver/Src/stm32f4xx_hal_i2c.o
 .debug_abbrev  0x0000188e      0x256 ./Drivers/STM32F4xx_HAL_Driver/Src/stm32f4xx_hal_i2s.o
 .debug_abbrev  0x00001ae4      0x276 ./Drivers/STM32F4xx_HAL_Driver/Src/stm32f4xx_hal_i2s_ex.o
 .debug_abbrev  0x00001d5a      0x2b7 ./Drivers/STM32F4xx_HAL_Driver/Src/stm32f4xx_hal_rcc.o
 .debug_abbrev  0x00002011      0x1b0 ./Drivers/STM32F4xx_HAL_Driver/Src/stm32f4xx_hal_rcc_ex.o
 .debug_abbrev  0x000021c1      0x27a ./Drivers/STM32F4xx_HAL_Driver/Src/stm32f4xx_hal_spi.o
 .debug_abbrev  0x0000243b      0x2b3 ./Drivers/STM32F4xx_HAL_Driver/Src/stm32f4xx_ll_usb.o
 .debug_abbrev  0x000026ee      0x33c ./Middlewares/ST/STM32_USB_Host_Library/Class/CDC/Src/usbh_cdc.o
 .debug_abbrev  0x00002a2a      0x32a ./Middlewares/ST/STM32_USB_Host_Library/Core/Src/usbh_core.o
 .debug_abbrev  0x00002d54      0x2ff ./Middlewares/ST/STM32_USB_Host_Library/Core/Src/usbh_ctlreq.o
 .debug_abbrev  0x00003053      0x245 ./Middlewares/ST/STM32_USB_Host_Library/Core/Src/usbh_ioreq.o
 .debug_abbrev  0x00003298      0x281 ./Middlewares/ST/STM32_USB_Host_Library/Core/Src/usbh_pipes.o
 .debug_abbrev  0x00003519      0x26e ./USB_HOST/App/usb_host.o
 .debug_abbrev  0x00003787      0x3c2 ./USB_HOST/Target/usbh_conf.o
 .debug_abbrev  0x00003b49      0x114 ./USB_HOST/Target/usbh_platform.o

.debug_aranges  0x00000000     0x1268
 .debug_aranges
                0x00000000       0xf0 ./Core/Src/ICM20948.o
 .debug_aranges
                0x000000f0       0x38 ./Core/Src/controller.o
 .debug_aranges
                0x00000128       0x50 ./Core/Src/main.o
 .debug_aranges
                0x00000178       0x50 ./Core/Src/stm32f4xx_hal_msp.o
 .debug_aranges
                0x000001c8       0x68 ./Core/Src/stm32f4xx_it.o
 .debug_aranges
                0x00000230       0x20 ./Core/Src/sysmem.o
 .debug_aranges
                0x00000250       0x28 ./Core/Src/system_stm32f4xx.o
 .debug_aranges
                0x00000278       0x28 ./Core/Startup/startup_stm32f407vgtx.o
 .debug_aranges
                0x000002a0       0xf0 ./Drivers/STM32F4xx_HAL_Driver/Src/stm32f4xx_hal.o
 .debug_aranges
                0x00000390      0x130 ./Drivers/STM32F4xx_HAL_Driver/Src/stm32f4xx_hal_cortex.o
 .debug_aranges
                0x000004c0       0x58 ./Drivers/STM32F4xx_HAL_Driver/Src/stm32f4xx_hal_gpio.o
 .debug_aranges
                0x00000518      0x108 ./Drivers/STM32F4xx_HAL_Driver/Src/stm32f4xx_hal_hcd.o
 .debug_aranges
                0x00000620      0x2a8 ./Drivers/STM32F4xx_HAL_Driver/Src/stm32f4xx_hal_i2c.o
 .debug_aranges
                0x000008c8      0x108 ./Drivers/STM32F4xx_HAL_Driver/Src/stm32f4xx_hal_i2s.o
 .debug_aranges
                0x000009d0       0x88 ./Drivers/STM32F4xx_HAL_Driver/Src/stm32f4xx_hal_i2s_ex.o
 .debug_aranges
                0x00000a58       0x88 ./Drivers/STM32F4xx_HAL_Driver/Src/stm32f4xx_hal_rcc.o
 .debug_aranges
                0x00000ae0       0x48 ./Drivers/STM32F4xx_HAL_Driver/Src/stm32f4xx_hal_rcc_ex.o
 .debug_aranges
                0x00000b28      0x1d0 ./Drivers/STM32F4xx_HAL_Driver/Src/stm32f4xx_hal_spi.o
 .debug_aranges
                0x00000cf8      0x1a0 ./Drivers/STM32F4xx_HAL_Driver/Src/stm32f4xx_ll_usb.o
 .debug_aranges
                0x00000e98       0xa8 ./Middlewares/ST/STM32_USB_Host_Library/Class/CDC/Src/usbh_cdc.o
 .debug_aranges
                0x00000f40       0xc0 ./Middlewares/ST/STM32_USB_Host_Library/Core/Src/usbh_core.o
 .debug_aranges
                0x00001000       0xa0 ./Middlewares/ST/STM32_USB_Host_Library/Core/Src/usbh_ctlreq.o
 .debug_aranges
                0x000010a0       0x60 ./Middlewares/ST/STM32_USB_Host_Library/Core/Src/usbh_ioreq.o
 .debug_aranges
                0x00001100       0x40 ./Middlewares/ST/STM32_USB_Host_Library/Core/Src/usbh_pipes.o
 .debug_aranges
                0x00001140       0x30 ./USB_HOST/App/usb_host.o
 .debug_aranges
                0x00001170       0xd8 ./USB_HOST/Target/usbh_conf.o
 .debug_aranges
                0x00001248       0x20 ./USB_HOST/Target/usbh_platform.o

.debug_rnglists
                0x00000000      0xdfd
 .debug_rnglists
                0x00000000       0xb8 ./Core/Src/ICM20948.o
 .debug_rnglists
                0x000000b8       0x26 ./Core/Src/controller.o
 .debug_rnglists
                0x000000de       0x39 ./Core/Src/main.o
 .debug_rnglists
                0x00000117       0x3a ./Core/Src/stm32f4xx_hal_msp.o
 .debug_rnglists
                0x00000151       0x49 ./Core/Src/stm32f4xx_it.o
 .debug_rnglists
                0x0000019a       0x13 ./Core/Src/sysmem.o
 .debug_rnglists
                0x000001ad       0x1a ./Core/Src/system_stm32f4xx.o
 .debug_rnglists
                0x000001c7       0x19 ./Core/Startup/startup_stm32f407vgtx.o
 .debug_rnglists
                0x000001e0       0xaf ./Drivers/STM32F4xx_HAL_Driver/Src/stm32f4xx_hal.o
 .debug_rnglists
                0x0000028f       0xe0 ./Drivers/STM32F4xx_HAL_Driver/Src/stm32f4xx_hal_cortex.o
 .debug_rnglists
                0x0000036f       0x3f ./Drivers/STM32F4xx_HAL_Driver/Src/stm32f4xx_hal_gpio.o
 .debug_rnglists
                0x000003ae       0xca ./Drivers/STM32F4xx_HAL_Driver/Src/stm32f4xx_hal_hcd.o
 .debug_rnglists
                0x00000478      0x23c ./Drivers/STM32F4xx_HAL_Driver/Src/stm32f4xx_hal_i2c.o
 .debug_rnglists
                0x000006b4       0xcc ./Drivers/STM32F4xx_HAL_Driver/Src/stm32f4xx_hal_i2s.o
 .debug_rnglists
                0x00000780       0x6a ./Drivers/STM32F4xx_HAL_Driver/Src/stm32f4xx_hal_i2s_ex.o
 .debug_rnglists
                0x000007ea       0x66 ./Drivers/STM32F4xx_HAL_Driver/Src/stm32f4xx_hal_rcc.o
 .debug_rnglists
                0x00000850       0x35 ./Drivers/STM32F4xx_HAL_Driver/Src/stm32f4xx_hal_rcc_ex.o
 .debug_rnglists
                0x00000885      0x16f ./Drivers/STM32F4xx_HAL_Driver/Src/stm32f4xx_hal_spi.o
 .debug_rnglists
                0x000009f4      0x147 ./Drivers/STM32F4xx_HAL_Driver/Src/stm32f4xx_ll_usb.o
 .debug_rnglists
                0x00000b3b       0x7e ./Middlewares/ST/STM32_USB_Host_Library/Class/CDC/Src/usbh_cdc.o
 .debug_rnglists
                0x00000bb9       0x8f ./Middlewares/ST/STM32_USB_Host_Library/Core/Src/usbh_core.o
 .debug_rnglists
                0x00000c48       0x77 ./Middlewares/ST/STM32_USB_Host_Library/Core/Src/usbh_ctlreq.o
 .debug_rnglists
                0x00000cbf       0x43 ./Middlewares/ST/STM32_USB_Host_Library/Core/Src/usbh_ioreq.o
 .debug_rnglists
                0x00000d02       0x2b ./Middlewares/ST/STM32_USB_Host_Library/Core/Src/usbh_pipes.o
 .debug_rnglists
                0x00000d2d       0x1f ./USB_HOST/App/usb_host.o
 .debug_rnglists
                0x00000d4c       0x9e ./USB_HOST/Target/usbh_conf.o
 .debug_rnglists
                0x00000dea       0x13 ./USB_HOST/Target/usbh_platform.o

.debug_macro    0x00000000    0x239e6
 .debug_macro   0x00000000      0x21e ./Core/Src/ICM20948.o
 .debug_macro   0x0000021e      0xab4 ./Core/Src/ICM20948.o
 .debug_macro   0x00000cd2       0x22 ./Core/Src/ICM20948.o
 .debug_macro   0x00000cf4      0x2a7 ./Core/Src/ICM20948.o
 .debug_macro   0x00000f9b       0x2e ./Core/Src/ICM20948.o
 .debug_macro   0x00000fc9       0x2f ./Core/Src/ICM20948.o
 .debug_macro   0x00000ff8       0x22 ./Core/Src/ICM20948.o
 .debug_macro   0x0000101a       0x8e ./Core/Src/ICM20948.o
 .debug_macro   0x000010a8       0x51 ./Core/Src/ICM20948.o
 .debug_macro   0x000010f9      0x103 ./Core/Src/ICM20948.o
 .debug_macro   0x000011fc       0x6a ./Core/Src/ICM20948.o
 .debug_macro   0x00001266      0x1df ./Core/Src/ICM20948.o
 .debug_macro   0x00001445       0x1c ./Core/Src/ICM20948.o
 .debug_macro   0x00001461       0x22 ./Core/Src/ICM20948.o
 .debug_macro   0x00001483       0xfb ./Core/Src/ICM20948.o
 .debug_macro   0x0000157e     0x1011 ./Core/Src/ICM20948.o
 .debug_macro   0x0000258f      0x11f ./Core/Src/ICM20948.o
 .debug_macro   0x000026ae    0x15e97 ./Core/Src/ICM20948.o
 .debug_macro   0x00018545       0x6d ./Core/Src/ICM20948.o
 .debug_macro   0x000185b2     0x369a ./Core/Src/ICM20948.o
 .debug_macro   0x0001bc4c      0x189 ./Core/Src/ICM20948.o
 .debug_macro   0x0001bdd5       0x5c ./Core/Src/ICM20948.o
 .debug_macro   0x0001be31      0x980 ./Core/Src/ICM20948.o
 .debug_macro   0x0001c7b1      0x9e9 ./Core/Src/ICM20948.o
 .debug_macro   0x0001d19a      0x115 ./Core/Src/ICM20948.o
 .debug_macro   0x0001d2af      0x13e ./Core/Src/ICM20948.o
 .debug_macro   0x0001d3ed       0xa5 ./Core/Src/ICM20948.o
 .debug_macro   0x0001d492      0x174 ./Core/Src/ICM20948.o
 .debug_macro   0x0001d606      0x287 ./Core/Src/ICM20948.o
 .debug_macro   0x0001d88d       0x5f ./Core/Src/ICM20948.o
 .debug_macro   0x0001d8ec      0x236 ./Core/Src/ICM20948.o
 .debug_macro   0x0001db22      0x12c ./Core/Src/ICM20948.o
 .debug_macro   0x0001dc4e      0x21e ./Core/Src/ICM20948.o
 .debug_macro   0x0001de6c       0x2e ./Core/Src/ICM20948.o
 .debug_macro   0x0001de9a      0x1b5 ./Core/Src/ICM20948.o
 .debug_macro   0x0001e04f       0xd6 ./Core/Src/ICM20948.o
 .debug_macro   0x0001e125      0x1a7 ./Core/Src/ICM20948.o
 .debug_macro   0x0001e2cc       0x46 ./Core/Src/ICM20948.o
 .debug_macro   0x0001e312       0x4a ./Core/Src/ICM20948.o
 .debug_macro   0x0001e35c      0x127 ./Core/Src/ICM20948.o
 .debug_macro   0x0001e483       0x7e ./Core/Src/ICM20948.o
 .debug_macro   0x0001e501       0x89 ./Core/Src/ICM20948.o
 .debug_macro   0x0001e58a      0x225 ./Core/Src/ICM20948.o
 .debug_macro   0x0001e7af      0x293 ./Core/Src/ICM20948.o
 .debug_macro   0x0001ea42       0x98 ./Core/Src/ICM20948.o
 .debug_macro   0x0001eada      0x12d ./Core/Src/ICM20948.o
 .debug_macro   0x0001ec07      0x105 ./Core/Src/ICM20948.o
 .debug_macro   0x0001ed0c      0x236 ./Core/Src/controller.o
 .debug_macro   0x0001ef42      0x196 ./Core/Src/controller.o
 .debug_macro   0x0001f0d8       0x1c ./Core/Src/controller.o
 .debug_macro   0x0001f0f4      0x24a ./Core/Src/main.o
 .debug_macro   0x0001f33e      0x190 ./Core/Src/main.o
 .debug_macro   0x0001f4ce      0x215 ./Core/Src/stm32f4xx_hal_msp.o
 .debug_macro   0x0001f6e3      0x21f ./Core/Src/stm32f4xx_it.o
 .debug_macro   0x0001f902       0xff ./Core/Src/sysmem.o
 .debug_macro   0x0001fa01      0x23c ./Core/Src/sysmem.o
 .debug_macro   0x0001fc3d      0x206 ./Core/Src/system_stm32f4xx.o
 .debug_macro   0x0001fe43      0x266 ./Drivers/STM32F4xx_HAL_Driver/Src/stm32f4xx_hal.o
 .debug_macro   0x000200a9      0x206 ./Drivers/STM32F4xx_HAL_Driver/Src/stm32f4xx_hal_cortex.o
 .debug_macro   0x000202af      0x20c ./Drivers/STM32F4xx_HAL_Driver/Src/stm32f4xx_hal_gpio.o
 .debug_macro   0x000204bb      0x206 ./Drivers/STM32F4xx_HAL_Driver/Src/stm32f4xx_hal_hcd.o
 .debug_macro   0x000206c1      0x254 ./Drivers/STM32F4xx_HAL_Driver/Src/stm32f4xx_hal_i2c.o
 .debug_macro   0x00020915      0x20e ./Drivers/STM32F4xx_HAL_Driver/Src/stm32f4xx_hal_i2s.o
 .debug_macro   0x00020b23      0x206 ./Drivers/STM32F4xx_HAL_Driver/Src/stm32f4xx_hal_i2s_ex.o
 .debug_macro   0x00020d29      0x22a ./Drivers/STM32F4xx_HAL_Driver/Src/stm32f4xx_hal_rcc.o
 .debug_macro   0x00020f53      0x206 ./Drivers/STM32F4xx_HAL_Driver/Src/stm32f4xx_hal_rcc_ex.o
 .debug_macro   0x00021159      0x215 ./Drivers/STM32F4xx_HAL_Driver/Src/stm32f4xx_hal_spi.o
 .debug_macro   0x0002136e      0x206 ./Drivers/STM32F4xx_HAL_Driver/Src/stm32f4xx_ll_usb.o
 .debug_macro   0x00021574      0x3ad ./Middlewares/ST/STM32_USB_Host_Library/Class/CDC/Src/usbh_cdc.o
 .debug_macro   0x00021921       0x16 ./Middlewares/ST/STM32_USB_Host_Library/Class/CDC/Src/usbh_cdc.o
 .debug_macro   0x00021937       0x9e ./Middlewares/ST/STM32_USB_Host_Library/Class/CDC/Src/usbh_cdc.o
 .debug_macro   0x000219d5      0x10b ./Middlewares/ST/STM32_USB_Host_Library/Class/CDC/Src/usbh_cdc.o
 .debug_macro   0x00021ae0       0x16 ./Middlewares/ST/STM32_USB_Host_Library/Class/CDC/Src/usbh_cdc.o
 .debug_macro   0x00021af6       0x16 ./Middlewares/ST/STM32_USB_Host_Library/Class/CDC/Src/usbh_cdc.o
 .debug_macro   0x00021b0c       0x20 ./Middlewares/ST/STM32_USB_Host_Library/Class/CDC/Src/usbh_cdc.o
 .debug_macro   0x00021b2c       0x56 ./Middlewares/ST/STM32_USB_Host_Library/Class/CDC/Src/usbh_cdc.o
 .debug_macro   0x00021b82       0x73 ./Middlewares/ST/STM32_USB_Host_Library/Class/CDC/Src/usbh_cdc.o
 .debug_macro   0x00021bf5      0x233 ./Middlewares/ST/STM32_USB_Host_Library/Class/CDC/Src/usbh_cdc.o
 .debug_macro   0x00021e28       0x2e ./Middlewares/ST/STM32_USB_Host_Library/Class/CDC/Src/usbh_cdc.o
 .debug_macro   0x00021e56       0x2e ./Middlewares/ST/STM32_USB_Host_Library/Class/CDC/Src/usbh_cdc.o
 .debug_macro   0x00021e84       0x28 ./Middlewares/ST/STM32_USB_Host_Library/Class/CDC/Src/usbh_cdc.o
 .debug_macro   0x00021eac      0x15b ./Middlewares/ST/STM32_USB_Host_Library/Class/CDC/Src/usbh_cdc.o
 .debug_macro   0x00022007      0x3aa ./Middlewares/ST/STM32_USB_Host_Library/Core/Src/usbh_core.o
 .debug_macro   0x000223b1      0x3a2 ./Middlewares/ST/STM32_USB_Host_Library/Core/Src/usbh_ctlreq.o
 .debug_macro   0x00022753       0x28 ./Middlewares/ST/STM32_USB_Host_Library/Core/Src/usbh_ctlreq.o
 .debug_macro   0x0002277b      0x39c ./Middlewares/ST/STM32_USB_Host_Library/Core/Src/usbh_ioreq.o
 .debug_macro   0x00022b17      0x39c ./Middlewares/ST/STM32_USB_Host_Library/Core/Src/usbh_pipes.o
 .debug_macro   0x00022eb3      0x3ab ./USB_HOST/App/usb_host.o
 .debug_macro   0x0002325e       0x61 ./USB_HOST/App/usb_host.o
 .debug_macro   0x000232bf      0x161 ./USB_HOST/App/usb_host.o
 .debug_macro   0x00023420      0x3ac ./USB_HOST/Target/usbh_conf.o
 .debug_macro   0x000237cc      0x21a ./USB_HOST/Target/usbh_platform.o

.debug_line     0x00000000    0x18fd5
 .debug_line    0x00000000      0xc80 ./Core/Src/ICM20948.o
 .debug_line    0x00000c80      0x80a ./Core/Src/controller.o
 .debug_line    0x0000148a      0x965 ./Core/Src/main.o
 .debug_line    0x00001def      0x851 ./Core/Src/stm32f4xx_hal_msp.o
 .debug_line    0x00002640      0x81b ./Core/Src/stm32f4xx_it.o
 .debug_line    0x00002e5b      0x51c ./Core/Src/sysmem.o
 .debug_line    0x00003377      0x7c5 ./Core/Src/system_stm32f4xx.o
 .debug_line    0x00003b3c       0x7a ./Core/Startup/startup_stm32f407vgtx.o
 .debug_line    0x00003bb6      0xa2e ./Drivers/STM32F4xx_HAL_Driver/Src/stm32f4xx_hal.o
 .debug_line    0x000045e4      0xd20 ./Drivers/STM32F4xx_HAL_Driver/Src/stm32f4xx_hal_cortex.o
 .debug_line    0x00005304      0xbba ./Drivers/STM32F4xx_HAL_Driver/Src/stm32f4xx_hal_gpio.o
 .debug_line    0x00005ebe     0x14ef ./Drivers/STM32F4xx_HAL_Driver/Src/stm32f4xx_hal_hcd.o
 .debug_line    0x000073ad     0x3b74 ./Drivers/STM32F4xx_HAL_Driver/Src/stm32f4xx_hal_i2c.o
 .debug_line    0x0000af21     0x1422 ./Drivers/STM32F4xx_HAL_Driver/Src/stm32f4xx_hal_i2s.o
 .debug_line    0x0000c343     0x1457 ./Drivers/STM32F4xx_HAL_Driver/Src/stm32f4xx_hal_i2s_ex.o
 .debug_line    0x0000d79a      0xdb9 ./Drivers/STM32F4xx_HAL_Driver/Src/stm32f4xx_hal_rcc.o
 .debug_line    0x0000e553      0xa42 ./Drivers/STM32F4xx_HAL_Driver/Src/stm32f4xx_hal_rcc_ex.o
 .debug_line    0x0000ef95     0x1d4c ./Drivers/STM32F4xx_HAL_Driver/Src/stm32f4xx_hal_spi.o
 .debug_line    0x00010ce1     0x1e09 ./Drivers/STM32F4xx_HAL_Driver/Src/stm32f4xx_ll_usb.o
 .debug_line    0x00012aea      0xed3 ./Middlewares/ST/STM32_USB_Host_Library/Class/CDC/Src/usbh_cdc.o
 .debug_line    0x000139bd     0x1164 ./Middlewares/ST/STM32_USB_Host_Library/Core/Src/usbh_core.o
 .debug_line    0x00014b21     0x1100 ./Middlewares/ST/STM32_USB_Host_Library/Core/Src/usbh_ctlreq.o
 .debug_line    0x00015c21      0xaa5 ./Middlewares/ST/STM32_USB_Host_Library/Core/Src/usbh_ioreq.o
 .debug_line    0x000166c6      0xa52 ./Middlewares/ST/STM32_USB_Host_Library/Core/Src/usbh_pipes.o
 .debug_line    0x00017118      0xa39 ./USB_HOST/App/usb_host.o
 .debug_line    0x00017b51      0xd11 ./USB_HOST/Target/usbh_conf.o
 .debug_line    0x00018862      0x773 ./USB_HOST/Target/usbh_platform.o

.debug_str      0x00000000    0xcc1d4
 .debug_str     0x00000000    0xc0e46 ./Core/Src/ICM20948.o
                              0xc1168 (size before relaxing)
 .debug_str     0x000c0e46      0x8ad ./Core/Src/controller.o
                              0xc15c7 (size before relaxing)
 .debug_str     0x000c16f3      0x643 ./Core/Src/main.o
                              0xc1bf4 (size before relaxing)
 .debug_str     0x000c1d36      0x15d ./Core/Src/stm32f4xx_hal_msp.o
                              0xc1612 (size before relaxing)
 .debug_str     0x000c1e93      0x4b9 ./Core/Src/stm32f4xx_it.o
                              0xc1062 (size before relaxing)
 .debug_str     0x000c234c     0x2039 ./Core/Src/sysmem.o
                               0x60de (size before relaxing)
 .debug_str     0x000c4385       0xdb ./Core/Src/system_stm32f4xx.o
                              0xc0659 (size before relaxing)
 .debug_str     0x000c4460       0x44 ./Core/Startup/startup_stm32f407vgtx.o
                                 0x91 (size before relaxing)
 .debug_str     0x000c44a4      0xad6 ./Drivers/STM32F4xx_HAL_Driver/Src/stm32f4xx_hal.o
                              0xc11dd (size before relaxing)
 .debug_str     0x000c4f7a      0x388 ./Drivers/STM32F4xx_HAL_Driver/Src/stm32f4xx_hal_cortex.o
                              0xc0f59 (size before relaxing)
 .debug_str     0x000c5302      0x11c ./Drivers/STM32F4xx_HAL_Driver/Src/stm32f4xx_hal_gpio.o
                              0xc07d4 (size before relaxing)
 .debug_str     0x000c541e      0x5e7 ./Drivers/STM32F4xx_HAL_Driver/Src/stm32f4xx_hal_hcd.o
                              0xc0f41 (size before relaxing)
 .debug_str     0x000c5a05      0xb22 ./Drivers/STM32F4xx_HAL_Driver/Src/stm32f4xx_hal_i2c.o
                              0xc1677 (size before relaxing)
 .debug_str     0x000c6527      0x2b8 ./Drivers/STM32F4xx_HAL_Driver/Src/stm32f4xx_hal_i2s.o
                              0xc0c4a (size before relaxing)
 .debug_str     0x000c67df      0x1d1 ./Drivers/STM32F4xx_HAL_Driver/Src/stm32f4xx_hal_i2s_ex.o
                              0xc0b45 (size before relaxing)
 .debug_str     0x000c69b0      0x213 ./Drivers/STM32F4xx_HAL_Driver/Src/stm32f4xx_hal_rcc.o
                              0xc0a8d (size before relaxing)
 .debug_str     0x000c6bc3       0xde ./Drivers/STM32F4xx_HAL_Driver/Src/stm32f4xx_hal_rcc_ex.o
                              0xc07ab (size before relaxing)
 .debug_str     0x000c6ca1      0x52d ./Drivers/STM32F4xx_HAL_Driver/Src/stm32f4xx_hal_spi.o
                              0xc0f17 (size before relaxing)
 .debug_str     0x000c71ce      0x50e ./Drivers/STM32F4xx_HAL_Driver/Src/stm32f4xx_ll_usb.o
                              0xc1012 (size before relaxing)
 .debug_str     0x000c76dc     0x4363 ./Middlewares/ST/STM32_USB_Host_Library/Class/CDC/Src/usbh_cdc.o
                              0xc6b04 (size before relaxing)
 .debug_str     0x000cba3f      0x31b ./Middlewares/ST/STM32_USB_Host_Library/Core/Src/usbh_core.o
                              0xc6023 (size before relaxing)
 .debug_str     0x000cbd5a      0x1db ./Middlewares/ST/STM32_USB_Host_Library/Core/Src/usbh_ctlreq.o
                              0xc5fb9 (size before relaxing)
 .debug_str     0x000cbf35       0xb2 ./Middlewares/ST/STM32_USB_Host_Library/Core/Src/usbh_ioreq.o
                              0xc5dbe (size before relaxing)
 .debug_str     0x000cbfe7       0x80 ./Middlewares/ST/STM32_USB_Host_Library/Core/Src/usbh_pipes.o
                              0xc5d54 (size before relaxing)
 .debug_str     0x000cc067       0xa2 ./USB_HOST/App/usb_host.o
                              0xc645f (size before relaxing)
 .debug_str     0x000cc109       0xa8 ./USB_HOST/Target/usbh_conf.o
                              0xc6cc2 (size before relaxing)
 .debug_str     0x000cc1b1       0x23 ./USB_HOST/Target/usbh_platform.o
                              0xc0568 (size before relaxing)

.comment        0x00000000       0x43
 .comment       0x00000000       0x43 ./Core/Src/ICM20948.o
                                 0x44 (size before relaxing)
 .comment       0x00000043       0x44 ./Core/Src/controller.o
 .comment       0x00000043       0x44 ./Core/Src/main.o